Archive member included to satisfy reference by file (symbol)

c:/program files (x86)/atmel/studio/7.0/toolchain/avr8/avr8-gnu-toolchain/bin/../lib/gcc/avr/4.9.2/../../../../avr/lib/avrxmega7\libm.a(addsf3.o)
                              src/driver/pressure/Pressure.o (__subsf3)
c:/program files (x86)/atmel/studio/7.0/toolchain/avr8/avr8-gnu-toolchain/bin/../lib/gcc/avr/4.9.2/../../../../avr/lib/avrxmega7\libm.a(addsf3x.o)
                              c:/program files (x86)/atmel/studio/7.0/toolchain/avr8/avr8-gnu-toolchain/bin/../lib/gcc/avr/4.9.2/../../../../avr/lib/avrxmega7\libm.a(addsf3.o) (__addsf3x)
c:/program files (x86)/atmel/studio/7.0/toolchain/avr8/avr8-gnu-toolchain/bin/../lib/gcc/avr/4.9.2/../../../../avr/lib/avrxmega7\libm.a(divsf3.o)
                              src/driver/altitude/altitude.o (__divsf3)
c:/program files (x86)/atmel/studio/7.0/toolchain/avr8/avr8-gnu-toolchain/bin/../lib/gcc/avr/4.9.2/../../../../avr/lib/avrxmega7\libm.a(divsf3x.o)
                              c:/program files (x86)/atmel/studio/7.0/toolchain/avr8/avr8-gnu-toolchain/bin/../lib/gcc/avr/4.9.2/../../../../avr/lib/avrxmega7\libm.a(divsf3.o) (__divsf3x)
c:/program files (x86)/atmel/studio/7.0/toolchain/avr8/avr8-gnu-toolchain/bin/../lib/gcc/avr/4.9.2/../../../../avr/lib/avrxmega7\libm.a(fixsfdi.o)
                              src/driver/pressure/Pressure.o (__fixsfdi)
c:/program files (x86)/atmel/studio/7.0/toolchain/avr8/avr8-gnu-toolchain/bin/../lib/gcc/avr/4.9.2/../../../../avr/lib/avrxmega7\libm.a(fixsfsi.o)
                              src/driver/gps/gps.o (__fixsfsi)
c:/program files (x86)/atmel/studio/7.0/toolchain/avr8/avr8-gnu-toolchain/bin/../lib/gcc/avr/4.9.2/../../../../avr/lib/avrxmega7\libm.a(fixunssfsi.o)
                              src/driver/altitude/altitude.o (__fixunssfsi)
c:/program files (x86)/atmel/studio/7.0/toolchain/avr8/avr8-gnu-toolchain/bin/../lib/gcc/avr/4.9.2/../../../../avr/lib/avrxmega7\libm.a(floatdisf.o)
                              src/driver/pressure/Pressure.o (__floatdisf)
c:/program files (x86)/atmel/studio/7.0/toolchain/avr8/avr8-gnu-toolchain/bin/../lib/gcc/avr/4.9.2/../../../../avr/lib/avrxmega7\libm.a(floatsisf.o)
                              src/driver/altitude/altitude.o (__floatunsisf)
c:/program files (x86)/atmel/studio/7.0/toolchain/avr8/avr8-gnu-toolchain/bin/../lib/gcc/avr/4.9.2/../../../../avr/lib/avrxmega7\libm.a(floatundisf.o)
                              c:/program files (x86)/atmel/studio/7.0/toolchain/avr8/avr8-gnu-toolchain/bin/../lib/gcc/avr/4.9.2/../../../../avr/lib/avrxmega7\libm.a(floatdisf.o) (__fp_di2sf)
c:/program files (x86)/atmel/studio/7.0/toolchain/avr8/avr8-gnu-toolchain/bin/../lib/gcc/avr/4.9.2/../../../../avr/lib/avrxmega7\libm.a(fp_inf.o)
                              c:/program files (x86)/atmel/studio/7.0/toolchain/avr8/avr8-gnu-toolchain/bin/../lib/gcc/avr/4.9.2/../../../../avr/lib/avrxmega7\libm.a(addsf3x.o) (__fp_inf)
c:/program files (x86)/atmel/studio/7.0/toolchain/avr8/avr8-gnu-toolchain/bin/../lib/gcc/avr/4.9.2/../../../../avr/lib/avrxmega7\libm.a(fp_nan.o)
                              c:/program files (x86)/atmel/studio/7.0/toolchain/avr8/avr8-gnu-toolchain/bin/../lib/gcc/avr/4.9.2/../../../../avr/lib/avrxmega7\libm.a(addsf3x.o) (__fp_nan)
c:/program files (x86)/atmel/studio/7.0/toolchain/avr8/avr8-gnu-toolchain/bin/../lib/gcc/avr/4.9.2/../../../../avr/lib/avrxmega7\libm.a(fp_negdi.o)
                              c:/program files (x86)/atmel/studio/7.0/toolchain/avr8/avr8-gnu-toolchain/bin/../lib/gcc/avr/4.9.2/../../../../avr/lib/avrxmega7\libm.a(fixsfdi.o) (__fp_negdi)
c:/program files (x86)/atmel/studio/7.0/toolchain/avr8/avr8-gnu-toolchain/bin/../lib/gcc/avr/4.9.2/../../../../avr/lib/avrxmega7\libm.a(fp_pscA.o)
                              c:/program files (x86)/atmel/studio/7.0/toolchain/avr8/avr8-gnu-toolchain/bin/../lib/gcc/avr/4.9.2/../../../../avr/lib/avrxmega7\libm.a(addsf3x.o) (__fp_pscA)
c:/program files (x86)/atmel/studio/7.0/toolchain/avr8/avr8-gnu-toolchain/bin/../lib/gcc/avr/4.9.2/../../../../avr/lib/avrxmega7\libm.a(fp_pscB.o)
                              c:/program files (x86)/atmel/studio/7.0/toolchain/avr8/avr8-gnu-toolchain/bin/../lib/gcc/avr/4.9.2/../../../../avr/lib/avrxmega7\libm.a(addsf3x.o) (__fp_pscB)
c:/program files (x86)/atmel/studio/7.0/toolchain/avr8/avr8-gnu-toolchain/bin/../lib/gcc/avr/4.9.2/../../../../avr/lib/avrxmega7\libm.a(fp_round.o)
                              c:/program files (x86)/atmel/studio/7.0/toolchain/avr8/avr8-gnu-toolchain/bin/../lib/gcc/avr/4.9.2/../../../../avr/lib/avrxmega7\libm.a(addsf3.o) (__fp_round)
c:/program files (x86)/atmel/studio/7.0/toolchain/avr8/avr8-gnu-toolchain/bin/../lib/gcc/avr/4.9.2/../../../../avr/lib/avrxmega7\libm.a(fp_split3.o)
                              c:/program files (x86)/atmel/studio/7.0/toolchain/avr8/avr8-gnu-toolchain/bin/../lib/gcc/avr/4.9.2/../../../../avr/lib/avrxmega7\libm.a(addsf3x.o) (__fp_split3)
[...]
Memory Configuration

Name             Origin             Length             Attributes
text             0x00000000         0x00100000         xr
data             0x00802000         0x0000ffa0         rw !x
eeprom           0x00810000         0x00010000         rw !x
fuse             0x00820000         0x00000400         rw !x
lock             0x00830000         0x00000400         rw !x
signature        0x00840000         0x00000400         rw !x
user_signatures  0x00850000         0x00000400         rw !x
*default*        0x00000000         0xffffffff

Linker script and memory map

LOAD C:/Program Files (x86)/Atmel/Studio/7.0/Packs/atmel/XMEGAA_DFP/1.0.36/gcc/dev/atxmega128a1/avrxmega7/crtatxmega128a1.o
LOAD src/ASF/common/services/serial/usart_serial.o
LOAD src/ASF/common/services/spi/xmega_spi/spi_master.o
LOAD src/ASF/common/utils/stdio/read.o
LOAD src/ASF/common/utils/stdio/write.o
LOAD src/ASF/xmega/drivers/ac/ac.o
LOAD src/ASF/xmega/drivers/spi/spi.o
LOAD src/ASF/xmega/drivers/twi/twim.o
LOAD src/ASF/xmega/drivers/twi/twis.o
LOAD src/driver/altitude/altitude.o
LOAD src/driver/data/data.o
LOAD src/driver/gps/gps.o
LOAD src/driver/gps/stringring.o
LOAD src/driver/LED/LEDs.o
LOAD src/driver/pressure/Pressure.o
LOAD src/driver/temperature/Temperature.o
LOAD src/ASF/common/services/clock/xmega/sysclk.o
LOAD src/ASF/common/services/ioport/xmega/ioport_compat.o
LOAD src/ASF/common/services/sleepmgr/xmega/sleepmgr.o
LOAD src/ASF/xmega/boards/xmega_a1_xplained/init.o
LOAD src/ASF/xmega/drivers/adc/adc.o
LOAD src/ASF/xmega/drivers/adc/xmega_aau/adc_aau.o
LOAD src/ASF/xmega/drivers/cpu/ccp.o
LOAD src/ASF/xmega/drivers/nvm/nvm.o
LOAD src/ASF/xmega/drivers/nvm/nvm_asm.o
LOAD src/ASF/xmega/drivers/usart/usart.o
LOAD src/driver/uart_comms.o
LOAD src/main.o
START GROUP
LOAD c:/program files (x86)/atmel/studio/7.0/toolchain/avr8/avr8-gnu-toolchain/bin/../lib/gcc/avr/4.9.2/../../../../avr/lib/avrxmega7\libm.a
END GROUP
Address of section .BOOT set to 0x20000
START GROUP
LOAD c:/program files (x86)/atmel/studio/7.0/toolchain/avr8/avr8-gnu-toolchain/bin/../lib/gcc/avr/4.9.2/avrxmega7\libgcc.a
LOAD c:/program files (x86)/atmel/studio/7.0/toolchain/avr8/avr8-gnu-toolchain/bin/../lib/gcc/avr/4.9.2/../../../../avr/lib/avrxmega7\libm.a
LOAD c:/program files (x86)/atmel/studio/7.0/toolchain/avr8/avr8-gnu-toolchain/bin/../lib/gcc/avr/4.9.2/../../../../avr/lib/avrxmega7\libc.a
LOAD C:/Program Files (x86)/Atmel/Studio/7.0/Packs/atmel/XMEGAA_DFP/1.0.36/gcc/dev/atxmega128a1/avrxmega7\libatxmega128a1.a
END GROUP

.hash
 *(.hash)

.dynsym
 *(.dynsym)

.dynstr
 *(.dynstr)

.gnu.version
 *(.gnu.version)

.gnu.version_d
 *(.gnu.version_d)

.gnu.version_r
 *(.gnu.version_r)

.rel.init
 *(.rel.init)

.rela.init
 *(.rela.init)

.rel.text
 *(.rel.text)
 *(.rel.text.*)
 *(.rel.gnu.linkonce.t*)

.rela.text
 *(.rela.text)
 *(.rela.text.*)
 *(.rela.gnu.linkonce.t*)

.rel.fini
 *(.rel.fini)

.rela.fini
 *(.rela.fini)

.rel.rodata
 *(.rel.rodata)
 *(.rel.rodata.*)
 *(.rel.gnu.linkonce.r*)

.rela.rodata
 *(.rela.rodata)
 *(.rela.rodata.*)
 *(.rela.gnu.linkonce.r*)

.rel.data
 *(.rel.data)
 *(.rel.data.*)
 *(.rel.gnu.linkonce.d*)

.rela.data
 *(.rela.data)
 *(.rela.data.*)
 *(.rela.gnu.linkonce.d*)

.rel.ctors
 *(.rel.ctors)

.rela.ctors
 *(.rela.ctors)

.rel.dtors
 *(.rel.dtors)

.rela.dtors
 *(.rela.dtors)

.rel.got
 *(.rel.got)

.rela.got
 *(.rela.got)

.rel.bss
 *(.rel.bss)

.rela.bss
 *(.rela.bss)

.rel.plt
 *(.rel.plt)

.rela.plt
 *(.rela.plt)

.text           0x00000000     0x31f4
 *(.vectors)
 .vectors       0x00000000      0x1f4 C:/Program Files (x86)/Atmel/Studio/7.0/Packs/atmel/XMEGAA_DFP/1.0.36/gcc/dev/atxmega128a1/avrxmega7/crtatxmega128a1.o
                0x00000000                __vector_default
                0x00000000                __vectors
 *(.vectors)
 *(.progmem.gcc*)
 .progmem.gcc_fplib
                0x000001f4       0x5a c:/program files (x86)/atmel/studio/7.0/toolchain/avr8/avr8-gnu-toolchain/bin/../lib/gcc/avr/4.9.2/../../../../avr/lib/avrxmega7\libm.a(log.o)
                0x0000024e                . = ALIGN (0x2)
                0x0000024e                __trampolines_start = .
 *(.trampolines)
 .trampolines   0x0000024e        0x0 linker stubs
 *(.trampolines*)
                0x0000024e                __trampolines_end = .
 *(.progmem*)
                0x0000024e                . = ALIGN (0x2)
 *(.jumptables)
 *(.jumptables*)
 *(.lowtext)
 *(.lowtext*)
                0x0000024e                __ctors_start = .
 *(.ctors)
                0x0000024e                __ctors_end = .
                0x0000024e                __dtors_start = .
 *(.dtors)
                0x0000024e                __dtors_end = .
 SORT(*)(.ctors)
 SORT(*)(.dtors)
 *(.init0)
 .init0         0x0000024e        0x0 C:/Program Files (x86)/Atmel/Studio/7.0/Packs/atmel/XMEGAA_DFP/1.0.36/gcc/dev/atxmega128a1/avrxmega7/crtatxmega128a1.o
                0x0000024e                __init
 *(.init0)
 *(.init1)
 *(.init1)
 *(.init2)
 .init2         0x0000024e       0x18 C:/Program Files (x86)/Atmel/Studio/7.0/Packs/atmel/XMEGAA_DFP/1.0.36/gcc/dev/atxmega128a1/avrxmega7/crtatxmega128a1.o
 *(.init2)
 *(.init3)
 *(.init3)
 *(.init4)
 .init4         0x00000266       0x1c c:/program files (x86)/atmel/studio/7.0/toolchain/avr8/avr8-gnu-toolchain/bin/../lib/gcc/avr/4.9.2/avrxmega7\libgcc.a(_copy_data.o)
                0x00000266                __do_copy_data
 .init4         0x00000282       0x10 c:/program files (x86)/atmel/studio/7.0/toolchain/avr8/avr8-gnu-toolchain/bin/../lib/gcc/avr/4.9.2/avrxmega7\libgcc.a(_clear_bss.o)
                0x00000282                __do_clear_bss
 *(.init4)
 *(.init5)
 *(.init5)
 *(.init6)
 *(.init6)
 *(.init7)
 *(.init7)
 *(.init8)
 *(.init8)
 *(.init9)
 .init9         0x00000292        0x8 C:/Program Files (x86)/Atmel/Studio/7.0/Packs/atmel/XMEGAA_DFP/1.0.36/gcc/dev/atxmega128a1/avrxmega7/crtatxmega128a1.o
 *(.init9)
 *(.text)
 .text          0x0000029a        0x2 C:/Program Files (x86)/Atmel/Studio/7.0/Packs/atmel/XMEGAA_DFP/1.0.36/gcc/dev/atxmega128a1/avrxmega7/crtatxmega128a1.o
                0x0000029a                __vector_104
                0x0000029a                __vector_22
                0x0000029a                __vector_63
                0x0000029a                __vector_28
                0x0000029a                __vector_67
                0x0000029a                __vector_1
                0x0000029a                __vector_119
                0x0000029a                __vector_32
                0x0000029a                __vector_75
                0x0000029a                __vector_91
                0x0000029a                __vector_34
                0x0000029a                __vector_62
                0x0000029a                __vector_77
                0x0000029a                __vector_102
                0x0000029a                __vector_24
                0x0000029a                __vector_12
                0x0000029a                __vector_55
                0x0000029a                __vector_81
                0x0000029a                __vector_90
                0x0000029a                __bad_interrupt
                0x0000029a                __vector_122
                0x0000029a                __vector_114
                0x0000029a                __vector_6
                0x0000029a                __vector_110
                0x0000029a                __vector_31
                0x0000029a                __vector_92
                0x0000029a                __vector_35
                0x0000029a                __vector_78
                0x0000029a                __vector_117
                0x0000029a                __vector_3
                0x0000029a                __vector_105
                0x0000029a                __vector_98
                0x0000029a                __vector_23
                0x0000029a                __vector_30
                0x0000029a                __vector_45
                0x0000029a                __vector_93
                0x0000029a                __vector_61
                0x0000029a                __vector_11
                0x0000029a                __vector_54
                0x0000029a                __vector_99
                0x0000029a                __vector_17
                0x0000029a                __vector_19
                0x0000029a                __vector_56
                0x0000029a                __vector_7
                0x0000029a                __vector_49
                0x0000029a                __vector_123
                0x0000029a                __vector_86
                0x0000029a                __vector_100
                0x0000029a                __vector_101
                0x0000029a                __vector_88
                0x0000029a                __vector_109
                0x0000029a                __vector_43
                0x0000029a                __vector_27
                0x0000029a                __vector_5
                0x0000029a                __vector_113
                0x0000029a                __vector_33
                0x0000029a                __vector_115
                0x0000029a                __vector_47
                0x0000029a                __vector_52
                0x0000029a                __vector_95
                0x0000029a                __vector_103
                0x0000029a                __vector_96
                0x0000029a                __vector_89
                0x0000029a                __vector_108
                0x0000029a                __vector_4
                0x0000029a                __vector_44
                0x0000029a                __vector_82
                0x0000029a                __vector_106
                0x0000029a                __vector_118
                0x0000029a                __vector_51
                0x0000029a                __vector_9
                0x0000029a                __vector_2
                0x0000029a                __vector_21
                0x0000029a                __vector_15
                0x0000029a                __vector_66
                0x0000029a                __vector_79
                0x0000029a                __vector_58
                0x0000029a                __vector_83
                0x0000029a                __vector_29
                0x0000029a                __vector_60
                0x0000029a                __vector_121
                0x0000029a                __vector_85
                0x0000029a                __vector_94
                0x0000029a                __vector_8
                0x0000029a                __vector_26
                0x0000029a                __vector_48
                0x0000029a                __vector_124
                0x0000029a                __vector_116
                0x0000029a                __vector_112
                0x0000029a                __vector_111
                0x0000029a                __vector_80
                0x0000029a                __vector_14
                0x0000029a                __vector_84
                0x0000029a                __vector_57
                0x0000029a                __vector_10
                0x0000029a                __vector_50
                0x0000029a                __vector_16
                0x0000029a                __vector_59
                0x0000029a                __vector_18
                0x0000029a                __vector_97
                0x0000029a                __vector_20
                0x0000029a                __vector_87
                0x0000029a                __vector_120
                0x0000029c                . = ALIGN (0x2)
 *(.text.*)
 .text._read    0x0000029c       0x32 src/ASF/common/utils/stdio/read.o
                0x0000029c                _read
 .text._write   0x000002ce       0x24 src/ASF/common/utils/stdio/write.o
                0x000002ce                _write
 .text.__vector_68
                0x000002f2       0x8c src/ASF/xmega/drivers/ac/ac.o
                0x000002f2                __vector_68
 .text.__vector_69
                0x0000037e       0x8c src/ASF/xmega/drivers/ac/ac.o
                0x0000037e                __vector_69
 .text.__vector_70
                0x0000040a       0x7c src/ASF/xmega/drivers/ac/ac.o
                0x0000040a                __vector_70
 .text.__vector_36
                0x00000486       0x8c src/ASF/xmega/drivers/ac/ac.o
                0x00000486                __vector_36
 .text.__vector_37
                0x00000512       0x8c src/ASF/xmega/drivers/ac/ac.o
                0x00000512                __vector_37
 .text.__vector_38
                0x0000059e       0x7c src/ASF/xmega/drivers/ac/ac.o
                0x0000059e                __vector_38
 .text.twim_interrupt_handler
                0x0000061a      0x12e src/ASF/xmega/drivers/twi/twim.o
 .text.__vector_13
                0x00000748       0x64 src/ASF/xmega/drivers/twi/twim.o
                0x00000748                __vector_13
 .text.__vector_76
                0x000007ac       0x64 src/ASF/xmega/drivers/twi/twim.o
                0x000007ac                __vector_76
 .text.__vector_46
                0x00000810       0x64 src/ASF/xmega/drivers/twi/twim.o
                0x00000810                __vector_46
 .text.__vector_107
                0x00000874       0x64 src/ASF/xmega/drivers/twi/twim.o
                0x00000874                __vector_107
 .text.getAltitude
                0x000008d8       0x82 src/driver/altitude/altitude.o
                0x000008d8                getAltitude
 .text.saveData
                0x0000095a       0xc8 src/driver/data/data.o
                0x0000095a                saveData
 .text.__vector_25
                0x00000a22       0x70 src/driver/gps/gps.o
                0x00000a22                __vector_25
 .text.StringRingSeekNextReadableString
                0x00000a92       0x52 src/driver/gps/stringring.o
                0x00000a92                StringRingSeekNextReadableString
 .text.StringRingWrite
                0x00000ae4       0xf2 src/driver/gps/stringring.o
                0x00000ae4                StringRingWrite
 .text.spi_read
                0x00000bd6       0x16 src/driver/pressure/Pressure.o
                0x00000bd6                spi_read
 .text.spi_write
                0x00000bec       0x10 src/driver/pressure/Pressure.o
                0x00000bec                spi_write
 .text.spi_select
                0x00000bfc        0xc src/driver/pressure/Pressure.o
                0x00000bfc                spi_select
 .text.spi_deselect
                0x00000c08        0xc src/driver/pressure/Pressure.o
                0x00000c08                spi_deselect
 .text.getPressure
                0x00000c14      0x28e src/driver/pressure/Pressure.o
                0x00000c14                getPressure
 .text.calibrate_pressure
                0x00000ea2      0x19c src/driver/pressure/Pressure.o
                0x00000ea2                calibrate_pressure
 .text.spi_init
                0x0000103e       0x1a src/driver/pressure/Pressure.o
                0x0000103e                spi_init
 .text.ADCinit  0x00001058       0x50 src/driver/temperature/Temperature.o
                0x00001058                ADCinit
 .text.getTemperature
                0x000010a8       0x5e src/driver/temperature/Temperature.o
                0x000010a8                getTemperature
 .text.sysclk_init
                0x00001106       0x4e src/ASF/common/services/clock/xmega/sysclk.o
                0x00001106                sysclk_init
 .text.sysclk_enable_module
                0x00001154       0x18 src/ASF/common/services/clock/xmega/sysclk.o
                0x00001154                sysclk_enable_module
 .text.ioport_configure_port_pin
                0x0000116c       0x50 src/ASF/common/services/ioport/xmega/ioport_compat.o
                0x0000116c                ioport_configure_port_pin
 .text.board_init
                0x000011bc      0x182 src/ASF/xmega/boards/xmega_a1_xplained/init.o
                0x000011bc                board_init
 .text.__vector_71
                0x0000133e       0x7a src/ASF/xmega/drivers/adc/xmega_aau/adc_aau.o
                0x0000133e                __vector_71
 .text.__vector_72
                0x000013b8       0x7a src/ASF/xmega/drivers/adc/xmega_aau/adc_aau.o
                0x000013b8                __vector_72
 .text.__vector_73
                0x00001432       0x7a src/ASF/xmega/drivers/adc/xmega_aau/adc_aau.o
                0x00001432                __vector_73
 .text.__vector_74
                0x000014ac       0x7a src/ASF/xmega/drivers/adc/xmega_aau/adc_aau.o
                0x000014ac                __vector_74
 .text.__vector_39
                0x00001526       0x7a src/ASF/xmega/drivers/adc/xmega_aau/adc_aau.o
                0x00001526                __vector_39
 .text.__vector_40
                0x000015a0       0x7a src/ASF/xmega/drivers/adc/xmega_aau/adc_aau.o
                0x000015a0                __vector_40
 .text.__vector_41
                0x0000161a       0x7a src/ASF/xmega/drivers/adc/xmega_aau/adc_aau.o
                0x0000161a                __vector_41
 .text.__vector_42
                0x00001694       0x7a src/ASF/xmega/drivers/adc/xmega_aau/adc_aau.o
                0x00001694                __vector_42
 .text.ccp_write_io
                0x0000170e        0xc src/ASF/xmega/drivers/cpu/ccp.o
                0x0000170e                ccp_write_io
 .text.nvm_read_byte
                0x0000171a       0x14 src/ASF/xmega/drivers/nvm/nvm_asm.o
                0x0000171a                nvm_read_byte
 .text.usart_putchar
                0x0000172e       0x10 src/ASF/xmega/drivers/usart/usart.o
                0x0000172e                usart_putchar
 .text.usart_getchar
                0x0000173e        0xc src/ASF/xmega/drivers/usart/usart.o
                0x0000173e                usart_getchar
 .text.usart_set_baudrate
                0x0000174a      0x22a src/ASF/xmega/drivers/usart/usart.o
                0x0000174a                usart_set_baudrate
 .text.usart_init_rs232
                0x00001974      0x2c2 src/ASF/xmega/drivers/usart/usart.o
                0x00001974                usart_init_rs232
 .text.usart_serial_getchar
                0x00001c36       0x10 src/driver/uart_comms.o
 .text.usart_serial_putchar
                0x00001c46        0x4 src/driver/uart_comms.o
 .text.UART_Comms_Init
                0x00001c4a       0x88 src/driver/uart_comms.o
                0x00001c4a                UART_Comms_Init
 .text.sysclk_enable_peripheral_clock
                0x00001cd2      0x272 src/main.o
 .text.main     0x00001f44       0x92 src/main.o
                0x00001f44                main
 .text.__vector_53
                0x00001fd6       0xe4 src/main.o
                0x00001fd6                __vector_53
 .text.__vector_64
                0x000020ba       0x84 src/main.o
                0x000020ba                __vector_64
 .text.__vector_65
                0x0000213e       0x84 src/main.o
                0x0000213e                __vector_65
 .text.avr-libc.fplib
                0x000021c2        0xa c:/program files (x86)/atmel/studio/7.0/toolchain/avr8/avr8-gnu-toolchain/bin/../lib/gcc/avr/4.9.2/../../../../avr/lib/avrxmega7\libm.a(addsf3.o)
                0x000021c2                __subsf3
                0x000021c4                __addsf3
 .text.avr-libc.fplib
                0x000021cc       0xc0 c:/program files (x86)/atmel/studio/7.0/toolchain/avr8/avr8-gnu-toolchain/bin/../lib/gcc/avr/4.9.2/../../../../avr/lib/avrxmega7\libm.a(addsf3x.o)
                0x000021e6                __addsf3x
 .text.avr-libc.fplib
                0x0000228c        0x4 c:/program files (x86)/atmel/studio/7.0/toolchain/avr8/avr8-gnu-toolchain/bin/../lib/gcc/avr/4.9.2/../../../../avr/lib/avrxmega7\libm.a(divsf3.o)
                0x0000228c                __divsf3
 .text.avr-libc.fplib
                0x00002290       0xcc c:/program files (x86)/atmel/studio/7.0/toolchain/avr8/avr8-gnu-toolchain/bin/../lib/gcc/avr/4.9.2/../../../../avr/lib/avrxmega7\libm.a(divsf3x.o)
                0x000022a6                __divsf3x
                0x000022aa                __divsf3_pse
 .text.avr-libc.fplib
                0x0000235c       0x74 c:/program files (x86)/atmel/studio/7.0/toolchain/avr8/avr8-gnu-toolchain/bin/../lib/gcc/avr/4.9.2/../../../../avr/lib/avrxmega7\libm.a(fixsfdi.o)
                0x0000235c                __fixsfdi
                0x00002366                __fixunssfdi
 .text.avr-libc.fplib
                0x000023d0        0xa c:/program files (x86)/atmel/studio/7.0/toolchain/avr8/avr8-gnu-toolchain/bin/../lib/gcc/avr/4.9.2/../../../../avr/lib/avrxmega7\libm.a(fixsfsi.o)
                0x000023d0                __fixsfsi
 .text.avr-libc.fplib
                0x000023da       0x58 c:/program files (x86)/atmel/studio/7.0/toolchain/avr8/avr8-gnu-toolchain/bin/../lib/gcc/avr/4.9.2/../../../../avr/lib/avrxmega7\libm.a(fixunssfsi.o)
                0x000023da                __fixunssfsi
 .text.avr-libc.fplib
                0x00002432        0x8 c:/program files (x86)/atmel/studio/7.0/toolchain/avr8/avr8-gnu-toolchain/bin/../lib/gcc/avr/4.9.2/../../../../avr/lib/avrxmega7\libm.a(floatdisf.o)
                0x00002432                __floatdisf
 .text.avr-libc.fplib
                0x0000243a       0x7a c:/program files (x86)/atmel/studio/7.0/toolchain/avr8/avr8-gnu-toolchain/bin/../lib/gcc/avr/4.9.2/../../../../avr/lib/avrxmega7\libm.a(floatsisf.o)
                0x0000243a                __floatunsisf
                0x0000243e                __floatsisf
 .text.avr-libc.fplib
                0x000024b4       0x7c c:/program files (x86)/atmel/studio/7.0/toolchain/avr8/avr8-gnu-toolchain/bin/../lib/gcc/avr/4.9.2/../../../../avr/lib/avrxmega7\libm.a(floatundisf.o)
                0x000024b4                __floatundisf
                0x000024b6                __fp_di2sf
 .text.avr-libc.fplib
                0x00002530        0xc c:/program files (x86)/atmel/studio/7.0/toolchain/avr8/avr8-gnu-toolchain/bin/../lib/gcc/avr/4.9.2/../../../../avr/lib/avrxmega7\libm.a(fp_inf.o)
                0x00002530                __fp_inf
 .text.avr-libc.fplib
                0x0000253c        0x6 c:/program files (x86)/atmel/studio/7.0/toolchain/avr8/avr8-gnu-toolchain/bin/../lib/gcc/avr/4.9.2/../../../../avr/lib/avrxmega7\libm.a(fp_nan.o)
                0x0000253c                __fp_nan
 .text.avr-libc.fplib
                0x00002542       0x20 c:/program files (x86)/atmel/studio/7.0/toolchain/avr8/avr8-gnu-toolchain/bin/../lib/gcc/avr/4.9.2/../../../../avr/lib/avrxmega7\libm.a(fp_negdi.o)
                0x00002542                __fp_negdi
 .text.avr-libc.fplib
                0x00002562        0xe c:/program files (x86)/atmel/studio/7.0/toolchain/avr8/avr8-gnu-toolchain/bin/../lib/gcc/avr/4.9.2/../../../../avr/lib/avrxmega7\libm.a(fp_pscA.o)
                0x00002562                __fp_pscA
 .text.avr-libc.fplib
                0x00002570        0xe c:/program files (x86)/atmel/studio/7.0/toolchain/avr8/avr8-gnu-toolchain/bin/../lib/gcc/avr/4.9.2/../../../../avr/lib/avrxmega7\libm.a(fp_pscB.o)
                0x00002570                __fp_pscB
 .text.avr-libc.fplib
                0x0000257e       0x22 c:/program files (x86)/atmel/studio/7.0/toolchain/avr8/avr8-gnu-toolchain/bin/../lib/gcc/avr/4.9.2/../../../../avr/lib/avrxmega7\libm.a(fp_round.o)
                0x0000257e                __fp_round
 .text.avr-libc.fplib
                0x000025a0       0x44 c:/program files (x86)/atmel/studio/7.0/toolchain/avr8/avr8-gnu-toolchain/bin/../lib/gcc/avr/4.9.2/../../../../avr/lib/avrxmega7\libm.a(fp_split3.o)
                0x000025a0                __fp_split3
                0x000025b0                __fp_splitA
 .text.avr-libc.fplib
                0x000025e4        0xe c:/program files (x86)/atmel/studio/7.0/toolchain/avr8/avr8-gnu-toolchain/bin/../lib/gcc/avr/4.9.2/../../../../avr/lib/avrxmega7\libm.a(fp_zero.o)
                0x000025e4                __fp_zero
                0x000025e6                __fp_szero
 .text.avr-libc.fplib
                0x000025f2       0x8a c:/program files (x86)/atmel/studio/7.0/toolchain/avr8/avr8-gnu-toolchain/bin/../lib/gcc/avr/4.9.2/../../../../avr/lib/avrxmega7\libm.a(log.o)
                0x000025fc                log
 .text.avr-libc.fplib
                0x0000267c        0x4 c:/program files (x86)/atmel/studio/7.0/toolchain/avr8/avr8-gnu-toolchain/bin/../lib/gcc/avr/4.9.2/../../../../avr/lib/avrxmega7\libm.a(mulsf3.o)
                0x0000267c                __mulsf3
 .text.avr-libc.fplib
                0x00002680       0xc2 c:/program files (x86)/atmel/studio/7.0/toolchain/avr8/avr8-gnu-toolchain/bin/../lib/gcc/avr/4.9.2/../../../../avr/lib/avrxmega7\libm.a(mulsf3x.o)
                0x00002694                __mulsf3x
                0x00002698                __mulsf3_pse
 .text.avr-libc.fplib
                0x00002742       0x1c c:/program files (x86)/atmel/studio/7.0/toolchain/avr8/avr8-gnu-toolchain/bin/../lib/gcc/avr/4.9.2/../../../../avr/lib/avrxmega7\libm.a(fp_mpack.o)
                0x00002742                __fp_mpack
                0x00002746                __fp_mpack_finite
 .text.avr-libc.fplib
                0x0000275e       0x4a c:/program files (x86)/atmel/studio/7.0/toolchain/avr8/avr8-gnu-toolchain/bin/../lib/gcc/avr/4.9.2/../../../../avr/lib/avrxmega7\libm.a(fp_powser.o)
                0x0000275e                __fp_powser
 .text.libgcc.div
                0x000027a8       0x44 c:/program files (x86)/atmel/studio/7.0/toolchain/avr8/avr8-gnu-toolchain/bin/../lib/gcc/avr/4.9.2/avrxmega7\libgcc.a(_udivmodsi4.o)
                0x000027a8                __udivmodsi4
 .text.libgcc.mul
                0x000027ec       0x14 c:/program files (x86)/atmel/studio/7.0/toolchain/avr8/avr8-gnu-toolchain/bin/../lib/gcc/avr/4.9.2/avrxmega7\libgcc.a(_muluhisi3.o)
                0x000027ec                __muluhisi3
 .text.libgcc.mul
                0x00002800       0x92 c:/program files (x86)/atmel/studio/7.0/toolchain/avr8/avr8-gnu-toolchain/bin/../lib/gcc/avr/4.9.2/avrxmega7\libgcc.a(_muldi3.o)
                0x00002800                __muldi3
 .text.libgcc.mul
                0x00002892       0x10 c:/program files (x86)/atmel/studio/7.0/toolchain/avr8/avr8-gnu-toolchain/bin/../lib/gcc/avr/4.9.2/avrxmega7\libgcc.a(_muldi3_6.o)
                0x00002892                __muldi3_6
 .text.libgcc.mul
                0x000028a2       0x1e c:/program files (x86)/atmel/studio/7.0/toolchain/avr8/avr8-gnu-toolchain/bin/../lib/gcc/avr/4.9.2/avrxmega7\libgcc.a(_umulhisi3.o)
                0x000028a2                __umulhisi3
 .text.avr-libc
                0x000028c0       0x34 c:/program files (x86)/atmel/studio/7.0/toolchain/avr8/avr8-gnu-toolchain/bin/../lib/gcc/avr/4.9.2/../../../../avr/lib/avrxmega7\libc.a(calloc.o)
                0x000028c0                calloc
 .text.avr-libc
                0x000028f4      0x25a c:/program files (x86)/atmel/studio/7.0/toolchain/avr8/avr8-gnu-toolchain/bin/../lib/gcc/avr/4.9.2/../../../../avr/lib/avrxmega7\libc.a(malloc.o)
                0x000028f4                malloc
                0x00002a1e                free
 .text.avr-libc
                0x00002b4e        0xe c:/program files (x86)/atmel/studio/7.0/toolchain/avr8/avr8-gnu-toolchain/bin/../lib/gcc/avr/4.9.2/../../../../avr/lib/avrxmega7\libc.a(memset.o)
                0x00002b4e                memset
 .text.avr-libc
                0x00002b5c       0x94 c:/program files (x86)/atmel/studio/7.0/toolchain/avr8/avr8-gnu-toolchain/bin/../lib/gcc/avr/4.9.2/../../../../avr/lib/avrxmega7\libc.a(fdevopen.o)
                0x00002b5c                fdevopen
 .text.avr-libc
                0x00002bf0       0x26 c:/program files (x86)/atmel/studio/7.0/toolchain/avr8/avr8-gnu-toolchain/bin/../lib/gcc/avr/4.9.2/../../../../avr/lib/avrxmega7\libc.a(printf.o)
                0x00002bf0                printf
 .text.avr-libc
                0x00002c16       0x60 c:/program files (x86)/atmel/studio/7.0/toolchain/avr8/avr8-gnu-toolchain/bin/../lib/gcc/avr/4.9.2/../../../../avr/lib/avrxmega7\libc.a(puts.o)
                0x00002c16                puts
 .text.avr-libc
                0x00002c76       0x52 c:/program files (x86)/atmel/studio/7.0/toolchain/avr8/avr8-gnu-toolchain/bin/../lib/gcc/avr/4.9.2/../../../../avr/lib/avrxmega7\libc.a(sprintf.o)
                0x00002c76                sprintf
 .text.avr-libc
                0x00002cc8      0x3d0 c:/program files (x86)/atmel/studio/7.0/toolchain/avr8/avr8-gnu-toolchain/bin/../lib/gcc/avr/4.9.2/../../../../avr/lib/avrxmega7\libc.a(vfprintf_std.o)
                0x00002cc8                vfprintf
 .text.avr-libc
                0x00003098       0x16 c:/program files (x86)/atmel/studio/7.0/toolchain/avr8/avr8-gnu-toolchain/bin/../lib/gcc/avr/4.9.2/../../../../avr/lib/avrxmega7\libc.a(strnlen_P.o)
                0x00003098                strnlen_P
 .text.avr-libc
                0x000030ae       0x16 c:/program files (x86)/atmel/studio/7.0/toolchain/avr8/avr8-gnu-toolchain/bin/../lib/gcc/avr/4.9.2/../../../../avr/lib/avrxmega7\libc.a(strnlen.o)
                0x000030ae                strnlen
 .text.avr-libc
                0x000030c4       0x70 c:/program files (x86)/atmel/studio/7.0/toolchain/avr8/avr8-gnu-toolchain/bin/../lib/gcc/avr/4.9.2/../../../../avr/lib/avrxmega7\libc.a(fputc.o)
                0x000030c4                fputc
 .text.avr-libc
                0x00003134       0xbc c:/program files (x86)/atmel/studio/7.0/toolchain/avr8/avr8-gnu-toolchain/bin/../lib/gcc/avr/4.9.2/../../../../avr/lib/avrxmega7\libc.a(ultoa_invert.o)
                0x00003134                __ultoa_invert
                0x000031f0                . = ALIGN (0x2)
 *(.fini9)
 .fini9         0x000031f0        0x0 c:/program files (x86)/atmel/studio/7.0/toolchain/avr8/avr8-gnu-toolchain/bin/../lib/gcc/avr/4.9.2/avrxmega7\libgcc.a(_exit.o)
                0x000031f0                _exit
                0x000031f0                exit
 *(.fini9)
 *(.fini8)
 *(.fini8)
 *(.fini7)
 *(.fini7)
 *(.fini6)
 *(.fini6)
 *(.fini5)
 *(.fini5)
 *(.fini4)
 *(.fini4)
 *(.fini3)
 *(.fini3)
 *(.fini2)
 *(.fini2)
 *(.fini1)
 *(.fini1)
 *(.fini0)
 .fini0         0x000031f0        0x4 c:/program files (x86)/atmel/studio/7.0/toolchain/avr8/avr8-gnu-toolchain/bin/../lib/gcc/avr/4.9.2/avrxmega7\libgcc.a(_exit.o)
 *(.fini0)
                0x000031f4                _etext = .

.data           0x00802000       0xe0 load address 0x000031f4
                0x00802000                PROVIDE (__data_start, .)
 *(.data)
 .data          0x00802000        0x6 c:/program files (x86)/atmel/studio/7.0/toolchain/avr8/avr8-gnu-toolchain/bin/../lib/gcc/avr/4.9.2/../../../../avr/lib/avrxmega7\libc.a(malloc.o)
                0x00802000                __malloc_heap_end
                0x00802002                __malloc_heap_start
                0x00802004                __malloc_margin
 *(.data*)
 .data.usart_options.5507
                0x00802006        0x7 src/driver/uart_comms.o
 *(.rodata)
 *(.rodata*)
 .rodata.str1.1
                0x0080200d       0x16 src/driver/data/data.o
 .rodata.str1.1
                0x00802023       0x6f src/driver/pressure/Pressure.o
 .rodata.str1.1
                0x00802092       0x27 src/driver/temperature/Temperature.o
 .rodata.str1.1
                0x008020b9       0x26 src/main.o
 *(.gnu.linkonce.d*)
                0x008020e0                . = ALIGN (0x2)
 *fill*         0x008020df        0x1 
                0x008020e0                _edata = .
                0x008020e0                PROVIDE (__data_end, .)

.bss            0x008020e0       0x38
                0x008020e0                PROVIDE (__bss_start, .)
 *(.bss)
 *(.bss*)
 .bss.ac_acb_callback
                0x008020e0        0x2 src/ASF/xmega/drivers/ac/ac.o
 .bss.ac_aca_callback
                0x008020e2        0x2 src/ASF/xmega/drivers/ac/ac.o
 .bss.transfer  0x008020e4        0xb src/ASF/xmega/drivers/twi/twim.o
 .bss.gps       0x008020ef        0x2 src/main.o
                0x008020ef                gps
 .bss.gamma_geiger
                0x008020f1        0x2 src/main.o
                0x008020f1                gamma_geiger
 .bss.BG_geiger
                0x008020f3        0x2 src/main.o
                0x008020f3                BG_geiger
 .bss.ABG_geiger
                0x008020f5        0x2 src/main.o
                0x008020f5                ABG_geiger
 .bss.time      0x008020f7        0x1 src/main.o
                0x008020f7                time
 *(COMMON)
 COMMON         0x008020f8        0x2 src/ASF/common/utils/stdio/read.o
                0x008020f8                ptr_get
 COMMON         0x008020fa        0x4 src/ASF/common/utils/stdio/write.o
                0x008020fa                ptr_put
                0x008020fc                stdio_base
 COMMON         0x008020fe        0xc src/driver/pressure/Pressure.o
                0x008020fe                cal_pres_c5
                0x00802100                cal_pres_c3
                0x00802102                cal_pres_c1
                0x00802104                cal_pres_c4
                0x00802106                cal_pres_c2
                0x00802108                cal_pres_c6
 COMMON         0x0080210a        0x4 src/ASF/xmega/drivers/adc/adc.o
                0x0080210a                adcb_callback
                0x0080210c                adca_callback
 COMMON         0x0080210e        0x4 c:/program files (x86)/atmel/studio/7.0/toolchain/avr8/avr8-gnu-toolchain/bin/../lib/gcc/avr/4.9.2/../../../../avr/lib/avrxmega7\libc.a(malloc.o)
                0x0080210e                __brkval
                0x00802110                __flp
 COMMON         0x00802112        0x6 c:/program files (x86)/atmel/studio/7.0/toolchain/avr8/avr8-gnu-toolchain/bin/../lib/gcc/avr/4.9.2/../../../../avr/lib/avrxmega7\libc.a(iob.o)
                0x00802112                __iob
                0x00802118                PROVIDE (__bss_end, .)
                0x000031f4                __data_load_start = LOADADDR (.data)
                0x000032d4                __data_load_end = (__data_load_start + SIZEOF (.data))

.noinit         0x00802118        0x0
                0x00802118                PROVIDE (__noinit_start, .)
 *(.noinit*)
                0x00802118                PROVIDE (__noinit_end, .)
                0x00802118                _end = .
                0x00802118                PROVIDE (__heap_start, .)

.eeprom         0x00810000        0x0
 *(.eeprom*)
                0x00810000                __eeprom_end = .

.fuse
 *(.fuse)
 *(.lfuse)
 *(.hfuse)
 *(.efuse)

.lock
 *(.lock*)

.signature
 *(.signature*)

.user_signatures
 *(.user_signatures*)

.stab
 *(.stab)

.stabstr
 *(.stabstr)

.stab.excl
 *(.stab.excl)

.stab.exclstr
 *(.stab.exclstr)

.stab.index
 *(.stab.index)

.stab.indexstr
 *(.stab.indexstr)

.comment        0x00000000       0x5c
 *(.comment)
 .comment       0x00000000       0x30 src/ASF/common/utils/stdio/read.o
                                 0x31 (size before relaxing)
 .comment       0x00000030       0x31 src/ASF/common/utils/stdio/write.o
 .comment       0x00000030       0x31 src/ASF/xmega/drivers/ac/ac.o
 .comment       0x00000030       0x31 src/ASF/xmega/drivers/twi/twim.o
 .comment       0x00000030       0x31 src/driver/altitude/altitude.o
 .comment       0x00000030       0x31 src/driver/data/data.o
 .comment       0x00000030       0x31 src/driver/gps/gps.o
 .comment       0x00000030       0x31 src/driver/gps/stringring.o
 .comment       0x00000030       0x31 src/driver/pressure/Pressure.o
 .comment       0x00000030       0x31 src/driver/temperature/Temperature.o
 .comment       0x00000030       0x31 src/ASF/common/services/clock/xmega/sysclk.o
 .comment       0x00000030       0x31 src/ASF/common/services/ioport/xmega/ioport_compat.o
 .comment       0x00000030       0x31 src/ASF/xmega/boards/xmega_a1_xplained/init.o
 .comment       0x00000030       0x31 src/ASF/xmega/drivers/adc/adc.o
 .comment       0x00000030       0x31 src/ASF/xmega/drivers/adc/xmega_aau/adc_aau.o
 .comment       0x00000030       0x31 src/ASF/xmega/drivers/usart/usart.o
 .comment       0x00000030       0x31 src/driver/uart_comms.o
 .comment       0x00000030       0x31 src/main.o
 .comment       0x00000030       0x31 c:/program files (x86)/atmel/studio/7.0/toolchain/avr8/avr8-gnu-toolchain/bin/../lib/gcc/avr/4.9.2/../../../../avr/lib/avrxmega7\libc.a(calloc.o)
 .comment       0x00000030       0x31 c:/program files (x86)/atmel/studio/7.0/toolchain/avr8/avr8-gnu-toolchain/bin/../lib/gcc/avr/4.9.2/../../../../avr/lib/avrxmega7\libc.a(malloc.o)
 .comment       0x00000030       0x31 c:/program files (x86)/atmel/studio/7.0/toolchain/avr8/avr8-gnu-toolchain/bin/../lib/gcc/avr/4.9.2/../../../../avr/lib/avrxmega7\libc.a(fdevopen.o)
 .comment       0x00000030       0x31 c:/program files (x86)/atmel/studio/7.0/toolchain/avr8/avr8-gnu-toolchain/bin/../lib/gcc/avr/4.9.2/../../../../avr/lib/avrxmega7\libc.a(iob.o)
 .comment       0x00000030       0x31 c:/program files (x86)/atmel/studio/7.0/toolchain/avr8/avr8-gnu-toolchain/bin/../lib/gcc/avr/4.9.2/../../../../avr/lib/avrxmega7\libc.a(printf.o)
 .comment       0x00000030       0x31 c:/program files (x86)/atmel/studio/7.0/toolchain/avr8/avr8-gnu-toolchain/bin/../lib/gcc/avr/4.9.2/../../../../avr/lib/avrxmega7\libc.a(puts.o)
 .comment       0x00000030       0x31 c:/program files (x86)/atmel/studio/7.0/toolchain/avr8/avr8-gnu-toolchain/bin/../lib/gcc/avr/4.9.2/../../../../avr/lib/avrxmega7\libc.a(sprintf.o)
 .comment       0x00000030       0x2c c:/program files (x86)/atmel/studio/7.0/toolchain/avr8/avr8-gnu-toolchain/bin/../lib/gcc/avr/4.9.2/../../../../avr/lib/avrxmega7\libc.a(vfprintf_std.o)
                                 0x2d (size before relaxing)
 .comment       0x0000005c       0x31 c:/program files (x86)/atmel/studio/7.0/toolchain/avr8/avr8-gnu-toolchain/bin/../lib/gcc/avr/4.9.2/../../../../avr/lib/avrxmega7\libc.a(fputc.o)

.note.gnu.avr.deviceinfo
                0x00000000       0x40
 .note.gnu.avr.deviceinfo
                0x00000000       0x40 C:/Program Files (x86)/Atmel/Studio/7.0/Packs/atmel/XMEGAA_DFP/1.0.36/gcc/dev/atxmega128a1/avrxmega7/crtatxmega128a1.o

.note.gnu.build-id
 *(.note.gnu.build-id)

.debug
 *(.debug)

.line
 *(.line)

.debug_srcinfo
 *(.debug_srcinfo)

.debug_sfnames
 *(.debug_sfnames)

.debug_aranges  0x00000000      0x470
 *(.debug_aranges)
 .debug_aranges
                0x00000000       0x20 src/ASF/common/utils/stdio/read.o
 .debug_aranges
                0x00000020       0x20 src/ASF/common/utils/stdio/write.o
 .debug_aranges
                0x00000040       0x78 src/ASF/xmega/drivers/ac/ac.o
 .debug_aranges
                0x000000b8       0x50 src/ASF/xmega/drivers/twi/twim.o
 .debug_aranges
                0x00000108       0x20 src/driver/altitude/altitude.o
 .debug_aranges
                0x00000128       0x28 src/driver/data/data.o
 .debug_aranges
                0x00000150       0x28 src/driver/gps/gps.o
 .debug_aranges
                0x00000178       0x40 src/driver/gps/stringring.o
 .debug_aranges
                0x000001b8       0x50 src/driver/pressure/Pressure.o
 .debug_aranges
                0x00000208       0x28 src/driver/temperature/Temperature.o
 .debug_aranges
                0x00000230       0x30 src/ASF/common/services/clock/xmega/sysclk.o
 .debug_aranges
                0x00000260       0x20 src/ASF/common/services/ioport/xmega/ioport_compat.o
 .debug_aranges
                0x00000280       0x20 src/ASF/xmega/boards/xmega_a1_xplained/init.o
 .debug_aranges
                0x000002a0       0x48 src/ASF/xmega/drivers/adc/adc.o
 .debug_aranges
                0x000002e8       0x78 src/ASF/xmega/drivers/adc/xmega_aau/adc_aau.o
 .debug_aranges
                0x00000360       0x20 src/ASF/xmega/drivers/cpu/ccp.o
 .debug_aranges
                0x00000380       0x28 src/ASF/xmega/drivers/nvm/nvm_asm.o
 .debug_aranges
                0x000003a8       0x58 src/ASF/xmega/drivers/usart/usart.o
 .debug_aranges
                0x00000400       0x30 src/driver/uart_comms.o
 .debug_aranges
                0x00000430       0x40 src/main.o

.debug_pubnames
 *(.debug_pubnames)

.debug_info     0x00000000     0xd594
 *(.debug_info .gnu.linkonce.wi.*)
 .debug_info    0x00000000      0x119 src/ASF/common/utils/stdio/read.o
 .debug_info    0x00000119      0x119 src/ASF/common/utils/stdio/write.o
 .debug_info    0x00000232      0xadd src/ASF/xmega/drivers/ac/ac.o
 .debug_info    0x00000d0f      0x949 src/ASF/xmega/drivers/twi/twim.o
 .debug_info    0x00001658      0x30c src/driver/altitude/altitude.o
 .debug_info    0x00001964      0x7f3 src/driver/data/data.o
 .debug_info    0x00002157      0x9c2 src/driver/gps/gps.o
 .debug_info    0x00002b19      0x446 src/driver/gps/stringring.o
 .debug_info    0x00002f5f      0xa18 src/driver/pressure/Pressure.o
 .debug_info    0x00003977      0xa35 src/driver/temperature/Temperature.o
 .debug_info    0x000043ac      0x67c src/ASF/common/services/clock/xmega/sysclk.o
 .debug_info    0x00004a28      0x11d src/ASF/common/services/ioport/xmega/ioport_compat.o
 .debug_info    0x00004b45      0xc25 src/ASF/xmega/boards/xmega_a1_xplained/init.o
 .debug_info    0x0000576a      0xaa5 src/ASF/xmega/drivers/adc/adc.o
 .debug_info    0x0000620f      0xe9e src/ASF/xmega/drivers/adc/xmega_aau/adc_aau.o
 .debug_info    0x000070ad       0x87 src/ASF/xmega/drivers/cpu/ccp.o
 .debug_info    0x00007134       0x87 src/ASF/xmega/drivers/nvm/nvm_asm.o
 .debug_info    0x000071bb     0x3287 src/ASF/xmega/drivers/usart/usart.o
 .debug_info    0x0000a442      0x87d src/driver/uart_comms.o
 .debug_info    0x0000acbf     0x28d5 src/main.o

.debug_abbrev   0x00000000     0x2911
 *(.debug_abbrev)
 .debug_abbrev  0x00000000       0xc5 src/ASF/common/utils/stdio/read.o
 .debug_abbrev  0x000000c5       0xa7 src/ASF/common/utils/stdio/write.o
 .debug_abbrev  0x0000016c      0x2ec src/ASF/xmega/drivers/ac/ac.o
 .debug_abbrev  0x00000458      0x2a1 src/ASF/xmega/drivers/twi/twim.o
 .debug_abbrev  0x000006f9      0x143 src/driver/altitude/altitude.o
 .debug_abbrev  0x0000083c      0x2a6 src/driver/data/data.o
 .debug_abbrev  0x00000ae2      0x2a1 src/driver/gps/gps.o
 .debug_abbrev  0x00000d83      0x1d2 src/driver/gps/stringring.o
 .debug_abbrev  0x00000f55      0x298 src/driver/pressure/Pressure.o
 .debug_abbrev  0x000011ed      0x2b2 src/driver/temperature/Temperature.o
 .debug_abbrev  0x0000149f      0x25f src/ASF/common/services/clock/xmega/sysclk.o
 .debug_abbrev  0x000016fe       0x93 src/ASF/common/services/ioport/xmega/ioport_compat.o
 .debug_abbrev  0x00001791      0x160 src/ASF/xmega/boards/xmega_a1_xplained/init.o
 .debug_abbrev  0x000018f1      0x2b9 src/ASF/xmega/drivers/adc/adc.o
 .debug_abbrev  0x00001baa      0x32a src/ASF/xmega/drivers/adc/xmega_aau/adc_aau.o
 .debug_abbrev  0x00001ed4       0x14 src/ASF/xmega/drivers/cpu/ccp.o
 .debug_abbrev  0x00001ee8       0x12 src/ASF/xmega/drivers/nvm/nvm_asm.o
 .debug_abbrev  0x00001efa      0x3df src/ASF/xmega/drivers/usart/usart.o
 .debug_abbrev  0x000022d9      0x2b1 src/driver/uart_comms.o
 .debug_abbrev  0x0000258a      0x387 src/main.o

.debug_line     0x00000000     0x9e2c
 *(.debug_line .debug_line.* .debug_line_end)
 .debug_line    0x00000000      0x3d2 src/ASF/common/utils/stdio/read.o
 .debug_line    0x000003d2      0x3d9 src/ASF/common/utils/stdio/write.o
 .debug_line    0x000007ab      0xa0c src/ASF/xmega/drivers/ac/ac.o
 .debug_line    0x000011b7      0x652 src/ASF/xmega/drivers/twi/twim.o
 .debug_line    0x00001809      0xac9 src/driver/altitude/altitude.o
 .debug_line    0x000022d2      0xb2a src/driver/data/data.o
 .debug_line    0x00002dfc      0xca5 src/driver/gps/gps.o
 .debug_line    0x00003aa1      0x2d4 src/driver/gps/stringring.o
 .debug_line    0x00003d75      0xd37 src/driver/pressure/Pressure.o
 .debug_line    0x00004aac      0xb89 src/driver/temperature/Temperature.o
 .debug_line    0x00005635      0x5a8 src/ASF/common/services/clock/xmega/sysclk.o
 .debug_line    0x00005bdd      0x4b2 src/ASF/common/services/ioport/xmega/ioport_compat.o
 .debug_line    0x0000608f      0x4d9 src/ASF/xmega/boards/xmega_a1_xplained/init.o
 .debug_line    0x00006568      0x799 src/ASF/xmega/drivers/adc/adc.o
 .debug_line    0x00006d01      0x969 src/ASF/xmega/drivers/adc/xmega_aau/adc_aau.o
 .debug_line    0x0000766a       0x6e src/ASF/xmega/drivers/cpu/ccp.o
 .debug_line    0x000076d8      0x11f src/ASF/xmega/drivers/nvm/nvm_asm.o
 .debug_line    0x000077f7      0xd6a src/ASF/xmega/drivers/usart/usart.o
 .debug_line    0x00008561      0xa54 src/driver/uart_comms.o
 .debug_line    0x00008fb5      0xe77 src/main.o

.debug_frame    0x00000000     0x1080
 *(.debug_frame)
 .debug_frame   0x00000000       0x34 src/ASF/common/utils/stdio/read.o
 .debug_frame   0x00000034       0x24 src/ASF/common/utils/stdio/write.o
 .debug_frame   0x00000058      0x2c0 src/ASF/xmega/drivers/ac/ac.o
 .debug_frame   0x00000318      0x1b0 src/ASF/xmega/drivers/twi/twim.o
 .debug_frame   0x000004c8       0x4c src/driver/altitude/altitude.o
 .debug_frame   0x00000514       0x9c src/driver/data/data.o
 .debug_frame   0x000005b0       0xd8 src/driver/gps/gps.o
 .debug_frame   0x00000688       0x90 src/driver/gps/stringring.o
 .debug_frame   0x00000718      0x130 src/driver/pressure/Pressure.o
 .debug_frame   0x00000848       0x48 src/driver/temperature/Temperature.o
 .debug_frame   0x00000890       0x44 src/ASF/common/services/clock/xmega/sysclk.o
 .debug_frame   0x000008d4       0x30 src/ASF/common/services/ioport/xmega/ioport_compat.o
 .debug_frame   0x00000904       0x24 src/ASF/xmega/boards/xmega_a1_xplained/init.o
 .debug_frame   0x00000928       0x8c src/ASF/xmega/drivers/adc/adc.o
 .debug_frame   0x000009b4      0x3a4 src/ASF/xmega/drivers/adc/xmega_aau/adc_aau.o
 .debug_frame   0x00000d58      0x148 src/ASF/xmega/drivers/usart/usart.o
 .debug_frame   0x00000ea0       0x60 src/driver/uart_comms.o
 .debug_frame   0x00000f00      0x180 src/main.o

.debug_str      0x00000000    0x2c83a
 *(.debug_str)
 .debug_str     0x00000000    0x2586d src/ASF/common/utils/stdio/read.o
                              0x25eb6 (size before relaxing)
 .debug_str     0x0002586d       0x2e src/ASF/common/utils/stdio/write.o
                              0x25eb8 (size before relaxing)
 .debug_str     0x0002589b     0x2187 src/ASF/xmega/drivers/ac/ac.o
                              0x2807e (size before relaxing)
 .debug_str     0x00027a22      0x601 src/ASF/xmega/drivers/twi/twim.o
                              0x26554 (size before relaxing)
 .debug_str     0x00028023     0x2757 src/driver/altitude/altitude.o
                              0x2a5c3 (size before relaxing)
 .debug_str     0x0002a77a      0x458 src/driver/data/data.o
                              0x2a777 (size before relaxing)
 .debug_str     0x0002abd2      0x192 src/driver/gps/gps.o
                              0x2abed (size before relaxing)
 .debug_str     0x0002ad64      0x2c6 src/driver/gps/stringring.o
                               0x3e43 (size before relaxing)
 .debug_str     0x0002b02a       0xe7 src/driver/pressure/Pressure.o
                              0x2a96f (size before relaxing)
 .debug_str     0x0002b111      0x517 src/driver/temperature/Temperature.o
                              0x2ab5e (size before relaxing)
 .debug_str     0x0002b628      0x157 src/ASF/common/services/clock/xmega/sysclk.o
                              0x27c80 (size before relaxing)
 .debug_str     0x0002b77f       0xab src/ASF/common/services/ioport/xmega/ioport_compat.o
                              0x2654f (size before relaxing)
 .debug_str     0x0002b82a      0x1b7 src/ASF/xmega/boards/xmega_a1_xplained/init.o
                              0x2776e (size before relaxing)
 .debug_str     0x0002b9e1      0x1f8 src/ASF/xmega/drivers/adc/adc.o
                              0x28751 (size before relaxing)
 .debug_str     0x0002bbd9      0x15e src/ASF/xmega/drivers/adc/xmega_aau/adc_aau.o
                              0x28935 (size before relaxing)
 .debug_str     0x0002bd37      0x84e src/ASF/xmega/drivers/usart/usart.o
                              0x291ad (size before relaxing)
 .debug_str     0x0002c585       0x71 src/driver/uart_comms.o
                              0x29c61 (size before relaxing)
 .debug_str     0x0002c5f6      0x244 src/main.o
                              0x2b035 (size before relaxing)

.debug_loc      0x00000000     0x4d90
 *(.debug_loc)
 .debug_loc     0x00000000       0x6e src/ASF/common/utils/stdio/read.o
 .debug_loc     0x0000006e       0x52 src/ASF/common/utils/stdio/write.o
 .debug_loc     0x000000c0      0xa3e src/ASF/xmega/drivers/ac/ac.o
 .debug_loc     0x00000afe      0x5fc src/ASF/xmega/drivers/twi/twim.o
 .debug_loc     0x000010fa      0x118 src/driver/altitude/altitude.o
 .debug_loc     0x00001212      0x24b src/driver/data/data.o
 .debug_loc     0x0000145d      0x429 src/driver/gps/gps.o
 .debug_loc     0x00001886      0x461 src/driver/gps/stringring.o
 .debug_loc     0x00001ce7      0x393 src/driver/pressure/Pressure.o
 .debug_loc     0x0000207a       0x89 src/driver/temperature/Temperature.o
 .debug_loc     0x00002103      0x183 src/ASF/common/services/clock/xmega/sysclk.o
 .debug_loc     0x00002286       0x66 src/ASF/common/services/ioport/xmega/ioport_compat.o
 .debug_loc     0x000022ec      0x216 src/ASF/xmega/drivers/adc/adc.o
 .debug_loc     0x00002502      0xd66 src/ASF/xmega/drivers/adc/xmega_aau/adc_aau.o
 .debug_loc     0x00003268     0x10ba src/ASF/xmega/drivers/usart/usart.o
 .debug_loc     0x00004322      0x119 src/driver/uart_comms.o
 .debug_loc     0x0000443b      0x955 src/main.o

.debug_macinfo
 *(.debug_macinfo)

.debug_weaknames
 *(.debug_weaknames)

.debug_funcnames
 *(.debug_funcnames)

.debug_typenames
 *(.debug_typenames)

.debug_varnames
 *(.debug_varnames)

.debug_pubtypes
 *(.debug_pubtypes)

.debug_ranges   0x00000000      0x3d8
 *(.debug_ranges)
 .debug_ranges  0x00000000       0x10 src/ASF/common/utils/stdio/read.o
 .debug_ranges  0x00000010       0x10 src/ASF/common/utils/stdio/write.o
 .debug_ranges  0x00000020       0x68 src/ASF/xmega/drivers/ac/ac.o
 .debug_ranges  0x00000088       0x70 src/ASF/xmega/drivers/twi/twim.o
 .debug_ranges  0x000000f8       0x10 src/driver/altitude/altitude.o
 .debug_ranges  0x00000108       0x18 src/driver/data/data.o
 .debug_ranges  0x00000120       0x48 src/driver/gps/gps.o
 .debug_ranges  0x00000168       0x48 src/driver/gps/stringring.o
 .debug_ranges  0x000001b0       0x40 src/driver/pressure/Pressure.o
 .debug_ranges  0x000001f0       0x18 src/driver/temperature/Temperature.o
 .debug_ranges  0x00000208       0x20 src/ASF/common/services/clock/xmega/sysclk.o
 .debug_ranges  0x00000228       0x10 src/ASF/common/services/ioport/xmega/ioport_compat.o
 .debug_ranges  0x00000238       0x10 src/ASF/xmega/boards/xmega_a1_xplained/init.o
 .debug_ranges  0x00000248       0x38 src/ASF/xmega/drivers/adc/adc.o
 .debug_ranges  0x00000280       0x68 src/ASF/xmega/drivers/adc/xmega_aau/adc_aau.o
 .debug_ranges  0x000002e8       0x20 src/ASF/xmega/drivers/nvm/nvm_asm.o
 .debug_ranges  0x00000308       0x80 src/ASF/xmega/drivers/usart/usart.o
 .debug_ranges  0x00000388       0x20 src/driver/uart_comms.o
 .debug_ranges  0x000003a8       0x30 src/main.o

.debug_macro    0x00000000     0x3f6d
 *(.debug_macro)
 .debug_macro   0x00000000      0x16d src/ASF/common/utils/stdio/read.o
 .debug_macro   0x0000016d      0x16d src/ASF/common/utils/stdio/write.o
 .debug_macro   0x000002da      0x220 src/ASF/xmega/drivers/ac/ac.o
 .debug_macro   0x000004fa      0x299 src/ASF/xmega/drivers/ac/ac.o
 .debug_macro   0x00000793       0x10 src/ASF/xmega/drivers/ac/ac.o
 .debug_macro   0x000007a3       0x3b src/ASF/xmega/drivers/ac/ac.o
 .debug_macro   0x000007de      0x198 src/ASF/xmega/drivers/twi/twim.o
 .debug_macro   0x00000976       0x16 src/ASF/xmega/drivers/twi/twim.o
 .debug_macro   0x0000098c       0x22 src/ASF/xmega/drivers/twi/twim.o
 .debug_macro   0x000009ae       0x10 src/ASF/xmega/drivers/twi/twim.o
 .debug_macro   0x000009be      0x3cf src/driver/altitude/altitude.o
 .debug_macro   0x00000d8d       0x10 src/driver/altitude/altitude.o
 .debug_macro   0x00000d9d       0x26 src/driver/altitude/altitude.o
 .debug_macro   0x00000dc3       0xd7 src/driver/altitude/altitude.o
 .debug_macro   0x00000e9a       0x34 src/driver/altitude/altitude.o
 .debug_macro   0x00000ece       0x28 src/driver/altitude/altitude.o
 .debug_macro   0x00000ef6       0x23 src/driver/altitude/altitude.o
 .debug_macro   0x00000f19       0x40 src/driver/altitude/altitude.o
 .debug_macro   0x00000f59       0x58 src/driver/altitude/altitude.o
 .debug_macro   0x00000fb1       0x10 src/driver/altitude/altitude.o
 .debug_macro   0x00000fc1       0xeb src/driver/altitude/altitude.o
 .debug_macro   0x000010ac       0x3a src/driver/altitude/altitude.o
 .debug_macro   0x000010e6       0x28 src/driver/altitude/altitude.o
 .debug_macro   0x0000110e       0x1c src/driver/altitude/altitude.o
 .debug_macro   0x0000112a      0x34e src/driver/altitude/altitude.o
 .debug_macro   0x00001478      0x160 src/driver/altitude/altitude.o
 .debug_macro   0x000015d8      0x3e2 src/driver/data/data.o
 .debug_macro   0x000019ba       0x16 src/driver/data/data.o
 .debug_macro   0x000019d0      0x3ed src/driver/gps/gps.o
 .debug_macro   0x00001dbd       0x97 src/driver/gps/gps.o
 .debug_macro   0x00001e54       0x16 src/driver/gps/gps.o
 .debug_macro   0x00001e6a       0x20 src/driver/gps/gps.o
 .debug_macro   0x00001e8a       0xaa src/driver/gps/gps.o
 .debug_macro   0x00001f34       0xef src/driver/gps/gps.o
 .debug_macro   0x00002023       0x5a src/driver/gps/gps.o
 .debug_macro   0x0000207d       0x20 src/driver/gps/gps.o
 .debug_macro   0x0000209d       0x72 src/driver/gps/stringring.o
 .debug_macro   0x0000210f      0x10e src/driver/gps/stringring.o
 .debug_macro   0x0000221d      0x3d3 src/driver/pressure/Pressure.o
 .debug_macro   0x000025f0      0x3cf src/driver/temperature/Temperature.o
 .debug_macro   0x000029bf      0x1d2 src/ASF/common/services/clock/xmega/sysclk.o
 .debug_macro   0x00002b91      0x193 src/ASF/common/services/ioport/xmega/ioport_compat.o
 .debug_macro   0x00002d24      0x1b5 src/ASF/xmega/boards/xmega_a1_xplained/init.o
 .debug_macro   0x00002ed9       0x34 src/ASF/xmega/boards/xmega_a1_xplained/init.o
 .debug_macro   0x00002f0d      0x273 src/ASF/xmega/boards/xmega_a1_xplained/init.o
 .debug_macro   0x00003180      0x22f src/ASF/xmega/drivers/adc/adc.o
 .debug_macro   0x000033af      0x22f src/ASF/xmega/drivers/adc/xmega_aau/adc_aau.o
 .debug_macro   0x000035de      0x21b src/ASF/xmega/drivers/usart/usart.o
 .debug_macro   0x000037f9      0x365 src/driver/uart_comms.o
 .debug_macro   0x00003b5e      0x3db src/main.o
 .debug_macro   0x00003f39       0x34 src/main.o
OUTPUT(PHYSOON2.0.elf elf32-avr)
LOAD linker stubs

.BOOT           0x00020000        0x0
