Archive member included to satisfy reference by file (symbol)

c:/program files (x86)/atmel/studio/7.0/toolchain/avr8/avr8-gnu-toolchain/bin/../lib/gcc/avr/4.9.2/../../../../avr/lib/avrxmega2\libm.a(addsf3.o)
                              src/drivers/MS5607/MS5607.o (__subsf3)
c:/program files (x86)/atmel/studio/7.0/toolchain/avr8/avr8-gnu-toolchain/bin/../lib/gcc/avr/4.9.2/../../../../avr/lib/avrxmega2\libm.a(addsf3x.o)
                              c:/program files (x86)/atmel/studio/7.0/toolchain/avr8/avr8-gnu-toolchain/bin/../lib/gcc/avr/4.9.2/../../../../avr/lib/avrxmega2\libm.a(addsf3.o) (__addsf3x)
c:/program files (x86)/atmel/studio/7.0/toolchain/avr8/avr8-gnu-toolchain/bin/../lib/gcc/avr/4.9.2/../../../../avr/lib/avrxmega2\libm.a(divsf3.o)
                              src/drivers/gps/gpsParser.o (__divsf3)
c:/program files (x86)/atmel/studio/7.0/toolchain/avr8/avr8-gnu-toolchain/bin/../lib/gcc/avr/4.9.2/../../../../avr/lib/avrxmega2\libm.a(divsf3x.o)
                              c:/program files (x86)/atmel/studio/7.0/toolchain/avr8/avr8-gnu-toolchain/bin/../lib/gcc/avr/4.9.2/../../../../avr/lib/avrxmega2\libm.a(divsf3.o) (__divsf3x)
c:/program files (x86)/atmel/studio/7.0/toolchain/avr8/avr8-gnu-toolchain/bin/../lib/gcc/avr/4.9.2/../../../../avr/lib/avrxmega2\libm.a(fixsfdi.o)
                              src/drivers/MS5607/MS5607.o (__fixsfdi)
c:/program files (x86)/atmel/studio/7.0/toolchain/avr8/avr8-gnu-toolchain/bin/../lib/gcc/avr/4.9.2/../../../../avr/lib/avrxmega2\libm.a(fixsfsi.o)
                              src/drivers/gps/gpsParser.o (__fixsfsi)
c:/program files (x86)/atmel/studio/7.0/toolchain/avr8/avr8-gnu-toolchain/bin/../lib/gcc/avr/4.9.2/../../../../avr/lib/avrxmega2\libm.a(fixunssfsi.o)
                              src/drivers/altitude/altitude.o (__fixunssfsi)
c:/program files (x86)/atmel/studio/7.0/toolchain/avr8/avr8-gnu-toolchain/bin/../lib/gcc/avr/4.9.2/../../../../avr/lib/avrxmega2\libm.a(floatdisf.o)
                              src/drivers/MS5607/MS5607.o (__floatdisf)
c:/program files (x86)/atmel/studio/7.0/toolchain/avr8/avr8-gnu-toolchain/bin/../lib/gcc/avr/4.9.2/../../../../avr/lib/avrxmega2\libm.a(floatsisf.o)
                              src/drivers/MS5607/MS5607.o (__floatunsisf)
c:/program files (x86)/atmel/studio/7.0/toolchain/avr8/avr8-gnu-toolchain/bin/../lib/gcc/avr/4.9.2/../../../../avr/lib/avrxmega2\libm.a(floatundisf.o)
                              src/drivers/gps/gpsParser.o (__floatundisf)
c:/program files (x86)/atmel/studio/7.0/toolchain/avr8/avr8-gnu-toolchain/bin/../lib/gcc/avr/4.9.2/../../../../avr/lib/avrxmega2\libm.a(fp_inf.o)
                              c:/program files (x86)/atmel/studio/7.0/toolchain/avr8/avr8-gnu-toolchain/bin/../lib/gcc/avr/4.9.2/../../../../avr/lib/avrxmega2\libm.a(addsf3x.o) (__fp_inf)
c:/program files (x86)/atmel/studio/7.0/toolchain/avr8/avr8-gnu-toolchain/bin/../lib/gcc/avr/4.9.2/../../../../avr/lib/avrxmega2\libm.a(fp_nan.o)
                              c:/program files (x86)/atmel/studio/7.0/toolchain/avr8/avr8-gnu-toolchain/bin/../lib/gcc/avr/4.9.2/../../../../avr/lib/avrxmega2\libm.a(addsf3x.o) (__fp_nan)
c:/program files (x86)/atmel/studio/7.0/toolchain/avr8/avr8-gnu-toolchain/bin/../lib/gcc/avr/4.9.2/../../../../avr/lib/avrxmega2\libm.a(fp_negdi.o)
                              c:/program files (x86)/atmel/studio/7.0/toolchain/avr8/avr8-gnu-toolchain/bin/../lib/gcc/avr/4.9.2/../../../../avr/lib/avrxmega2\libm.a(fixsfdi.o) (__fp_negdi)
c:/program files (x86)/atmel/studio/7.0/toolchain/avr8/avr8-gnu-toolchain/bin/../lib/gcc/avr/4.9.2/../../../../avr/lib/avrxmega2\libm.a(fp_pscA.o)
                              c:/program files (x86)/atmel/studio/7.0/toolchain/avr8/avr8-gnu-toolchain/bin/../lib/gcc/avr/4.9.2/../../../../avr/lib/avrxmega2\libm.a(addsf3x.o) (__fp_pscA)
c:/program files (x86)/atmel/studio/7.0/toolchain/avr8/avr8-gnu-toolchain/bin/../lib/gcc/avr/4.9.2/../../../../avr/lib/avrxmega2\libm.a(fp_pscB.o)
                              c:/program files (x86)/atmel/studio/7.0/toolchain/avr8/avr8-gnu-toolchain/bin/../lib/gcc/avr/4.9.2/../../../../avr/lib/avrxmega2\libm.a(addsf3x.o) (__fp_pscB)
c:/program files (x86)/atmel/studio/7.0/toolchain/avr8/avr8-gnu-toolchain/bin/../lib/gcc/avr/4.9.2/../../../../avr/lib/avrxmega2\libm.a(fp_round.o)
                              c:/program files (x86)/atmel/studio/7.0/toolchain/avr8/avr8-gnu-toolchain/bin/../lib/gcc/avr/4.9.2/../../../../avr/lib/avrxmega2\libm.a(addsf3.o) (__fp_round)
c:/program files (x86)/atmel/studio/7.0/toolchain/avr8/avr8-gnu-toolchain/bin/../lib/gcc/avr/4.9.2/../../../../avr/lib/avrxmega2\libm.a(fp_split3.o)
                              c:/program files (x86)/atmel/studio/7.0/toolchain/avr8/avr8-gnu-toolchain/bin/../lib/gcc/avr/4.9.2/../../../../avr/lib/avrxmega2\libm.a(addsf3x.o) (__fp_split3)
c:/program files (x86)/atmel/studio/7.0/toolchain/avr8/avr8-gnu-toolchain/bin/../lib/gcc/avr/4.9.2/../../../../avr/lib/avrxmega2\libm.a(fp_zero.o)
[...]
Memory Configuration

Name             Origin             Length             Attributes
text             0x00000000         0x00100000         xr
data             0x00802000         0x0000ffa0         rw !x
eeprom           0x00810000         0x00010000         rw !x
fuse             0x00820000         0x00000400         rw !x
lock             0x00830000         0x00000400         rw !x
signature        0x00840000         0x00000400         rw !x
user_signatures  0x00850000         0x00000400         rw !x
*default*        0x00000000         0xffffffff

Linker script and memory map

LOAD C:/Program Files (x86)/Atmel/Studio/7.0/Packs/atmel/XMEGAA_DFP/1.0.36/gcc/dev/atxmega32a4u/avrxmega2/crtatxmega32a4u.o
LOAD src/ASF/xmega/drivers/tc/tc.o
LOAD src/ASF/xmega/services/pwm/pwm.o
LOAD src/drivers/gps/ctl_stringring.o
LOAD src/drivers/gps/gpsParser.o
LOAD src/drivers/MS5607/MS5607.o
LOAD src/drivers/MS5607/SPI.o
LOAD src/main.o
LOAD src/ASF/common/services/clock/xmega/sysclk.o
LOAD src/ASF/common/services/serial/usart_serial.o
LOAD src/ASF/common/services/sleepmgr/xmega/sleepmgr.o
LOAD src/ASF/common/services/spi/xmega_spi/spi_master.o
LOAD src/ASF/common/utils/stdio/read.o
LOAD src/ASF/common/utils/stdio/write.o
LOAD src/ASF/xmega/drivers/ac/ac.o
LOAD src/ASF/xmega/drivers/adc/adc.o
LOAD src/ASF/xmega/drivers/adc/xmega_aau/adc_aau.o
LOAD src/ASF/xmega/drivers/cpu/ccp.o
LOAD src/ASF/xmega/drivers/dac/dac.o
LOAD src/ASF/xmega/drivers/nvm/nvm.o
LOAD src/ASF/xmega/drivers/nvm/nvm_asm.o
LOAD src/ASF/xmega/drivers/rtc/rtc.o
LOAD src/ASF/xmega/drivers/spi/spi.o
LOAD src/ASF/xmega/drivers/twi/twim.o
LOAD src/ASF/xmega/drivers/twi/twis.o
LOAD src/ASF/xmega/drivers/usart/usart.o
LOAD src/drivers/altitude/altitude.o
LOAD src/drivers/data/data.o
LOAD src/drivers/LED/LEDs.o
LOAD src/drivers/temperature/Temperature.o
LOAD src/ASF/common/services/ioport/xmega/ioport_compat.o
LOAD src/ASF/xmega/boards/stk600/rc044x/init.o
START GROUP
LOAD c:/program files (x86)/atmel/studio/7.0/toolchain/avr8/avr8-gnu-toolchain/bin/../lib/gcc/avr/4.9.2/../../../../avr/lib/avrxmega2\libm.a
END GROUP
Address of section .BOOT set to 0x8000
START GROUP
LOAD c:/program files (x86)/atmel/studio/7.0/toolchain/avr8/avr8-gnu-toolchain/bin/../lib/gcc/avr/4.9.2/avrxmega2\libgcc.a
LOAD c:/program files (x86)/atmel/studio/7.0/toolchain/avr8/avr8-gnu-toolchain/bin/../lib/gcc/avr/4.9.2/../../../../avr/lib/avrxmega2\libm.a
LOAD c:/program files (x86)/atmel/studio/7.0/toolchain/avr8/avr8-gnu-toolchain/bin/../lib/gcc/avr/4.9.2/../../../../avr/lib/avrxmega2\libc.a
LOAD C:/Program Files (x86)/Atmel/Studio/7.0/Packs/atmel/XMEGAA_DFP/1.0.36/gcc/dev/atxmega32a4u/avrxmega2\libatxmega32a4u.a
END GROUP

.hash
 *(.hash)

.dynsym
 *(.dynsym)

.dynstr
 *(.dynstr)

.gnu.version
 *(.gnu.version)

.gnu.version_d
 *(.gnu.version_d)

.gnu.version_r
 *(.gnu.version_r)

.rel.init
 *(.rel.init)

.rela.init
 *(.rela.init)

.rel.text
 *(.rel.text)
 *(.rel.text.*)
 *(.rel.gnu.linkonce.t*)

.rela.text
 *(.rela.text)
 *(.rela.text.*)
 *(.rela.gnu.linkonce.t*)

.rel.fini
 *(.rel.fini)

.rela.fini
 *(.rela.fini)

.rel.rodata
 *(.rel.rodata)
 *(.rel.rodata.*)
 *(.rel.gnu.linkonce.r*)

.rela.rodata
 *(.rela.rodata)
 *(.rela.rodata.*)
 *(.rela.gnu.linkonce.r*)

.rel.data
 *(.rel.data)
 *(.rel.data.*)
 *(.rel.gnu.linkonce.d*)

.rela.data
 *(.rela.data)
 *(.rela.data.*)
 *(.rela.gnu.linkonce.d*)

.rel.ctors
 *(.rel.ctors)

.rela.ctors
 *(.rela.ctors)

.rel.dtors
 *(.rel.dtors)

.rela.dtors
 *(.rela.dtors)

.rel.got
 *(.rel.got)

.rela.got
 *(.rela.got)

.rel.bss
 *(.rel.bss)

.rela.bss
 *(.rela.bss)

.rel.plt
 *(.rel.plt)

.rela.plt
 *(.rela.plt)

.text           0x00000000     0x63f6
 *(.vectors)
 .vectors       0x00000000      0x1fc C:/Program Files (x86)/Atmel/Studio/7.0/Packs/atmel/XMEGAA_DFP/1.0.36/gcc/dev/atxmega32a4u/avrxmega2/crtatxmega32a4u.o
                0x00000000                __vector_default
                0x00000000                __vectors
 *(.vectors)
 *(.progmem.gcc*)
 .progmem.gcc_fplib
                0x000001fc       0x5a c:/program files (x86)/atmel/studio/7.0/toolchain/avr8/avr8-gnu-toolchain/bin/../lib/gcc/avr/4.9.2/../../../../avr/lib/avrxmega2\libm.a(log.o)
 .progmem.gcc_fplib
                0x00000256       0x28 c:/program files (x86)/atmel/studio/7.0/toolchain/avr8/avr8-gnu-toolchain/bin/../lib/gcc/avr/4.9.2/../../../../avr/lib/avrxmega2\libm.a(exp.o)
                0x0000027e                . = ALIGN (0x2)
                0x0000027e                __trampolines_start = .
 *(.trampolines)
 .trampolines   0x0000027e        0x0 linker stubs
 *(.trampolines*)
                0x0000027e                __trampolines_end = .
 *(.progmem*)
                0x0000027e                . = ALIGN (0x2)
 *(.jumptables)
 *(.jumptables*)
 *(.lowtext)
 *(.lowtext*)
                0x0000027e                __ctors_start = .
 *(.ctors)
                0x0000027e                __ctors_end = .
                0x0000027e                __dtors_start = .
 *(.dtors)
                0x0000027e                __dtors_end = .
 SORT(*)(.ctors)
 SORT(*)(.dtors)
 *(.init0)
 .init0         0x0000027e        0x0 C:/Program Files (x86)/Atmel/Studio/7.0/Packs/atmel/XMEGAA_DFP/1.0.36/gcc/dev/atxmega32a4u/avrxmega2/crtatxmega32a4u.o
                0x0000027e                __init
 *(.init0)
 *(.init1)
 *(.init1)
 *(.init2)
 .init2         0x0000027e        0xc C:/Program Files (x86)/Atmel/Studio/7.0/Packs/atmel/XMEGAA_DFP/1.0.36/gcc/dev/atxmega32a4u/avrxmega2/crtatxmega32a4u.o
 *(.init2)
 *(.init3)
 *(.init3)
 *(.init4)
 .init4         0x0000028a       0x16 c:/program files (x86)/atmel/studio/7.0/toolchain/avr8/avr8-gnu-toolchain/bin/../lib/gcc/avr/4.9.2/avrxmega2\libgcc.a(_copy_data.o)
                0x0000028a                __do_copy_data
 .init4         0x000002a0       0x10 c:/program files (x86)/atmel/studio/7.0/toolchain/avr8/avr8-gnu-toolchain/bin/../lib/gcc/avr/4.9.2/avrxmega2\libgcc.a(_clear_bss.o)
                0x000002a0                __do_clear_bss
 *(.init4)
 *(.init5)
 *(.init5)
 *(.init6)
 *(.init6)
 *(.init7)
 *(.init7)
 *(.init8)
 *(.init8)
 *(.init9)
 .init9         0x000002b0        0x8 C:/Program Files (x86)/Atmel/Studio/7.0/Packs/atmel/XMEGAA_DFP/1.0.36/gcc/dev/atxmega32a4u/avrxmega2/crtatxmega32a4u.o
 *(.init9)
 *(.text)
 .text          0x000002b8        0x2 C:/Program Files (x86)/Atmel/Studio/7.0/Packs/atmel/XMEGAA_DFP/1.0.36/gcc/dev/atxmega32a4u/avrxmega2/crtatxmega32a4u.o
                0x000002b8                __vector_38
                0x000002b8                __vector_104
                0x000002b8                __vector_63
                0x000002b8                __vector_28
                0x000002b8                __vector_1
                0x000002b8                __vector_119
                0x000002b8                __vector_32
                0x000002b8                __vector_75
                0x000002b8                __vector_91
                0x000002b8                __vector_34
                0x000002b8                __vector_62
                0x000002b8                __vector_102
                0x000002b8                __vector_24
                0x000002b8                __vector_12
                0x000002b8                __vector_55
                0x000002b8                __vector_90
                0x000002b8                __bad_interrupt
                0x000002b8                __vector_122
                0x000002b8                __vector_114
                0x000002b8                __vector_6
                0x000002b8                __vector_110
                0x000002b8                __vector_31
                0x000002b8                __vector_92
                0x000002b8                __vector_35
                0x000002b8                __vector_117
                0x000002b8                __vector_39
                0x000002b8                __vector_107
                0x000002b8                __vector_3
                0x000002b8                __vector_105
                0x000002b8                __vector_98
                0x000002b8                __vector_30
                0x000002b8                __vector_45
                0x000002b8                __vector_93
                0x000002b8                __vector_61
                0x000002b8                __vector_54
                0x000002b8                __vector_99
                0x000002b8                __vector_56
                0x000002b8                __vector_7
                0x000002b8                __vector_125
                0x000002b8                __vector_123
                0x000002b8                __vector_41
                0x000002b8                __vector_100
                0x000002b8                __vector_101
                0x000002b8                __vector_64
                0x000002b8                __vector_88
                0x000002b8                __vector_109
                0x000002b8                __vector_43
                0x000002b8                __vector_27
                0x000002b8                __vector_5
                0x000002b8                __vector_113
                0x000002b8                __vector_33
                0x000002b8                __vector_76
                0x000002b8                __vector_115
                0x000002b8                __vector_47
                0x000002b8                __vector_37
                0x000002b8                __vector_95
                0x000002b8                __vector_103
                0x000002b8                __vector_96
                0x000002b8                __vector_89
                0x000002b8                __vector_108
                0x000002b8                __vector_4
                0x000002b8                __vector_44
                0x000002b8                __vector_106
                0x000002b8                __vector_118
                0x000002b8                __vector_9
                0x000002b8                __vector_2
                0x000002b8                __vector_36
                0x000002b8                __vector_58
                0x000002b8                __vector_29
                0x000002b8                __vector_60
                0x000002b8                __vector_121
                0x000002b8                __vector_40
                0x000002b8                __vector_94
                0x000002b8                __vector_126
                0x000002b8                __vector_8
                0x000002b8                __vector_26
                0x000002b8                __vector_124
                0x000002b8                __vector_116
                0x000002b8                __vector_112
                0x000002b8                __vector_111
                0x000002b8                __vector_57
                0x000002b8                __vector_53
                0x000002b8                __vector_59
                0x000002b8                __vector_97
                0x000002b8                __vector_42
                0x000002b8                __vector_87
                0x000002b8                __vector_65
                0x000002b8                __vector_120
                0x000002ba                . = ALIGN (0x2)
 *(.text.*)
 .text.__vector_15
                0x000002ba       0x6c src/ASF/xmega/drivers/tc/tc.o
                0x000002ba                __vector_15
 .text.__vector_16
                0x00000326       0x6c src/ASF/xmega/drivers/tc/tc.o
                0x00000326                __vector_16
 .text.__vector_17
                0x00000392       0x6c src/ASF/xmega/drivers/tc/tc.o
                0x00000392                __vector_17
 .text.__vector_18
                0x000003fe       0x6c src/ASF/xmega/drivers/tc/tc.o
                0x000003fe                __vector_18
 .text.__vector_19
                0x0000046a       0x6c src/ASF/xmega/drivers/tc/tc.o
                0x0000046a                __vector_19
 .text.__vector_20
                0x000004d6       0x6c src/ASF/xmega/drivers/tc/tc.o
                0x000004d6                __vector_20
 .text.__vector_21
                0x00000542       0x6c src/ASF/xmega/drivers/tc/tc.o
                0x00000542                __vector_21
 .text.__vector_22
                0x000005ae       0x6c src/ASF/xmega/drivers/tc/tc.o
                0x000005ae                __vector_22
 .text.__vector_23
                0x0000061a       0x6c src/ASF/xmega/drivers/tc/tc.o
                0x0000061a                __vector_23
 .text.__vector_77
                0x00000686       0x6c src/ASF/xmega/drivers/tc/tc.o
                0x00000686                __vector_77
 .text.__vector_78
                0x000006f2       0x6c src/ASF/xmega/drivers/tc/tc.o
                0x000006f2                __vector_78
 .text.__vector_79
                0x0000075e       0x6c src/ASF/xmega/drivers/tc/tc.o
                0x0000075e                __vector_79
 .text.__vector_80
                0x000007ca       0x6c src/ASF/xmega/drivers/tc/tc.o
                0x000007ca                __vector_80
 .text.__vector_81
                0x00000836       0x6c src/ASF/xmega/drivers/tc/tc.o
                0x00000836                __vector_81
 .text.__vector_82
                0x000008a2       0x6c src/ASF/xmega/drivers/tc/tc.o
                0x000008a2                __vector_82
 .text.__vector_83
                0x0000090e       0x6c src/ASF/xmega/drivers/tc/tc.o
                0x0000090e                __vector_83
 .text.__vector_84
                0x0000097a       0x6c src/ASF/xmega/drivers/tc/tc.o
                0x0000097a                __vector_84
 .text.__vector_85
                0x000009e6       0x6c src/ASF/xmega/drivers/tc/tc.o
                0x000009e6                __vector_85
 .text.__vector_86
                0x00000a52       0x6c src/ASF/xmega/drivers/tc/tc.o
                0x00000a52                __vector_86
 .text.__vector_48
                0x00000abe       0x6c src/ASF/xmega/drivers/tc/tc.o
                0x00000abe                __vector_48
 .text.__vector_49
                0x00000b2a       0x6c src/ASF/xmega/drivers/tc/tc.o
                0x00000b2a                __vector_49
 .text.__vector_50
                0x00000b96       0x6c src/ASF/xmega/drivers/tc/tc.o
                0x00000b96                __vector_50
 .text.__vector_51
                0x00000c02       0x6c src/ASF/xmega/drivers/tc/tc.o
                0x00000c02                __vector_51
 .text.__vector_52
                0x00000c6e       0x6c src/ASF/xmega/drivers/tc/tc.o
                0x00000c6e                __vector_52
 .text.StringRingPushHead
                0x00000cda      0x166 src/drivers/gps/ctl_stringring.o
 .text.StringRingMoveHeadToNextString
                0x00000e40       0xde src/drivers/gps/ctl_stringring.o
 .text.StringRingIncrementHead
                0x00000f1e       0x46 src/drivers/gps/ctl_stringring.o
 .text.StringRingIncrementTail
                0x00000f64       0x6c src/drivers/gps/ctl_stringring.o
 .text.StringRingPush
                0x00000fd0       0x34 src/drivers/gps/ctl_stringring.o
 .text.StringRingWrite
                0x00001004       0x32 src/drivers/gps/ctl_stringring.o
                0x00001004                StringRingWrite
 .text.StringRingSeekNextReadableString
                0x00001036       0xb8 src/drivers/gps/ctl_stringring.o
                0x00001036                StringRingSeekNextReadableString
 .text.__vector_25
                0x000010ee       0x96 src/drivers/gps/gpsParser.o
                0x000010ee                __vector_25
 .text.sysclk_get_main_hz
                0x00001184       0x1a src/drivers/MS5607/MS5607.o
 .text.sysclk_get_per4_hz
                0x0000119e       0x32 src/drivers/MS5607/MS5607.o
 .text.sysclk_get_per2_hz
                0x000011d0       0x18 src/drivers/MS5607/MS5607.o
 .text.sysclk_get_per_hz
                0x000011e8       0x18 src/drivers/MS5607/MS5607.o
 .text.sysclk_get_cpu_hz
                0x00001200       0x18 src/drivers/MS5607/MS5607.o
 .text.__portable_avr_delay_cycles
                0x00001218        0xc src/drivers/MS5607/MS5607.o
 .text.read16   0x00001224       0x4c src/drivers/MS5607/MS5607.o
                0x00001224                read16
 .text.read24   0x00001270       0xa0 src/drivers/MS5607/MS5607.o
                0x00001270                read24
 .text.pressure_reset
                0x00001310      0x188 src/drivers/MS5607/MS5607.o
                0x00001310                pressure_reset
 .text.pressure_init
                0x00001498      0x156 src/drivers/MS5607/MS5607.o
                0x00001498                pressure_init
 .text.readMS5607
                0x000015ee      0xc78 src/drivers/MS5607/MS5607.o
                0x000015ee                readMS5607
 .text.updateAltitude
                0x00002266       0x3c src/drivers/MS5607/MS5607.o
                0x00002266                updateAltitude
 .text.sysclk_get_main_hz
                0x000022a2       0x1a src/drivers/MS5607/SPI.o
 .text.sysclk_get_per4_hz
                0x000022bc       0x32 src/drivers/MS5607/SPI.o
 .text.sysclk_get_per2_hz
                0x000022ee       0x18 src/drivers/MS5607/SPI.o
 .text.sysclk_get_per_hz
                0x00002306       0x18 src/drivers/MS5607/SPI.o
 .text.sysclk_get_cpu_hz
                0x0000231e       0x18 src/drivers/MS5607/SPI.o
 .text.sysclk_enable_peripheral_clock
                0x00002336      0x1d0 src/drivers/MS5607/SPI.o
 .text.__portable_avr_delay_cycles
                0x00002506        0xc src/drivers/MS5607/SPI.o
 .text.ioport_set_pin_low
                0x00002512       0xa8 src/drivers/MS5607/SPI.o
 .text.ioport_set_pin_high
                0x000025ba       0xaa src/drivers/MS5607/SPI.o
 .text.spi_init
                0x00002664       0x6c src/drivers/MS5607/SPI.o
                0x00002664                spi_init
 .text.spi_read
                0x000026d0      0x174 src/drivers/MS5607/SPI.o
                0x000026d0                spi_read
 .text.spi_write
                0x00002844      0x172 src/drivers/MS5607/SPI.o
                0x00002844                spi_write
 .text.spi_select
                0x000029b6      0x154 src/drivers/MS5607/SPI.o
                0x000029b6                spi_select
 .text.spi_deselect
                0x00002b0a      0x154 src/drivers/MS5607/SPI.o
                0x00002b0a                spi_deselect
 .text.sysclk_get_main_hz
                0x00002c5e       0x1a src/main.o
 .text.sysclk_get_per4_hz
                0x00002c78       0x32 src/main.o
 .text.sysclk_get_per2_hz
                0x00002caa       0x18 src/main.o
 .text.sysclk_get_per_hz
                0x00002cc2       0x18 src/main.o
 .text.sysclk_get_cpu_hz
                0x00002cda       0x18 src/main.o
 .text.__portable_avr_delay_cycles
                0x00002cf2        0xc src/main.o
 .text.ioport_configure_pin
                0x00002cfe       0x78 src/main.o
 .text.__iCliRetVal
                0x00002d76       0x12 src/main.o
 .text.__iRestore
                0x00002d88       0x28 src/main.o
 .text.main     0x00002db0      0x216 src/main.o
                0x00002db0                main
 .text.__vector_66
                0x00002fc6       0x8a src/main.o
                0x00002fc6                __vector_66
 .text.__vector_67
                0x00003050       0x8a src/main.o
                0x00003050                __vector_67
 .text.__vector_14
                0x000030da       0x8c src/main.o
                0x000030da                __vector_14
 .text.cpu_irq_save
                0x00003166       0x20 src/ASF/common/services/clock/xmega/sysclk.o
 .text.cpu_irq_restore
                0x00003186       0x1e src/ASF/common/services/clock/xmega/sysclk.o
 .text.osc_enable_internal
                0x000031a4       0x32 src/ASF/common/services/clock/xmega/sysclk.o
 .text.osc_enable_external
                0x000031d6       0x3a src/ASF/common/services/clock/xmega/sysclk.o
 .text.osc_disable
                0x00003210       0x36 src/ASF/common/services/clock/xmega/sysclk.o
 .text.osc_enable
                0x00003246       0x24 src/ASF/common/services/clock/xmega/sysclk.o
 .text.osc_is_ready
                0x0000326a       0x28 src/ASF/common/services/clock/xmega/sysclk.o
 .text.osc_wait_ready
                0x00003292       0x24 src/ASF/common/services/clock/xmega/sysclk.o
 .text.sysclk_init
                0x000032b6       0x62 src/ASF/common/services/clock/xmega/sysclk.o
                0x000032b6                sysclk_init
 .text.sysclk_enable_module
                0x00003318       0x48 src/ASF/common/services/clock/xmega/sysclk.o
                0x00003318                sysclk_enable_module
 .text._read    0x00003360       0x40 src/ASF/common/utils/stdio/read.o
                0x00003360                _read
 .text._write   0x000033a0       0x42 src/ASF/common/utils/stdio/write.o
                0x000033a0                _write
 .text.__vector_68
                0x000033e2       0x9e src/ASF/xmega/drivers/ac/ac.o
                0x000033e2                __vector_68
 .text.__vector_69
                0x00003480       0x9e src/ASF/xmega/drivers/ac/ac.o
                0x00003480                __vector_69
 .text.__vector_70
                0x0000351e       0x7e src/ASF/xmega/drivers/ac/ac.o
                0x0000351e                __vector_70
 .text.__vector_71
                0x0000359c       0xd6 src/ASF/xmega/drivers/adc/xmega_aau/adc_aau.o
                0x0000359c                __vector_71
 .text.__vector_72
                0x00003672       0xd6 src/ASF/xmega/drivers/adc/xmega_aau/adc_aau.o
                0x00003672                __vector_72
 .text.__vector_73
                0x00003748       0xd6 src/ASF/xmega/drivers/adc/xmega_aau/adc_aau.o
                0x00003748                __vector_73
 .text.__vector_74
                0x0000381e       0xd6 src/ASF/xmega/drivers/adc/xmega_aau/adc_aau.o
                0x0000381e                __vector_74
 .text.ccp_write_io
                0x000038f4        0xc src/ASF/xmega/drivers/cpu/ccp.o
                0x000038f4                ccp_write_io
 .text.nvm_read_byte
                0x00003900       0x14 src/ASF/xmega/drivers/nvm/nvm_asm.o
                0x00003900                nvm_read_byte
 .text.__vector_10
                0x00003914       0x3e src/ASF/xmega/drivers/rtc/rtc.o
                0x00003914                __vector_10
 .text.__vector_11
                0x00003952      0x13e src/ASF/xmega/drivers/rtc/rtc.o
                0x00003952                __vector_11
 .text.__vector_13
                0x00003a90       0x56 src/ASF/xmega/drivers/twi/twim.o
                0x00003a90                __vector_13
 .text.__vector_46
                0x00003ae6       0x56 src/ASF/xmega/drivers/twi/twim.o
                0x00003ae6                __vector_46
 .text.twim_write_handler
                0x00003b3c      0x100 src/ASF/xmega/drivers/twi/twim.o
 .text.twim_read_handler
                0x00003c3c       0xc6 src/ASF/xmega/drivers/twi/twim.o
 .text.twim_interrupt_handler
                0x00003d02       0xa8 src/ASF/xmega/drivers/twi/twim.o
 .text.twi_master_init
                0x00003daa       0x70 src/ASF/xmega/drivers/twi/twim.o
                0x00003daa                twi_master_init
 .text.usart_rx_enable
                0x00003e1a       0x2c src/ASF/xmega/drivers/usart/usart.o
 .text.usart_format_set
                0x00003e46       0x44 src/ASF/xmega/drivers/usart/usart.o
 .text.usart_tx_enable
                0x00003e8a       0x2c src/ASF/xmega/drivers/usart/usart.o
 .text.usart_set_mode
                0x00003eb6       0x38 src/ASF/xmega/drivers/usart/usart.o
 .text.usart_data_register_is_empty
                0x00003eee       0x32 src/ASF/xmega/drivers/usart/usart.o
 .text.usart_rx_is_complete
                0x00003f20       0x32 src/ASF/xmega/drivers/usart/usart.o
 .text.sysclk_get_main_hz
                0x00003f52       0x1a src/ASF/xmega/drivers/usart/usart.o
 .text.sysclk_get_per4_hz
                0x00003f6c       0x32 src/ASF/xmega/drivers/usart/usart.o
 .text.sysclk_get_per2_hz
                0x00003f9e       0x18 src/ASF/xmega/drivers/usart/usart.o
 .text.sysclk_get_per_hz
                0x00003fb6       0x18 src/ASF/xmega/drivers/usart/usart.o
 .text.sysclk_enable_peripheral_clock
                0x00003fce      0x1d0 src/ASF/xmega/drivers/usart/usart.o
 .text.usart_init_rs232
                0x0000419e       0x8c src/ASF/xmega/drivers/usart/usart.o
                0x0000419e                usart_init_rs232
 .text.usart_putchar
                0x0000422a       0x3e src/ASF/xmega/drivers/usart/usart.o
                0x0000422a                usart_putchar
 .text.usart_getchar
                0x00004268       0x32 src/ASF/xmega/drivers/usart/usart.o
                0x00004268                usart_getchar
 .text.usart_set_baudrate
                0x0000429a      0x37a src/ASF/xmega/drivers/usart/usart.o
                0x0000429a                usart_set_baudrate
 .text.sysclk_enable_peripheral_clock
                0x00004614      0x200 src/drivers/data/data.o
 .text.usart_serial_init
                0x00004814       0xc8 src/drivers/data/data.o
 .text.usart_serial_putchar
                0x000048dc       0x26 src/drivers/data/data.o
 .text.usart_serial_getchar
                0x00004902       0x30 src/drivers/data/data.o
 .text.stdio_serial_init
                0x00004932       0x5c src/drivers/data/data.o
 .text.twi_master_enable
                0x0000498e       0x2c src/drivers/data/data.o
 .text.sendTelemetry
                0x000049ba      0x186 src/drivers/data/data.o
                0x000049ba                sendTelemetry
 .text.data_init
                0x00004b40       0x1e src/drivers/data/data.o
                0x00004b40                data_init
 .text.clock_init
                0x00004b5e      0x104 src/drivers/data/data.o
                0x00004b5e                clock_init
 .text.int_init
                0x00004c62       0x6e src/drivers/data/data.o
                0x00004c62                int_init
 .text.nvm_read_production_signature_row
                0x00004cd0       0x22 src/drivers/temperature/Temperature.o
 .text.adc_get_calibration_data
                0x00004cf2       0x8e src/drivers/temperature/Temperature.o
 .text.ADC_init
                0x00004d80       0x5e src/drivers/temperature/Temperature.o
                0x00004d80                ADC_init
 .text.getTemperature
                0x00004dde      0x2c2 src/drivers/temperature/Temperature.o
                0x00004dde                getTemperature
 .text.ioport_configure_port_pin
                0x000050a0       0xba src/ASF/common/services/ioport/xmega/ioport_compat.o
                0x000050a0                ioport_configure_port_pin
 .text.board_init
                0x0000515a       0x34 src/ASF/xmega/boards/stk600/rc044x/init.o
                0x0000515a                board_init
 .text.avr-libc.fplib
                0x0000518e        0xa c:/program files (x86)/atmel/studio/7.0/toolchain/avr8/avr8-gnu-toolchain/bin/../lib/gcc/avr/4.9.2/../../../../avr/lib/avrxmega2\libm.a(addsf3.o)
                0x0000518e                __subsf3
                0x00005190                __addsf3
 .text.avr-libc.fplib
                0x00005198       0xc0 c:/program files (x86)/atmel/studio/7.0/toolchain/avr8/avr8-gnu-toolchain/bin/../lib/gcc/avr/4.9.2/../../../../avr/lib/avrxmega2\libm.a(addsf3x.o)
                0x000051b2                __addsf3x
 .text.avr-libc.fplib
                0x00005258        0x4 c:/program files (x86)/atmel/studio/7.0/toolchain/avr8/avr8-gnu-toolchain/bin/../lib/gcc/avr/4.9.2/../../../../avr/lib/avrxmega2\libm.a(divsf3.o)
                0x00005258                __divsf3
 .text.avr-libc.fplib
                0x0000525c       0xcc c:/program files (x86)/atmel/studio/7.0/toolchain/avr8/avr8-gnu-toolchain/bin/../lib/gcc/avr/4.9.2/../../../../avr/lib/avrxmega2\libm.a(divsf3x.o)
                0x00005272                __divsf3x
                0x00005276                __divsf3_pse
 .text.avr-libc.fplib
                0x00005328       0x74 c:/program files (x86)/atmel/studio/7.0/toolchain/avr8/avr8-gnu-toolchain/bin/../lib/gcc/avr/4.9.2/../../../../avr/lib/avrxmega2\libm.a(fixsfdi.o)
                0x00005328                __fixsfdi
                0x00005332                __fixunssfdi
 .text.avr-libc.fplib
                0x0000539c        0xa c:/program files (x86)/atmel/studio/7.0/toolchain/avr8/avr8-gnu-toolchain/bin/../lib/gcc/avr/4.9.2/../../../../avr/lib/avrxmega2\libm.a(fixsfsi.o)
                0x0000539c                __fixsfsi
 .text.avr-libc.fplib
                0x000053a6       0x58 c:/program files (x86)/atmel/studio/7.0/toolchain/avr8/avr8-gnu-toolchain/bin/../lib/gcc/avr/4.9.2/../../../../avr/lib/avrxmega2\libm.a(fixunssfsi.o)
                0x000053a6                __fixunssfsi
 .text.avr-libc.fplib
                0x000053fe        0x8 c:/program files (x86)/atmel/studio/7.0/toolchain/avr8/avr8-gnu-toolchain/bin/../lib/gcc/avr/4.9.2/../../../../avr/lib/avrxmega2\libm.a(floatdisf.o)
                0x000053fe                __floatdisf
 .text.avr-libc.fplib
                0x00005406       0x7a c:/program files (x86)/atmel/studio/7.0/toolchain/avr8/avr8-gnu-toolchain/bin/../lib/gcc/avr/4.9.2/../../../../avr/lib/avrxmega2\libm.a(floatsisf.o)
                0x00005406                __floatunsisf
                0x0000540a                __floatsisf
 .text.avr-libc.fplib
                0x00005480       0x7c c:/program files (x86)/atmel/studio/7.0/toolchain/avr8/avr8-gnu-toolchain/bin/../lib/gcc/avr/4.9.2/../../../../avr/lib/avrxmega2\libm.a(floatundisf.o)
                0x00005480                __floatundisf
                0x00005482                __fp_di2sf
 .text.avr-libc.fplib
                0x000054fc        0xc c:/program files (x86)/atmel/studio/7.0/toolchain/avr8/avr8-gnu-toolchain/bin/../lib/gcc/avr/4.9.2/../../../../avr/lib/avrxmega2\libm.a(fp_inf.o)
                0x000054fc                __fp_inf
 .text.avr-libc.fplib
                0x00005508        0x6 c:/program files (x86)/atmel/studio/7.0/toolchain/avr8/avr8-gnu-toolchain/bin/../lib/gcc/avr/4.9.2/../../../../avr/lib/avrxmega2\libm.a(fp_nan.o)
                0x00005508                __fp_nan
 .text.avr-libc.fplib
                0x0000550e       0x20 c:/program files (x86)/atmel/studio/7.0/toolchain/avr8/avr8-gnu-toolchain/bin/../lib/gcc/avr/4.9.2/../../../../avr/lib/avrxmega2\libm.a(fp_negdi.o)
                0x0000550e                __fp_negdi
 .text.avr-libc.fplib
                0x0000552e        0xe c:/program files (x86)/atmel/studio/7.0/toolchain/avr8/avr8-gnu-toolchain/bin/../lib/gcc/avr/4.9.2/../../../../avr/lib/avrxmega2\libm.a(fp_pscA.o)
                0x0000552e                __fp_pscA
 .text.avr-libc.fplib
                0x0000553c        0xe c:/program files (x86)/atmel/studio/7.0/toolchain/avr8/avr8-gnu-toolchain/bin/../lib/gcc/avr/4.9.2/../../../../avr/lib/avrxmega2\libm.a(fp_pscB.o)
                0x0000553c                __fp_pscB
 .text.avr-libc.fplib
                0x0000554a       0x22 c:/program files (x86)/atmel/studio/7.0/toolchain/avr8/avr8-gnu-toolchain/bin/../lib/gcc/avr/4.9.2/../../../../avr/lib/avrxmega2\libm.a(fp_round.o)
                0x0000554a                __fp_round
 .text.avr-libc.fplib
                0x0000556c       0x44 c:/program files (x86)/atmel/studio/7.0/toolchain/avr8/avr8-gnu-toolchain/bin/../lib/gcc/avr/4.9.2/../../../../avr/lib/avrxmega2\libm.a(fp_split3.o)
                0x0000556c                __fp_split3
                0x0000557c                __fp_splitA
 .text.avr-libc.fplib
                0x000055b0        0xe c:/program files (x86)/atmel/studio/7.0/toolchain/avr8/avr8-gnu-toolchain/bin/../lib/gcc/avr/4.9.2/../../../../avr/lib/avrxmega2\libm.a(fp_zero.o)
                0x000055b0                __fp_zero
                0x000055b2                __fp_szero
 .text.avr-libc.fplib
                0x000055be       0x8a c:/program files (x86)/atmel/studio/7.0/toolchain/avr8/avr8-gnu-toolchain/bin/../lib/gcc/avr/4.9.2/../../../../avr/lib/avrxmega2\libm.a(log.o)
                0x000055c8                log
 .text.avr-libc.fplib
                0x00005648        0x4 c:/program files (x86)/atmel/studio/7.0/toolchain/avr8/avr8-gnu-toolchain/bin/../lib/gcc/avr/4.9.2/../../../../avr/lib/avrxmega2\libm.a(mulsf3.o)
                0x00005648                __mulsf3
 .text.avr-libc.fplib
                0x0000564c       0xc2 c:/program files (x86)/atmel/studio/7.0/toolchain/avr8/avr8-gnu-toolchain/bin/../lib/gcc/avr/4.9.2/../../../../avr/lib/avrxmega2\libm.a(mulsf3x.o)
                0x00005660                __mulsf3x
                0x00005664                __mulsf3_pse
 .text.avr-libc.fplib
                0x0000570e       0x98 c:/program files (x86)/atmel/studio/7.0/toolchain/avr8/avr8-gnu-toolchain/bin/../lib/gcc/avr/4.9.2/../../../../avr/lib/avrxmega2\libm.a(pow.o)
                0x0000570e                pow
 .text.avr-libc.fplib
                0x000057a6       0x62 c:/program files (x86)/atmel/studio/7.0/toolchain/avr8/avr8-gnu-toolchain/bin/../lib/gcc/avr/4.9.2/../../../../avr/lib/avrxmega2\libm.a(exp.o)
                0x000057b0                exp
 .text.avr-libc.fplib
                0x00005808       0x1c c:/program files (x86)/atmel/studio/7.0/toolchain/avr8/avr8-gnu-toolchain/bin/../lib/gcc/avr/4.9.2/../../../../avr/lib/avrxmega2\libm.a(fp_mpack.o)
                0x00005808                __fp_mpack
                0x0000580c                __fp_mpack_finite
 .text.avr-libc.fplib
                0x00005824       0x4a c:/program files (x86)/atmel/studio/7.0/toolchain/avr8/avr8-gnu-toolchain/bin/../lib/gcc/avr/4.9.2/../../../../avr/lib/avrxmega2\libm.a(fp_powser.o)
                0x00005824                __fp_powser
 .text.avr-libc.fplib
                0x0000586e        0xe c:/program files (x86)/atmel/studio/7.0/toolchain/avr8/avr8-gnu-toolchain/bin/../lib/gcc/avr/4.9.2/../../../../avr/lib/avrxmega2\libm.a(inverse.o)
                0x0000586e                inverse
 .text.avr-libc.fplib
                0x0000587c       0x6c c:/program files (x86)/atmel/studio/7.0/toolchain/avr8/avr8-gnu-toolchain/bin/../lib/gcc/avr/4.9.2/../../../../avr/lib/avrxmega2\libm.a(ldexp.o)
                0x00005880                ldexp
 .text.avr-libc.fplib
                0x000058e8       0x66 c:/program files (x86)/atmel/studio/7.0/toolchain/avr8/avr8-gnu-toolchain/bin/../lib/gcc/avr/4.9.2/../../../../avr/lib/avrxmega2\libm.a(modf.o)
                0x000058e8                modf
                0x000058e8                modff
 .text.libgcc.div
                0x0000594e       0x44 c:/program files (x86)/atmel/studio/7.0/toolchain/avr8/avr8-gnu-toolchain/bin/../lib/gcc/avr/4.9.2/avrxmega2\libgcc.a(_udivmodsi4.o)
                0x0000594e                __udivmodsi4
 .text.libgcc.mul
                0x00005992       0x92 c:/program files (x86)/atmel/studio/7.0/toolchain/avr8/avr8-gnu-toolchain/bin/../lib/gcc/avr/4.9.2/avrxmega2\libgcc.a(_muldi3.o)
                0x00005992                __muldi3
 .text.libgcc.mul
                0x00005a24       0x10 c:/program files (x86)/atmel/studio/7.0/toolchain/avr8/avr8-gnu-toolchain/bin/../lib/gcc/avr/4.9.2/avrxmega2\libgcc.a(_muldi3_6.o)
                0x00005a24                __muldi3_6
 .text.libgcc.builtins
                0x00005a34       0x32 c:/program files (x86)/atmel/studio/7.0/toolchain/avr8/avr8-gnu-toolchain/bin/../lib/gcc/avr/4.9.2/avrxmega2\libgcc.a(_ashldi3.o)
                0x00005a34                __ashldi3
 .text.libgcc.builtins
                0x00005a66       0x3c c:/program files (x86)/atmel/studio/7.0/toolchain/avr8/avr8-gnu-toolchain/bin/../lib/gcc/avr/4.9.2/avrxmega2\libgcc.a(_ashrdi3.o)
                0x00005a66                __ashrdi3
                0x00005a6a                __lshrdi3
 .text.libgcc   0x00005aa2       0x12 c:/program files (x86)/atmel/studio/7.0/toolchain/avr8/avr8-gnu-toolchain/bin/../lib/gcc/avr/4.9.2/avrxmega2\libgcc.a(_adddi3.o)
                0x00005aa2                __adddi3
 .text.libgcc   0x00005ab4       0x12 c:/program files (x86)/atmel/studio/7.0/toolchain/avr8/avr8-gnu-toolchain/bin/../lib/gcc/avr/4.9.2/avrxmega2\libgcc.a(_subdi3.o)
                0x00005ab4                __subdi3
 .text.libgcc   0x00005ac6       0x18 c:/program files (x86)/atmel/studio/7.0/toolchain/avr8/avr8-gnu-toolchain/bin/../lib/gcc/avr/4.9.2/avrxmega2\libgcc.a(_cmpdi2_s8.o)
                0x00005ac6                __cmpdi2_s8
 .text.libgcc.mul
                0x00005ade       0x1e c:/program files (x86)/atmel/studio/7.0/toolchain/avr8/avr8-gnu-toolchain/bin/../lib/gcc/avr/4.9.2/avrxmega2\libgcc.a(_umulhisi3.o)
                0x00005ade                __umulhisi3
 .text.avr-libc
                0x00005afc      0x25a c:/program files (x86)/atmel/studio/7.0/toolchain/avr8/avr8-gnu-toolchain/bin/../lib/gcc/avr/4.9.2/../../../../avr/lib/avrxmega2\libc.a(malloc.o)
                0x00005afc                malloc
                0x00005c26                free
 .text.avr-libc
                0x00005d56       0x94 c:/program files (x86)/atmel/studio/7.0/toolchain/avr8/avr8-gnu-toolchain/bin/../lib/gcc/avr/4.9.2/../../../../avr/lib/avrxmega2\libc.a(fdevopen.o)
                0x00005d56                fdevopen
 .text.avr-libc
                0x00005dea       0x26 c:/program files (x86)/atmel/studio/7.0/toolchain/avr8/avr8-gnu-toolchain/bin/../lib/gcc/avr/4.9.2/../../../../avr/lib/avrxmega2\libc.a(printf.o)
                0x00005dea                printf
 .text.avr-libc
                0x00005e10       0x60 c:/program files (x86)/atmel/studio/7.0/toolchain/avr8/avr8-gnu-toolchain/bin/../lib/gcc/avr/4.9.2/../../../../avr/lib/avrxmega2\libc.a(puts.o)
                0x00005e10                puts
 .text.avr-libc
                0x00005e70      0x386 c:/program files (x86)/atmel/studio/7.0/toolchain/avr8/avr8-gnu-toolchain/bin/../lib/gcc/avr/4.9.2/../../../../avr/lib/avrxmega2\libc.a(vfprintf_std.o)
                0x00005e70                vfprintf
 .text.avr-libc
                0x000061f6       0x34 c:/program files (x86)/atmel/studio/7.0/toolchain/avr8/avr8-gnu-toolchain/bin/../lib/gcc/avr/4.9.2/../../../../avr/lib/avrxmega2\libc.a(calloc.o)
                0x000061f6                calloc
 .text.avr-libc
                0x0000622a       0x16 c:/program files (x86)/atmel/studio/7.0/toolchain/avr8/avr8-gnu-toolchain/bin/../lib/gcc/avr/4.9.2/../../../../avr/lib/avrxmega2\libc.a(strnlen_P.o)
                0x0000622a                strnlen_P
 .text.avr-libc
                0x00006240        0xe c:/program files (x86)/atmel/studio/7.0/toolchain/avr8/avr8-gnu-toolchain/bin/../lib/gcc/avr/4.9.2/../../../../avr/lib/avrxmega2\libc.a(memset.o)
                0x00006240                memset
 .text.avr-libc
                0x0000624e       0x16 c:/program files (x86)/atmel/studio/7.0/toolchain/avr8/avr8-gnu-toolchain/bin/../lib/gcc/avr/4.9.2/../../../../avr/lib/avrxmega2\libc.a(strnlen.o)
                0x0000624e                strnlen
 .text.avr-libc
                0x00006264       0x70 c:/program files (x86)/atmel/studio/7.0/toolchain/avr8/avr8-gnu-toolchain/bin/../lib/gcc/avr/4.9.2/../../../../avr/lib/avrxmega2\libc.a(fputc.o)
                0x00006264                fputc
 .text.avr-libc
                0x000062d4       0xbc c:/program files (x86)/atmel/studio/7.0/toolchain/avr8/avr8-gnu-toolchain/bin/../lib/gcc/avr/4.9.2/../../../../avr/lib/avrxmega2\libc.a(ultoa_invert.o)
                0x000062d4                __ultoa_invert
 .text.libgcc.prologue
                0x00006390       0x32 c:/program files (x86)/atmel/studio/7.0/toolchain/avr8/avr8-gnu-toolchain/bin/../lib/gcc/avr/4.9.2/avrxmega2\libgcc.a(_prologue.o)
                0x00006390                __prologue_saves__
 .text.libgcc.prologue
                0x000063c2       0x30 c:/program files (x86)/atmel/studio/7.0/toolchain/avr8/avr8-gnu-toolchain/bin/../lib/gcc/avr/4.9.2/avrxmega2\libgcc.a(_epilogue.o)
                0x000063c2                __epilogue_restores__
                0x000063f2                . = ALIGN (0x2)
 *(.fini9)
 .fini9         0x000063f2        0x0 c:/program files (x86)/atmel/studio/7.0/toolchain/avr8/avr8-gnu-toolchain/bin/../lib/gcc/avr/4.9.2/avrxmega2\libgcc.a(_exit.o)
                0x000063f2                _exit
                0x000063f2                exit
 *(.fini9)
 *(.fini8)
 *(.fini8)
 *(.fini7)
 *(.fini7)
 *(.fini6)
 *(.fini6)
 *(.fini5)
 *(.fini5)
 *(.fini4)
 *(.fini4)
 *(.fini3)
 *(.fini3)
 *(.fini2)
 *(.fini2)
 *(.fini1)
 *(.fini1)
 *(.fini0)
 .fini0         0x000063f2        0x4 c:/program files (x86)/atmel/studio/7.0/toolchain/avr8/avr8-gnu-toolchain/bin/../lib/gcc/avr/4.9.2/avrxmega2\libgcc.a(_exit.o)
 *(.fini0)
                0x000063f6                _etext = .

.data           0x00802000      0x184 load address 0x000063f6
                0x00802000                PROVIDE (__data_start, .)
 *(.data)
 .data          0x00802000        0x6 c:/program files (x86)/atmel/studio/7.0/toolchain/avr8/avr8-gnu-toolchain/bin/../lib/gcc/avr/4.9.2/../../../../avr/lib/avrxmega2\libc.a(malloc.o)
                0x00802000                __malloc_heap_end
                0x00802002                __malloc_heap_start
                0x00802004                __malloc_margin
 *(.data*)
 .data.usart_options.6803
                0x00802006        0x7 src/drivers/data/data.o
 *(.rodata)
 .rodata        0x0080200d       0x14 src/drivers/gps/gpsParser.o
 .rodata        0x00802021      0x121 src/main.o
 .rodata        0x00802142       0x41 src/drivers/data/data.o
 *(.rodata*)
 *(.gnu.linkonce.d*)
                0x00802184                . = ALIGN (0x2)
 *fill*         0x00802183        0x1 
                0x00802184                _edata = .
                0x00802184                PROVIDE (__data_end, .)

.bss            0x00802184      0x706
                0x00802184                PROVIDE (__bss_start, .)
 *(.bss)
 *(.bss*)
 .bss.tc_tcc0_err_callback
                0x00802184        0x2 src/ASF/xmega/drivers/tc/tc.o
 .bss.tc_tcc0_cca_callback
                0x00802186        0x2 src/ASF/xmega/drivers/tc/tc.o
 .bss.tc_tcc0_ccb_callback
                0x00802188        0x2 src/ASF/xmega/drivers/tc/tc.o
 .bss.tc_tcc0_ccc_callback
                0x0080218a        0x2 src/ASF/xmega/drivers/tc/tc.o
 .bss.tc_tcc0_ccd_callback
                0x0080218c        0x2 src/ASF/xmega/drivers/tc/tc.o
 .bss.tc_tcc1_ovf_callback
                0x0080218e        0x2 src/ASF/xmega/drivers/tc/tc.o
 .bss.tc_tcc1_err_callback
                0x00802190        0x2 src/ASF/xmega/drivers/tc/tc.o
 .bss.tc_tcc1_cca_callback
                0x00802192        0x2 src/ASF/xmega/drivers/tc/tc.o
 .bss.tc_tcc1_ccb_callback
                0x00802194        0x2 src/ASF/xmega/drivers/tc/tc.o
 .bss.tc_tcd0_ovf_callback
                0x00802196        0x2 src/ASF/xmega/drivers/tc/tc.o
 .bss.tc_tcd0_err_callback
                0x00802198        0x2 src/ASF/xmega/drivers/tc/tc.o
 .bss.tc_tcd0_cca_callback
                0x0080219a        0x2 src/ASF/xmega/drivers/tc/tc.o
 .bss.tc_tcd0_ccb_callback
                0x0080219c        0x2 src/ASF/xmega/drivers/tc/tc.o
 .bss.tc_tcd0_ccc_callback
                0x0080219e        0x2 src/ASF/xmega/drivers/tc/tc.o
 .bss.tc_tcd0_ccd_callback
                0x008021a0        0x2 src/ASF/xmega/drivers/tc/tc.o
 .bss.tc_tcd1_ovf_callback
                0x008021a2        0x2 src/ASF/xmega/drivers/tc/tc.o
 .bss.tc_tcd1_err_callback
                0x008021a4        0x2 src/ASF/xmega/drivers/tc/tc.o
 .bss.tc_tcd1_cca_callback
                0x008021a6        0x2 src/ASF/xmega/drivers/tc/tc.o
 .bss.tc_tcd1_ccb_callback
                0x008021a8        0x2 src/ASF/xmega/drivers/tc/tc.o
 .bss.tc_tce0_err_callback
                0x008021aa        0x2 src/ASF/xmega/drivers/tc/tc.o
 .bss.tc_tce0_cca_callback
                0x008021ac        0x2 src/ASF/xmega/drivers/tc/tc.o
 .bss.tc_tce0_ccb_callback
                0x008021ae        0x2 src/ASF/xmega/drivers/tc/tc.o
 .bss.tc_tce0_ccc_callback
                0x008021b0        0x2 src/ASF/xmega/drivers/tc/tc.o
 .bss.tc_tce0_ccd_callback
                0x008021b2        0x2 src/ASF/xmega/drivers/tc/tc.o
 .bss.ABG_geiger
                0x008021b4        0x2 src/main.o
                0x008021b4                ABG_geiger
 .bss.BG_geiger
                0x008021b6        0x2 src/main.o
                0x008021b6                BG_geiger
 .bss.gps       0x008021b8        0x2 src/main.o
                0x008021b8                gps
 .bss.ac_aca_callback
                0x008021ba        0x2 src/ASF/xmega/drivers/ac/ac.o
 .bss.transfer  0x008021bc        0xb src/ASF/xmega/drivers/twi/twim.o
 *(COMMON)
 COMMON         0x008021c7      0x66f src/drivers/gps/gpsParser.o
                0x008021c7                kphSpeed
                0x0080222b                msPressure
                0x0080222f                totalPressure
                0x00802233                readAlt
                0x00802297                satNumber
                0x008022fb                staticTemp
                0x008022ff                msTemp
                0x00802303                mpuData
                0x00802318                kphSpeedDouble
                0x0080231c                longitude
                0x00802380                latitude
                0x008023e4                dummy
                0x008027cc                staticPressure
                0x008027d0                date
                0x00802834                gpsSpeed
 COMMON         0x00802836       0x3a src/main.o
                0x00802836                lastSmoothedAlt
                0x00802838                altcheck
                0x0080283a                buff
                0x0080283c                pressure_sensor
                0x0080285d                smoothedAlt
                0x0080285f                eepromData
                0x00802861                alt
                0x00802863                currentAltitude
                0x00802865                angle
                0x00802866                commandTime
                0x00802868                packetCount
                0x0080286a                delayTime
                0x0080286c                groundAlt
                0x0080286e                commandCount
 COMMON         0x00802870        0x2 src/ASF/common/utils/stdio/read.o
                0x00802870                ptr_get
 COMMON         0x00802872        0x4 src/ASF/common/utils/stdio/write.o
                0x00802872                ptr_put
                0x00802874                stdio_base
 COMMON         0x00802876        0x2 src/ASF/xmega/drivers/adc/adc.o
                0x00802876                adca_callback
 COMMON         0x00802878        0x8 src/ASF/xmega/drivers/rtc/rtc.o
                0x00802878                rtc_data
 COMMON         0x00802880        0x4 c:/program files (x86)/atmel/studio/7.0/toolchain/avr8/avr8-gnu-toolchain/bin/../lib/gcc/avr/4.9.2/../../../../avr/lib/avrxmega2\libc.a(malloc.o)
                0x00802880                __brkval
                0x00802882                __flp
 COMMON         0x00802884        0x6 c:/program files (x86)/atmel/studio/7.0/toolchain/avr8/avr8-gnu-toolchain/bin/../lib/gcc/avr/4.9.2/../../../../avr/lib/avrxmega2\libc.a(iob.o)
                0x00802884                __iob
                0x0080288a                PROVIDE (__bss_end, .)
                0x000063f6                __data_load_start = LOADADDR (.data)
                0x0000657a                __data_load_end = (__data_load_start + SIZEOF (.data))

.noinit         0x0080288a        0x0
                0x0080288a                PROVIDE (__noinit_start, .)
 *(.noinit*)
                0x0080288a                PROVIDE (__noinit_end, .)
                0x0080288a                _end = .
                0x0080288a                PROVIDE (__heap_start, .)

.eeprom         0x00810000        0x0
 *(.eeprom*)
                0x00810000                __eeprom_end = .

.fuse
 *(.fuse)
 *(.lfuse)
 *(.hfuse)
 *(.efuse)

.lock
 *(.lock*)

.signature
 *(.signature*)

.user_signatures
 *(.user_signatures*)

.stab
 *(.stab)

.stabstr
 *(.stabstr)

.stab.excl
 *(.stab.excl)

.stab.exclstr
 *(.stab.exclstr)

.stab.index
 *(.stab.index)

.stab.indexstr
 *(.stab.indexstr)

.comment        0x00000000       0x5c
 *(.comment)
 .comment       0x00000000       0x30 src/ASF/xmega/drivers/tc/tc.o
                                 0x31 (size before relaxing)
 .comment       0x00000030       0x31 src/drivers/gps/ctl_stringring.o
 .comment       0x00000030       0x31 src/drivers/gps/gpsParser.o
 .comment       0x00000030       0x31 src/drivers/MS5607/MS5607.o
 .comment       0x00000030       0x31 src/drivers/MS5607/SPI.o
 .comment       0x00000030       0x31 src/main.o
 .comment       0x00000030       0x31 src/ASF/common/services/clock/xmega/sysclk.o
 .comment       0x00000030       0x31 src/ASF/common/utils/stdio/read.o
 .comment       0x00000030       0x31 src/ASF/common/utils/stdio/write.o
 .comment       0x00000030       0x31 src/ASF/xmega/drivers/ac/ac.o
 .comment       0x00000030       0x31 src/ASF/xmega/drivers/adc/adc.o
 .comment       0x00000030       0x31 src/ASF/xmega/drivers/adc/xmega_aau/adc_aau.o
 .comment       0x00000030       0x31 src/ASF/xmega/drivers/rtc/rtc.o
 .comment       0x00000030       0x31 src/ASF/xmega/drivers/twi/twim.o
 .comment       0x00000030       0x31 src/ASF/xmega/drivers/usart/usart.o
 .comment       0x00000030       0x31 src/drivers/data/data.o
 .comment       0x00000030       0x31 src/drivers/temperature/Temperature.o
 .comment       0x00000030       0x31 src/ASF/common/services/ioport/xmega/ioport_compat.o
 .comment       0x00000030       0x31 src/ASF/xmega/boards/stk600/rc044x/init.o
 .comment       0x00000030       0x31 c:/program files (x86)/atmel/studio/7.0/toolchain/avr8/avr8-gnu-toolchain/bin/../lib/gcc/avr/4.9.2/../../../../avr/lib/avrxmega2\libc.a(malloc.o)
 .comment       0x00000030       0x31 c:/program files (x86)/atmel/studio/7.0/toolchain/avr8/avr8-gnu-toolchain/bin/../lib/gcc/avr/4.9.2/../../../../avr/lib/avrxmega2\libc.a(fdevopen.o)
 .comment       0x00000030       0x31 c:/program files (x86)/atmel/studio/7.0/toolchain/avr8/avr8-gnu-toolchain/bin/../lib/gcc/avr/4.9.2/../../../../avr/lib/avrxmega2\libc.a(iob.o)
 .comment       0x00000030       0x31 c:/program files (x86)/atmel/studio/7.0/toolchain/avr8/avr8-gnu-toolchain/bin/../lib/gcc/avr/4.9.2/../../../../avr/lib/avrxmega2\libc.a(printf.o)
 .comment       0x00000030       0x31 c:/program files (x86)/atmel/studio/7.0/toolchain/avr8/avr8-gnu-toolchain/bin/../lib/gcc/avr/4.9.2/../../../../avr/lib/avrxmega2\libc.a(puts.o)
 .comment       0x00000030       0x2c c:/program files (x86)/atmel/studio/7.0/toolchain/avr8/avr8-gnu-toolchain/bin/../lib/gcc/avr/4.9.2/../../../../avr/lib/avrxmega2\libc.a(vfprintf_std.o)
                                 0x2d (size before relaxing)
 .comment       0x0000005c       0x31 c:/program files (x86)/atmel/studio/7.0/toolchain/avr8/avr8-gnu-toolchain/bin/../lib/gcc/avr/4.9.2/../../../../avr/lib/avrxmega2\libc.a(calloc.o)
 .comment       0x0000005c       0x31 c:/program files (x86)/atmel/studio/7.0/toolchain/avr8/avr8-gnu-toolchain/bin/../lib/gcc/avr/4.9.2/../../../../avr/lib/avrxmega2\libc.a(fputc.o)

.note.gnu.avr.deviceinfo
                0x00000000       0x40
 .note.gnu.avr.deviceinfo
                0x00000000       0x40 C:/Program Files (x86)/Atmel/Studio/7.0/Packs/atmel/XMEGAA_DFP/1.0.36/gcc/dev/atxmega32a4u/avrxmega2/crtatxmega32a4u.o

.note.gnu.build-id
 *(.note.gnu.build-id)

.debug
 *(.debug)

.line
 *(.line)

.debug_srcinfo
 *(.debug_srcinfo)

.debug_sfnames
 *(.debug_sfnames)

.debug_aranges  0x00000000      0x890
 *(.debug_aranges)
 .debug_aranges
                0x00000000      0x138 src/ASF/xmega/drivers/tc/tc.o
 .debug_aranges
                0x00000138       0x68 src/drivers/gps/ctl_stringring.o
 .debug_aranges
                0x000001a0       0x58 src/drivers/gps/gpsParser.o
 .debug_aranges
                0x000001f8       0x78 src/drivers/MS5607/MS5607.o
 .debug_aranges
                0x00000270       0x88 src/drivers/MS5607/SPI.o
 .debug_aranges
                0x000002f8       0x80 src/main.o
 .debug_aranges
                0x00000378       0x80 src/ASF/common/services/clock/xmega/sysclk.o
 .debug_aranges
                0x000003f8       0x20 src/ASF/common/utils/stdio/read.o
 .debug_aranges
                0x00000418       0x20 src/ASF/common/utils/stdio/write.o
 .debug_aranges
                0x00000438       0x80 src/ASF/xmega/drivers/ac/ac.o
 .debug_aranges
                0x000004b8       0x68 src/ASF/xmega/drivers/adc/adc.o
 .debug_aranges
                0x00000520       0x78 src/ASF/xmega/drivers/adc/xmega_aau/adc_aau.o
 .debug_aranges
                0x00000598       0x20 src/ASF/xmega/drivers/cpu/ccp.o
 .debug_aranges
                0x000005b8       0x28 src/ASF/xmega/drivers/nvm/nvm_asm.o
 .debug_aranges
                0x000005e0       0x70 src/ASF/xmega/drivers/rtc/rtc.o
 .debug_aranges
                0x00000650       0x78 src/ASF/xmega/drivers/twi/twim.o
 .debug_aranges
                0x000006c8       0xe8 src/ASF/xmega/drivers/usart/usart.o
 .debug_aranges
                0x000007b0       0x68 src/drivers/data/data.o
 .debug_aranges
                0x00000818       0x38 src/drivers/temperature/Temperature.o
 .debug_aranges
                0x00000850       0x20 src/ASF/common/services/ioport/xmega/ioport_compat.o
 .debug_aranges
                0x00000870       0x20 src/ASF/xmega/boards/stk600/rc044x/init.o

.debug_pubnames
 *(.debug_pubnames)

.debug_info     0x00000000     0xef32
 *(.debug_info .gnu.linkonce.wi.*)
 .debug_info    0x00000000     0x1323 src/ASF/xmega/drivers/tc/tc.o
 .debug_info    0x00001323      0x321 src/drivers/gps/ctl_stringring.o
 .debug_info    0x00001644      0xb57 src/drivers/gps/gpsParser.o
 .debug_info    0x0000219b      0x9b6 src/drivers/MS5607/MS5607.o
 .debug_info    0x00002b51     0x25b0 src/drivers/MS5607/SPI.o
 .debug_info    0x00005101      0xde6 src/main.o
 .debug_info    0x00005ee7      0x5b2 src/ASF/common/services/clock/xmega/sysclk.o
 .debug_info    0x00006499      0x107 src/ASF/common/utils/stdio/read.o
 .debug_info    0x000065a0      0x10a src/ASF/common/utils/stdio/write.o
 .debug_info    0x000066aa      0x629 src/ASF/xmega/drivers/ac/ac.o
 .debug_info    0x00006cd3      0x87d src/ASF/xmega/drivers/adc/adc.o
 .debug_info    0x00007550      0xb54 src/ASF/xmega/drivers/adc/xmega_aau/adc_aau.o
 .debug_info    0x000080a4       0x90 src/ASF/xmega/drivers/cpu/ccp.o
 .debug_info    0x00008134       0x90 src/ASF/xmega/drivers/nvm/nvm_asm.o
 .debug_info    0x000081c4      0x63d src/ASF/xmega/drivers/rtc/rtc.o
 .debug_info    0x00008801      0x830 src/ASF/xmega/drivers/twi/twim.o
 .debug_info    0x00009031     0x2873 src/ASF/xmega/drivers/usart/usart.o
 .debug_info    0x0000b8a4     0x27b1 src/drivers/data/data.o
 .debug_info    0x0000e055      0xb9b src/drivers/temperature/Temperature.o
 .debug_info    0x0000ebf0      0x115 src/ASF/common/services/ioport/xmega/ioport_compat.o
 .debug_info    0x0000ed05      0x22d src/ASF/xmega/boards/stk600/rc044x/init.o

.debug_abbrev   0x00000000     0x260a
 *(.debug_abbrev)
 .debug_abbrev  0x00000000      0x206 src/ASF/xmega/drivers/tc/tc.o
 .debug_abbrev  0x00000206      0x159 src/drivers/gps/ctl_stringring.o
 .debug_abbrev  0x0000035f      0x22e src/drivers/gps/gpsParser.o
 .debug_abbrev  0x0000058d      0x24d src/drivers/MS5607/MS5607.o
 .debug_abbrev  0x000007da      0x349 src/drivers/MS5607/SPI.o
 .debug_abbrev  0x00000b23      0x2e1 src/main.o
 .debug_abbrev  0x00000e04      0x1c4 src/ASF/common/services/clock/xmega/sysclk.o
 .debug_abbrev  0x00000fc8       0xb0 src/ASF/common/utils/stdio/read.o
 .debug_abbrev  0x00001078       0x92 src/ASF/common/utils/stdio/write.o
 .debug_abbrev  0x0000110a      0x211 src/ASF/xmega/drivers/ac/ac.o
 .debug_abbrev  0x0000131b      0x1fc src/ASF/xmega/drivers/adc/adc.o
 .debug_abbrev  0x00001517      0x2b0 src/ASF/xmega/drivers/adc/xmega_aau/adc_aau.o
 .debug_abbrev  0x000017c7       0x14 src/ASF/xmega/drivers/cpu/ccp.o
 .debug_abbrev  0x000017db       0x12 src/ASF/xmega/drivers/nvm/nvm_asm.o
 .debug_abbrev  0x000017ed      0x27c src/ASF/xmega/drivers/rtc/rtc.o
 .debug_abbrev  0x00001a69      0x21a src/ASF/xmega/drivers/twi/twim.o
 .debug_abbrev  0x00001c83      0x3e3 src/ASF/xmega/drivers/usart/usart.o
 .debug_abbrev  0x00002066      0x26d src/drivers/data/data.o
 .debug_abbrev  0x000022d3      0x20f src/drivers/temperature/Temperature.o
 .debug_abbrev  0x000024e2       0x93 src/ASF/common/services/ioport/xmega/ioport_compat.o
 .debug_abbrev  0x00002575       0x95 src/ASF/xmega/boards/stk600/rc044x/init.o

.debug_line     0x00000000     0xbf6e
 *(.debug_line .debug_line.* .debug_line_end)
 .debug_line    0x00000000      0xcee src/ASF/xmega/drivers/tc/tc.o
 .debug_line    0x00000cee      0x399 src/drivers/gps/ctl_stringring.o
 .debug_line    0x00001087      0xf50 src/drivers/gps/gpsParser.o
 .debug_line    0x00001fd7      0xfa2 src/drivers/MS5607/MS5607.o
 .debug_line    0x00002f79     0x1036 src/drivers/MS5607/SPI.o
 .debug_line    0x00003faf      0xf84 src/main.o
 .debug_line    0x00004f33      0x762 src/ASF/common/services/clock/xmega/sysclk.o
 .debug_line    0x00005695      0x3d2 src/ASF/common/utils/stdio/read.o
 .debug_line    0x00005a67      0x3d9 src/ASF/common/utils/stdio/write.o
 .debug_line    0x00005e40      0x935 src/ASF/xmega/drivers/ac/ac.o
 .debug_line    0x00006775      0x7a3 src/ASF/xmega/drivers/adc/adc.o
 .debug_line    0x00006f18      0x9e9 src/ASF/xmega/drivers/adc/xmega_aau/adc_aau.o
 .debug_line    0x00007901       0x6e src/ASF/xmega/drivers/cpu/ccp.o
 .debug_line    0x0000796f      0x11f src/ASF/xmega/drivers/nvm/nvm_asm.o
 .debug_line    0x00007a8e      0x83a src/ASF/xmega/drivers/rtc/rtc.o
 .debug_line    0x000082c8      0x769 src/ASF/xmega/drivers/twi/twim.o
 .debug_line    0x00008a31      0xdd9 src/ASF/xmega/drivers/usart/usart.o
 .debug_line    0x0000980a     0x1013 src/drivers/data/data.o
 .debug_line    0x0000a81d      0xdad src/drivers/temperature/Temperature.o
 .debug_line    0x0000b5ca      0x4be src/ASF/common/services/ioport/xmega/ioport_compat.o
 .debug_line    0x0000ba88      0x4e6 src/ASF/xmega/boards/stk600/rc044x/init.o

.debug_frame    0x00000000     0x2810
 *(.debug_frame)
 .debug_frame   0x00000000      0xaf4 src/ASF/xmega/drivers/tc/tc.o
 .debug_frame   0x00000af4      0x154 src/drivers/gps/ctl_stringring.o
 .debug_frame   0x00000c48      0x198 src/drivers/gps/gpsParser.o
 .debug_frame   0x00000de0      0x224 src/drivers/MS5607/MS5607.o
 .debug_frame   0x00001004      0x264 src/drivers/MS5607/SPI.o
 .debug_frame   0x00001268      0x2cc src/main.o
 .debug_frame   0x00001534      0x1b4 src/ASF/common/services/clock/xmega/sysclk.o
 .debug_frame   0x000016e8       0x34 src/ASF/common/utils/stdio/read.o
 .debug_frame   0x0000171c       0x34 src/ASF/common/utils/stdio/write.o
 .debug_frame   0x00001750      0x280 src/ASF/xmega/drivers/ac/ac.o
 .debug_frame   0x000019d0      0x154 src/ASF/xmega/drivers/adc/adc.o
 .debug_frame   0x00001b24      0x2b4 src/ASF/xmega/drivers/adc/xmega_aau/adc_aau.o
 .debug_frame   0x00001dd8      0x1d0 src/ASF/xmega/drivers/rtc/rtc.o
 .debug_frame   0x00001fa8      0x21c src/ASF/xmega/drivers/twi/twim.o
 .debug_frame   0x000021c4      0x398 src/ASF/xmega/drivers/usart/usart.o
 .debug_frame   0x0000255c      0x188 src/drivers/data/data.o
 .debug_frame   0x000026e4       0xc4 src/drivers/temperature/Temperature.o
 .debug_frame   0x000027a8       0x34 src/ASF/common/services/ioport/xmega/ioport_compat.o
 .debug_frame   0x000027dc       0x34 src/ASF/xmega/boards/stk600/rc044x/init.o

.debug_str      0x00000000    0x2d51d
 *(.debug_str)
 .debug_str     0x00000000    0x26dbd src/ASF/xmega/drivers/tc/tc.o
                              0x2747e (size before relaxing)
 .debug_str     0x00026dbd      0xc6e src/drivers/gps/ctl_stringring.o
                               0x3df0 (size before relaxing)
 .debug_str     0x00027a2b     0x3852 src/drivers/gps/gpsParser.o
                              0x2b0e4 (size before relaxing)
 .debug_str     0x0002b27d       0xdf src/drivers/MS5607/MS5607.o
                              0x2af80 (size before relaxing)
 .debug_str     0x0002b35c      0x487 src/drivers/MS5607/SPI.o
                              0x2b84f (size before relaxing)
 .debug_str     0x0002b7e3      0x2eb src/main.o
                              0x2b3de (size before relaxing)
 .debug_str     0x0002bace      0x25a src/ASF/common/services/clock/xmega/sysclk.o
                              0x26c35 (size before relaxing)
 .debug_str     0x0002bd28       0x25 src/ASF/common/utils/stdio/read.o
                              0x2519c (size before relaxing)
 .debug_str     0x0002bd4d       0x26 src/ASF/common/utils/stdio/write.o
                              0x2519e (size before relaxing)
 .debug_str     0x0002bd73      0x13f src/ASF/xmega/drivers/ac/ac.o
                              0x26ea3 (size before relaxing)
 .debug_str     0x0002beb2       0xb9 src/ASF/xmega/drivers/adc/adc.o
                              0x275ff (size before relaxing)
 .debug_str     0x0002bf6b      0x576 src/ASF/xmega/drivers/adc/xmega_aau/adc_aau.o
                              0x2786e (size before relaxing)
 .debug_str     0x0002c4e1      0x2be src/ASF/xmega/drivers/rtc/rtc.o
                              0x27009 (size before relaxing)
 .debug_str     0x0002c79f      0x3b4 src/ASF/xmega/drivers/twi/twim.o
                              0x25821 (size before relaxing)
 .debug_str     0x0002cb53      0x4a3 src/ASF/xmega/drivers/usart/usart.o
                              0x27f79 (size before relaxing)
 .debug_str     0x0002cff6      0x366 src/drivers/data/data.o
                              0x2bbfb (size before relaxing)
 .debug_str     0x0002d35c       0x7a src/drivers/temperature/Temperature.o
                              0x2b2d9 (size before relaxing)
 .debug_str     0x0002d3d6       0x66 src/ASF/common/services/ioport/xmega/ioport_compat.o
                              0x257e9 (size before relaxing)
 .debug_str     0x0002d43c       0xe1 src/ASF/xmega/boards/stk600/rc044x/init.o
                              0x26434 (size before relaxing)

.debug_loc      0x00000000     0x57f6
 *(.debug_loc)
 .debug_loc     0x00000000     0x19f8 src/ASF/xmega/drivers/tc/tc.o
 .debug_loc     0x000019f8      0x2cf src/drivers/gps/ctl_stringring.o
 .debug_loc     0x00001cc7      0x33c src/drivers/gps/gpsParser.o
 .debug_loc     0x00002003      0x475 src/drivers/MS5607/MS5607.o
 .debug_loc     0x00002478      0x512 src/drivers/MS5607/SPI.o
 .debug_loc     0x0000298a      0x60f src/main.o
 .debug_loc     0x00002f99      0x39b src/ASF/common/services/clock/xmega/sysclk.o
 .debug_loc     0x00003334       0x48 src/ASF/common/utils/stdio/read.o
 .debug_loc     0x0000337c       0x48 src/ASF/common/utils/stdio/write.o
 .debug_loc     0x000033c4      0x5a1 src/ASF/xmega/drivers/ac/ac.o
 .debug_loc     0x00003965      0x2cf src/ASF/xmega/drivers/adc/adc.o
 .debug_loc     0x00003c34      0x634 src/ASF/xmega/drivers/adc/xmega_aau/adc_aau.o
 .debug_loc     0x00004268      0x3d9 src/ASF/xmega/drivers/rtc/rtc.o
 .debug_loc     0x00004641      0x4ae src/ASF/xmega/drivers/twi/twim.o
 .debug_loc     0x00004aef      0x7bb src/ASF/xmega/drivers/usart/usart.o
 .debug_loc     0x000052aa      0x336 src/drivers/data/data.o
 .debug_loc     0x000055e0      0x194 src/drivers/temperature/Temperature.o
 .debug_loc     0x00005774       0x47 src/ASF/common/services/ioport/xmega/ioport_compat.o
 .debug_loc     0x000057bb       0x3b src/ASF/xmega/boards/stk600/rc044x/init.o

.debug_macinfo
 *(.debug_macinfo)

.debug_weaknames
 *(.debug_weaknames)

.debug_funcnames
 *(.debug_funcnames)

.debug_typenames
 *(.debug_typenames)

.debug_varnames
 *(.debug_varnames)

.debug_pubtypes
 *(.debug_pubtypes)

.debug_ranges   0x00000000      0x738
 *(.debug_ranges)
 .debug_ranges  0x00000000      0x128 src/ASF/xmega/drivers/tc/tc.o
 .debug_ranges  0x00000128       0x58 src/drivers/gps/ctl_stringring.o
 .debug_ranges  0x00000180       0x48 src/drivers/gps/gpsParser.o
 .debug_ranges  0x000001c8       0x68 src/drivers/MS5607/MS5607.o
 .debug_ranges  0x00000230       0x78 src/drivers/MS5607/SPI.o
 .debug_ranges  0x000002a8       0x70 src/main.o
 .debug_ranges  0x00000318       0x70 src/ASF/common/services/clock/xmega/sysclk.o
 .debug_ranges  0x00000388       0x10 src/ASF/common/utils/stdio/read.o
 .debug_ranges  0x00000398       0x10 src/ASF/common/utils/stdio/write.o
 .debug_ranges  0x000003a8       0x70 src/ASF/xmega/drivers/ac/ac.o
 .debug_ranges  0x00000418       0x58 src/ASF/xmega/drivers/adc/adc.o
 .debug_ranges  0x00000470       0x68 src/ASF/xmega/drivers/adc/xmega_aau/adc_aau.o
 .debug_ranges  0x000004d8       0x20 src/ASF/xmega/drivers/nvm/nvm_asm.o
 .debug_ranges  0x000004f8       0x60 src/ASF/xmega/drivers/rtc/rtc.o
 .debug_ranges  0x00000558       0x68 src/ASF/xmega/drivers/twi/twim.o
 .debug_ranges  0x000005c0       0xd8 src/ASF/xmega/drivers/usart/usart.o
 .debug_ranges  0x00000698       0x58 src/drivers/data/data.o
 .debug_ranges  0x000006f0       0x28 src/drivers/temperature/Temperature.o
 .debug_ranges  0x00000718       0x10 src/ASF/common/services/ioport/xmega/ioport_compat.o
 .debug_ranges  0x00000728       0x10 src/ASF/xmega/boards/stk600/rc044x/init.o

.debug_macro    0x00000000     0xc525
 *(.debug_macro)
 .debug_macro   0x00000000      0x225 src/ASF/xmega/drivers/tc/tc.o
 .debug_macro   0x00000225      0xa60 src/ASF/xmega/drivers/tc/tc.o
 .debug_macro   0x00000c85      0x1ad src/ASF/xmega/drivers/tc/tc.o
 .debug_macro   0x00000e32      0x644 src/ASF/xmega/drivers/tc/tc.o
 .debug_macro   0x00001476       0x10 src/ASF/xmega/drivers/tc/tc.o
 .debug_macro   0x00001486      0x299 src/ASF/xmega/drivers/tc/tc.o
 .debug_macro   0x0000171f       0x9e src/ASF/xmega/drivers/tc/tc.o
 .debug_macro   0x000017bd     0x55f2 src/ASF/xmega/drivers/tc/tc.o
 .debug_macro   0x00006daf       0x9a src/ASF/xmega/drivers/tc/tc.o
 .debug_macro   0x00006e49       0xf1 src/ASF/xmega/drivers/tc/tc.o
 .debug_macro   0x00006f3a       0x34 src/ASF/xmega/drivers/tc/tc.o
 .debug_macro   0x00006f6e       0x10 src/ASF/xmega/drivers/tc/tc.o
 .debug_macro   0x00006f7e       0x18 src/ASF/xmega/drivers/tc/tc.o
 .debug_macro   0x00006f96       0x5e src/ASF/xmega/drivers/tc/tc.o
 .debug_macro   0x00006ff4       0x10 src/ASF/xmega/drivers/tc/tc.o
 .debug_macro   0x00007004       0x22 src/ASF/xmega/drivers/tc/tc.o
 .debug_macro   0x00007026      0x166 src/ASF/xmega/drivers/tc/tc.o
 .debug_macro   0x0000718c       0x1c src/ASF/xmega/drivers/tc/tc.o
 .debug_macro   0x000071a8       0x35 src/ASF/xmega/drivers/tc/tc.o
 .debug_macro   0x000071dd       0x66 src/ASF/xmega/drivers/tc/tc.o
 .debug_macro   0x00007243       0x97 src/ASF/xmega/drivers/tc/tc.o
 .debug_macro   0x000072da       0x17 src/ASF/xmega/drivers/tc/tc.o
 .debug_macro   0x000072f1      0x250 src/ASF/xmega/drivers/tc/tc.o
 .debug_macro   0x00007541       0x76 src/ASF/xmega/drivers/tc/tc.o
 .debug_macro   0x000075b7       0x16 src/ASF/xmega/drivers/tc/tc.o
 .debug_macro   0x000075cd      0x6e3 src/ASF/xmega/drivers/tc/tc.o
 .debug_macro   0x00007cb0       0x10 src/ASF/xmega/drivers/tc/tc.o
 .debug_macro   0x00007cc0      0x175 src/ASF/xmega/drivers/tc/tc.o
 .debug_macro   0x00007e35       0x40 src/ASF/xmega/drivers/tc/tc.o
 .debug_macro   0x00007e75       0xe4 src/ASF/xmega/drivers/tc/tc.o
 .debug_macro   0x00007f59       0x69 src/ASF/xmega/drivers/tc/tc.o
 .debug_macro   0x00007fc2       0x32 src/ASF/xmega/drivers/tc/tc.o
 .debug_macro   0x00007ff4       0x10 src/ASF/xmega/drivers/tc/tc.o
 .debug_macro   0x00008004       0x3b src/ASF/xmega/drivers/tc/tc.o
 .debug_macro   0x0000803f       0x22 src/ASF/xmega/drivers/tc/tc.o
 .debug_macro   0x00008061      0x2aa src/ASF/xmega/drivers/tc/tc.o
 .debug_macro   0x0000830b       0x94 src/ASF/xmega/drivers/tc/tc.o
 .debug_macro   0x0000839f       0x7d src/ASF/xmega/drivers/tc/tc.o
 .debug_macro   0x0000841c       0x2f src/ASF/xmega/drivers/tc/tc.o
 .debug_macro   0x0000844b      0x154 src/ASF/xmega/drivers/tc/tc.o
 .debug_macro   0x0000859f       0x12 src/ASF/xmega/drivers/tc/tc.o
 .debug_macro   0x000085b1       0x77 src/drivers/gps/ctl_stringring.o
 .debug_macro   0x00008628      0x10e src/drivers/gps/ctl_stringring.o
 .debug_macro   0x00008736      0x34e src/drivers/gps/ctl_stringring.o
 .debug_macro   0x00008a84       0x16 src/drivers/gps/ctl_stringring.o
 .debug_macro   0x00008a9a      0x490 src/drivers/gps/gpsParser.o
 .debug_macro   0x00008f2a       0x16 src/drivers/gps/gpsParser.o
 .debug_macro   0x00008f40      0x160 src/drivers/gps/gpsParser.o
 .debug_macro   0x000090a0       0x10 src/drivers/gps/gpsParser.o
 .debug_macro   0x000090b0      0x356 src/drivers/gps/gpsParser.o
 .debug_macro   0x00009406       0x16 src/drivers/gps/gpsParser.o
 .debug_macro   0x0000941c       0x10 src/drivers/gps/gpsParser.o
 .debug_macro   0x0000942c      0x490 src/drivers/MS5607/MS5607.o
 .debug_macro   0x000098bc      0x490 src/drivers/MS5607/SPI.o
 .debug_macro   0x00009d4c      0x499 src/main.o
 .debug_macro   0x0000a1e5       0x34 src/main.o
 .debug_macro   0x0000a219      0x1db src/ASF/common/services/clock/xmega/sysclk.o
 .debug_macro   0x0000a3f4      0x293 src/ASF/common/services/clock/xmega/sysclk.o
 .debug_macro   0x0000a687      0x16d src/ASF/common/utils/stdio/read.o
 .debug_macro   0x0000a7f4      0x16d src/ASF/common/utils/stdio/write.o
 .debug_macro   0x0000a961      0x220 src/ASF/xmega/drivers/ac/ac.o
 .debug_macro   0x0000ab81      0x22f src/ASF/xmega/drivers/adc/adc.o
 .debug_macro   0x0000adb0       0x20 src/ASF/xmega/drivers/adc/adc.o
 .debug_macro   0x0000add0      0x22f src/ASF/xmega/drivers/adc/xmega_aau/adc_aau.o
 .debug_macro   0x0000afff      0x227 src/ASF/xmega/drivers/rtc/rtc.o
 .debug_macro   0x0000b226      0x198 src/ASF/xmega/drivers/twi/twim.o
 .debug_macro   0x0000b3be      0x221 src/ASF/xmega/drivers/usart/usart.o
 .debug_macro   0x0000b5df      0x498 src/drivers/data/data.o
 .debug_macro   0x0000ba77      0x490 src/drivers/temperature/Temperature.o
 .debug_macro   0x0000bf07      0x193 src/ASF/common/services/ioport/xmega/ioport_compat.o
 .debug_macro   0x0000c09a      0x1b9 src/ASF/xmega/boards/stk600/rc044x/init.o
 .debug_macro   0x0000c253      0x2a4 src/ASF/xmega/boards/stk600/rc044x/init.o
 .debug_macro   0x0000c4f7       0x2e src/ASF/xmega/boards/stk600/rc044x/init.o
OUTPUT(Physoon 2.0.elf elf32-avr)
LOAD linker stubs

.BOOT           0x00008000        0x0
