Archive member included to satisfy reference by file (symbol)

c:/program files (x86)/atmel/studio/7.0/toolchain/avr8/avr8-gnu-toolchain/bin/../lib/gcc/avr/4.9.2/../../../../avr/lib/avrxmega7\libm.a(divsf3.o)
                              src/drivers/altitude/altitude.o (__divsf3)
c:/program files (x86)/atmel/studio/7.0/toolchain/avr8/avr8-gnu-toolchain/bin/../lib/gcc/avr/4.9.2/../../../../avr/lib/avrxmega7\libm.a(divsf3x.o)
                              c:/program files (x86)/atmel/studio/7.0/toolchain/avr8/avr8-gnu-toolchain/bin/../lib/gcc/avr/4.9.2/../../../../avr/lib/avrxmega7\libm.a(divsf3.o) (__divsf3x)
c:/program files (x86)/atmel/studio/7.0/toolchain/avr8/avr8-gnu-toolchain/bin/../lib/gcc/avr/4.9.2/../../../../avr/lib/avrxmega7\libm.a(fixsfdi.o)
                              src/drivers/LED/LED.o (__fixunssfdi)
c:/program files (x86)/atmel/studio/7.0/toolchain/avr8/avr8-gnu-toolchain/bin/../lib/gcc/avr/4.9.2/../../../../avr/lib/avrxmega7\libm.a(fixunssfsi.o)
                              src/drivers/altitude/altitude.o (__fixunssfsi)
c:/program files (x86)/atmel/studio/7.0/toolchain/avr8/avr8-gnu-toolchain/bin/../lib/gcc/avr/4.9.2/../../../../avr/lib/avrxmega7\libm.a(floatsisf.o)
                              src/drivers/altitude/altitude.o (__floatunsisf)
c:/program files (x86)/atmel/studio/7.0/toolchain/avr8/avr8-gnu-toolchain/bin/../lib/gcc/avr/4.9.2/../../../../avr/lib/avrxmega7\libm.a(floatundisf.o)
                              src/drivers/LED/LED.o (__floatundisf)
c:/program files (x86)/atmel/studio/7.0/toolchain/avr8/avr8-gnu-toolchain/bin/../lib/gcc/avr/4.9.2/../../../../avr/lib/avrxmega7\libm.a(fp_inf.o)
                              c:/program files (x86)/atmel/studio/7.0/toolchain/avr8/avr8-gnu-toolchain/bin/../lib/gcc/avr/4.9.2/../../../../avr/lib/avrxmega7\libm.a(divsf3x.o) (__fp_inf)
c:/program files (x86)/atmel/studio/7.0/toolchain/avr8/avr8-gnu-toolchain/bin/../lib/gcc/avr/4.9.2/../../../../avr/lib/avrxmega7\libm.a(fp_nan.o)
                              c:/program files (x86)/atmel/studio/7.0/toolchain/avr8/avr8-gnu-toolchain/bin/../lib/gcc/avr/4.9.2/../../../../avr/lib/avrxmega7\libm.a(divsf3x.o) (__fp_nan)
c:/program files (x86)/atmel/studio/7.0/toolchain/avr8/avr8-gnu-toolchain/bin/../lib/gcc/avr/4.9.2/../../../../avr/lib/avrxmega7\libm.a(fp_negdi.o)
                              c:/program files (x86)/atmel/studio/7.0/toolchain/avr8/avr8-gnu-toolchain/bin/../lib/gcc/avr/4.9.2/../../../../avr/lib/avrxmega7\libm.a(fixsfdi.o) (__fp_negdi)
c:/program files (x86)/atmel/studio/7.0/toolchain/avr8/avr8-gnu-toolchain/bin/../lib/gcc/avr/4.9.2/../../../../avr/lib/avrxmega7\libm.a(fp_pscA.o)
                              c:/program files (x86)/atmel/studio/7.0/toolchain/avr8/avr8-gnu-toolchain/bin/../lib/gcc/avr/4.9.2/../../../../avr/lib/avrxmega7\libm.a(divsf3x.o) (__fp_pscA)
c:/program files (x86)/atmel/studio/7.0/toolchain/avr8/avr8-gnu-toolchain/bin/../lib/gcc/avr/4.9.2/../../../../avr/lib/avrxmega7\libm.a(fp_pscB.o)
                              c:/program files (x86)/atmel/studio/7.0/toolchain/avr8/avr8-gnu-toolchain/bin/../lib/gcc/avr/4.9.2/../../../../avr/lib/avrxmega7\libm.a(divsf3x.o) (__fp_pscB)
c:/program files (x86)/atmel/studio/7.0/toolchain/avr8/avr8-gnu-toolchain/bin/../lib/gcc/avr/4.9.2/../../../../avr/lib/avrxmega7\libm.a(fp_round.o)
                              c:/program files (x86)/atmel/studio/7.0/toolchain/avr8/avr8-gnu-toolchain/bin/../lib/gcc/avr/4.9.2/../../../../avr/lib/avrxmega7\libm.a(divsf3.o) (__fp_round)
c:/program files (x86)/atmel/studio/7.0/toolchain/avr8/avr8-gnu-toolchain/bin/../lib/gcc/avr/4.9.2/../../../../avr/lib/avrxmega7\libm.a(fp_split3.o)
                              c:/program files (x86)/atmel/studio/7.0/toolchain/avr8/avr8-gnu-toolchain/bin/../lib/gcc/avr/4.9.2/../../../../avr/lib/avrxmega7\libm.a(divsf3x.o) (__fp_split3)
c:/program files (x86)/atmel/studio/7.0/toolchain/avr8/avr8-gnu-toolchain/bin/../lib/gcc/avr/4.9.2/../../../../avr/lib/avrxmega7\libm.a(fp_zero.o)
                              c:/program files (x86)/atmel/studio/7.0/toolchain/avr8/avr8-gnu-toolchain/bin/../lib/gcc/avr/4.9.2/../../../../avr/lib/avrxmega7\libm.a(fixunssfsi.o) (__fp_zero)
c:/program files (x86)/atmel/studio/7.0/toolchain/avr8/avr8-gnu-toolchain/bin/../lib/gcc/avr/4.9.2/../../../../avr/lib/avrxmega7\libm.a(log.o)
                              src/drivers/altitude/altitude.o (log)
c:/program files (x86)/atmel/studio/7.0/toolchain/avr8/avr8-gnu-toolchain/bin/../lib/gcc/avr/4.9.2/../../../../avr/lib/avrxmega7\libm.a(mulsf3.o)
                              src/drivers/altitude/altitude.o (__mulsf3)
c:/program files (x86)/atmel/studio/7.0/toolchain/avr8/avr8-gnu-toolchain/bin/../lib/gcc/avr/4.9.2/../../../../avr/lib/avrxmega7\libm.a(mulsf3x.o)
                              c:/program files (x86)/atmel/studio/7.0/toolchain/avr8/avr8-gnu-toolchain/bin/../lib/gcc/avr/4.9.2/../../../../avr/lib/avrxmega7\libm.a(log.o) (__mulsf3x)
[...]
Memory Configuration

Name             Origin             Length             Attributes
text             0x00000000         0x00100000         xr
data             0x00802000         0x0000ffa0         rw !x
eeprom           0x00810000         0x00010000         rw !x
fuse             0x00820000         0x00000400         rw !x
lock             0x00830000         0x00000400         rw !x
signature        0x00840000         0x00000400         rw !x
user_signatures  0x00850000         0x00000400         rw !x
*default*        0x00000000         0xffffffff

Linker script and memory map

LOAD C:/Program Files (x86)/Atmel/Studio/7.0/Packs/atmel/XMEGAA_DFP/1.0.36/gcc/dev/atxmega128a1/avrxmega7/crtatxmega128a1.o
LOAD src/ASF/common/services/clock/xmega/sysclk.o
LOAD src/ASF/common/services/ioport/xmega/ioport_compat.o
LOAD src/ASF/common/services/serial/usart_serial.o
LOAD src/ASF/common/utils/stdio/read.o
LOAD src/ASF/common/utils/stdio/write.o
LOAD src/ASF/xmega/boards/xmega_a1_xplained/init.o
LOAD src/ASF/xmega/drivers/cpu/ccp.o
LOAD src/ASF/xmega/drivers/usart/usart.o
LOAD src/drivers/altitude/altitude.o
LOAD src/drivers/data/data.o
LOAD src/drivers/LED/LED.o
LOAD src/drivers/pressure/pressure.o
LOAD src/drivers/temperature/temperature.o
LOAD src/drivers/uart/uart_comms.o
LOAD src/main.o
START GROUP
LOAD c:/program files (x86)/atmel/studio/7.0/toolchain/avr8/avr8-gnu-toolchain/bin/../lib/gcc/avr/4.9.2/../../../../avr/lib/avrxmega7\libm.a
END GROUP
Address of section .BOOT set to 0x20000
START GROUP
LOAD c:/program files (x86)/atmel/studio/7.0/toolchain/avr8/avr8-gnu-toolchain/bin/../lib/gcc/avr/4.9.2/avrxmega7\libgcc.a
LOAD c:/program files (x86)/atmel/studio/7.0/toolchain/avr8/avr8-gnu-toolchain/bin/../lib/gcc/avr/4.9.2/../../../../avr/lib/avrxmega7\libm.a
LOAD c:/program files (x86)/atmel/studio/7.0/toolchain/avr8/avr8-gnu-toolchain/bin/../lib/gcc/avr/4.9.2/../../../../avr/lib/avrxmega7\libc.a
LOAD C:/Program Files (x86)/Atmel/Studio/7.0/Packs/atmel/XMEGAA_DFP/1.0.36/gcc/dev/atxmega128a1/avrxmega7\libatxmega128a1.a
END GROUP

.hash
 *(.hash)

.dynsym
 *(.dynsym)

.dynstr
 *(.dynstr)

.gnu.version
 *(.gnu.version)

.gnu.version_d
 *(.gnu.version_d)

.gnu.version_r
 *(.gnu.version_r)

.rel.init
 *(.rel.init)

.rela.init
 *(.rela.init)

.rel.text
 *(.rel.text)
 *(.rel.text.*)
 *(.rel.gnu.linkonce.t*)

.rela.text
 *(.rela.text)
 *(.rela.text.*)
 *(.rela.gnu.linkonce.t*)

.rel.fini
 *(.rel.fini)

.rela.fini
 *(.rela.fini)

.rel.rodata
 *(.rel.rodata)
 *(.rel.rodata.*)
 *(.rel.gnu.linkonce.r*)

.rela.rodata
 *(.rela.rodata)
 *(.rela.rodata.*)
 *(.rela.gnu.linkonce.r*)

.rel.data
 *(.rel.data)
 *(.rel.data.*)
 *(.rel.gnu.linkonce.d*)

.rela.data
 *(.rela.data)
 *(.rela.data.*)
 *(.rela.gnu.linkonce.d*)

.rel.ctors
 *(.rel.ctors)

.rela.ctors
 *(.rela.ctors)

.rel.dtors
 *(.rel.dtors)

.rela.dtors
 *(.rela.dtors)

.rel.got
 *(.rel.got)

.rela.got
 *(.rela.got)

.rel.bss
 *(.rel.bss)

.rela.bss
 *(.rela.bss)

.rel.plt
 *(.rel.plt)

.rela.plt
 *(.rela.plt)

.text           0x00000000     0x1c94
 *(.vectors)
 .vectors       0x00000000      0x1f4 C:/Program Files (x86)/Atmel/Studio/7.0/Packs/atmel/XMEGAA_DFP/1.0.36/gcc/dev/atxmega128a1/avrxmega7/crtatxmega128a1.o
                0x00000000                __vector_default
                0x00000000                __vectors
 *(.vectors)
 *(.progmem.gcc*)
                0x000001f4                . = ALIGN (0x2)
                0x000001f4                __trampolines_start = .
 *(.trampolines)
 .trampolines   0x000001f4        0x0 linker stubs
 *(.trampolines*)
                0x000001f4                __trampolines_end = .
 *(.progmem*)
                0x000001f4                . = ALIGN (0x2)
 *(.jumptables)
 *(.jumptables*)
 *(.lowtext)
 *(.lowtext*)
                0x000001f4                __ctors_start = .
 *(.ctors)
                0x000001f4                __ctors_end = .
                0x000001f4                __dtors_start = .
 *(.dtors)
                0x000001f4                __dtors_end = .
 SORT(*)(.ctors)
 SORT(*)(.dtors)
 *(.init0)
 .init0         0x000001f4        0x0 C:/Program Files (x86)/Atmel/Studio/7.0/Packs/atmel/XMEGAA_DFP/1.0.36/gcc/dev/atxmega128a1/avrxmega7/crtatxmega128a1.o
                0x000001f4                __init
 *(.init0)
 *(.init1)
 *(.init1)
 *(.init2)
 .init2         0x000001f4       0x18 C:/Program Files (x86)/Atmel/Studio/7.0/Packs/atmel/XMEGAA_DFP/1.0.36/gcc/dev/atxmega128a1/avrxmega7/crtatxmega128a1.o
 *(.init2)
 *(.init3)
 *(.init3)
 *(.init4)
 .init4         0x0000020c       0x1c c:/program files (x86)/atmel/studio/7.0/toolchain/avr8/avr8-gnu-toolchain/bin/../lib/gcc/avr/4.9.2/avrxmega7\libgcc.a(_copy_data.o)
                0x0000020c                __do_copy_data
 .init4         0x00000228       0x10 c:/program files (x86)/atmel/studio/7.0/toolchain/avr8/avr8-gnu-toolchain/bin/../lib/gcc/avr/4.9.2/avrxmega7\libgcc.a(_clear_bss.o)
                0x00000228                __do_clear_bss
 *(.init4)
 *(.init5)
 *(.init5)
 *(.init6)
 *(.init6)
 *(.init7)
 *(.init7)
 *(.init8)
 *(.init8)
 *(.init9)
 .init9         0x00000238        0x6 C:/Program Files (x86)/Atmel/Studio/7.0/Packs/atmel/XMEGAA_DFP/1.0.36/gcc/dev/atxmega128a1/avrxmega7/crtatxmega128a1.o
 *(.init9)
 *(.text)
 .text          0x0000023e        0x2 C:/Program Files (x86)/Atmel/Studio/7.0/Packs/atmel/XMEGAA_DFP/1.0.36/gcc/dev/atxmega128a1/avrxmega7/crtatxmega128a1.o
                0x0000023e                __vector_38
                0x0000023e                __vector_104
                0x0000023e                __vector_22
                0x0000023e                __vector_63
                0x0000023e                __vector_28
                0x0000023e                __vector_67
                0x0000023e                __vector_1
                0x0000023e                __vector_119
                0x0000023e                __vector_32
                0x0000023e                __vector_75
                0x0000023e                __vector_71
                0x0000023e                __vector_91
                0x0000023e                __vector_34
                0x0000023e                __vector_62
                0x0000023e                __vector_77
                0x0000023e                __vector_102
                0x0000023e                __vector_24
                0x0000023e                __vector_12
                0x0000023e                __vector_55
                0x0000023e                __vector_69
                0x0000023e                __vector_81
                0x0000023e                __vector_90
                0x0000023e                __vector_46
                0x0000023e                __bad_interrupt
                0x0000023e                __vector_122
                0x0000023e                __vector_72
                0x0000023e                __vector_114
                0x0000023e                __vector_6
                0x0000023e                __vector_110
                0x0000023e                __vector_31
                0x0000023e                __vector_92
                0x0000023e                __vector_35
                0x0000023e                __vector_78
                0x0000023e                __vector_74
                0x0000023e                __vector_117
                0x0000023e                __vector_39
                0x0000023e                __vector_107
                0x0000023e                __vector_3
                0x0000023e                __vector_105
                0x0000023e                __vector_98
                0x0000023e                __vector_23
                0x0000023e                __vector_68
                0x0000023e                __vector_30
                0x0000023e                __vector_73
                0x0000023e                __vector_45
                0x0000023e                __vector_25
                0x0000023e                __vector_93
                0x0000023e                __vector_61
                0x0000023e                __vector_11
                0x0000023e                __vector_54
                0x0000023e                __vector_99
                0x0000023e                __vector_13
                0x0000023e                __vector_17
                0x0000023e                __vector_19
                0x0000023e                __vector_56
                0x0000023e                __vector_7
                0x0000023e                __vector_49
                0x0000023e                __vector_123
                0x0000023e                __vector_41
                0x0000023e                __vector_86
                0x0000023e                __vector_100
                0x0000023e                __vector_101
                0x0000023e                __vector_88
                0x0000023e                __vector_109
                0x0000023e                __vector_43
                0x0000023e                __vector_27
                0x0000023e                __vector_5
                0x0000023e                __vector_113
                0x0000023e                __vector_33
                0x0000023e                __vector_76
                0x0000023e                __vector_115
                0x0000023e                __vector_52
                0x0000023e                __vector_37
                0x0000023e                __vector_95
                0x0000023e                __vector_103
                0x0000023e                __vector_96
                0x0000023e                __vector_89
                0x0000023e                __vector_108
                0x0000023e                __vector_4
                0x0000023e                __vector_44
                0x0000023e                __vector_82
                0x0000023e                __vector_106
                0x0000023e                __vector_118
                0x0000023e                __vector_51
                0x0000023e                __vector_9
                0x0000023e                __vector_2
                0x0000023e                __vector_21
                0x0000023e                __vector_15
                0x0000023e                __vector_36
                0x0000023e                __vector_79
                0x0000023e                __vector_58
                0x0000023e                __vector_70
                0x0000023e                __vector_83
                0x0000023e                __vector_29
                0x0000023e                __vector_60
                0x0000023e                __vector_121
                0x0000023e                __vector_40
                0x0000023e                __vector_85
                0x0000023e                __vector_94
                0x0000023e                __vector_8
                0x0000023e                __vector_26
                0x0000023e                __vector_48
                0x0000023e                __vector_124
                0x0000023e                __vector_116
                0x0000023e                __vector_112
                0x0000023e                __vector_111
                0x0000023e                __vector_80
                0x0000023e                __vector_14
                0x0000023e                __vector_84
                0x0000023e                __vector_57
                0x0000023e                __vector_53
                0x0000023e                __vector_10
                0x0000023e                __vector_50
                0x0000023e                __vector_16
                0x0000023e                __vector_59
                0x0000023e                __vector_18
                0x0000023e                __vector_97
                0x0000023e                __vector_20
                0x0000023e                __vector_42
                0x0000023e                __vector_87
                0x0000023e                __vector_120
                0x00000240                . = ALIGN (0x2)
 *(.text.*)
 .text.sysclk_init
                0x00000240       0x20 src/ASF/common/services/clock/xmega/sysclk.o
                0x00000240                sysclk_init
 .text.sysclk_enable_module
                0x00000260       0x18 src/ASF/common/services/clock/xmega/sysclk.o
                0x00000260                sysclk_enable_module
 .text.ioport_configure_port_pin
                0x00000278       0x50 src/ASF/common/services/ioport/xmega/ioport_compat.o
                0x00000278                ioport_configure_port_pin
 .text._read    0x000002c8       0x32 src/ASF/common/utils/stdio/read.o
                0x000002c8                _read
 .text._write   0x000002fa       0x24 src/ASF/common/utils/stdio/write.o
                0x000002fa                _write
 .text.board_init
                0x0000031e      0x182 src/ASF/xmega/boards/xmega_a1_xplained/init.o
                0x0000031e                board_init
 .text.usart_putchar
                0x000004a0       0x10 src/ASF/xmega/drivers/usart/usart.o
                0x000004a0                usart_putchar
 .text.usart_getchar
                0x000004b0        0xc src/ASF/xmega/drivers/usart/usart.o
                0x000004b0                usart_getchar
 .text.usart_set_baudrate
                0x000004bc      0x22a src/ASF/xmega/drivers/usart/usart.o
                0x000004bc                usart_set_baudrate
 .text.usart_init_rs232
                0x000006e6      0x2c2 src/ASF/xmega/drivers/usart/usart.o
                0x000006e6                usart_init_rs232
 .text.data_Init
                0x000009a8       0x5c src/drivers/data/data.o
                0x000009a8                data_Init
 .text.saveData
                0x00000a04       0xbe src/drivers/data/data.o
                0x00000a04                saveData
 .text.LED      0x00000ac2       0x26 src/drivers/LED/LED.o
                0x00000ac2                LED
 .text.usart_serial_getchar
                0x00000ae8       0x10 src/drivers/uart/uart_comms.o
 .text.usart_serial_putchar
                0x00000af8        0x4 src/drivers/uart/uart_comms.o
 .text.UART_Comms_Init
                0x00000afc       0x88 src/drivers/uart/uart_comms.o
                0x00000afc                UART_Comms_Init
 .text.sysclk_enable_peripheral_clock
                0x00000b84      0x272 src/main.o
 .text.main     0x00000df6       0xb0 src/main.o
                0x00000df6                main
 .text.__vector_47
                0x00000ea6      0x102 src/main.o
                0x00000ea6                __vector_47
 .text.__vector_64
                0x00000fa8       0x84 src/main.o
                0x00000fa8                __vector_64
 .text.__vector_65
                0x0000102c       0x84 src/main.o
                0x0000102c                __vector_65
 .text.__vector_66
                0x000010b0       0x84 src/main.o
                0x000010b0                __vector_66
 .text.avr-libc.fplib
                0x00001134       0x58 c:/program files (x86)/atmel/studio/7.0/toolchain/avr8/avr8-gnu-toolchain/bin/../lib/gcc/avr/4.9.2/../../../../avr/lib/avrxmega7\libm.a(fixunssfsi.o)
                0x00001134                __fixunssfsi
 .text.avr-libc.fplib
                0x0000118c        0xc c:/program files (x86)/atmel/studio/7.0/toolchain/avr8/avr8-gnu-toolchain/bin/../lib/gcc/avr/4.9.2/../../../../avr/lib/avrxmega7\libm.a(fp_inf.o)
                0x0000118c                __fp_inf
 .text.avr-libc.fplib
                0x00001198        0x6 c:/program files (x86)/atmel/studio/7.0/toolchain/avr8/avr8-gnu-toolchain/bin/../lib/gcc/avr/4.9.2/../../../../avr/lib/avrxmega7\libm.a(fp_nan.o)
                0x00001198                __fp_nan
 .text.avr-libc.fplib
                0x0000119e        0xe c:/program files (x86)/atmel/studio/7.0/toolchain/avr8/avr8-gnu-toolchain/bin/../lib/gcc/avr/4.9.2/../../../../avr/lib/avrxmega7\libm.a(fp_pscA.o)
                0x0000119e                __fp_pscA
 .text.avr-libc.fplib
                0x000011ac        0xe c:/program files (x86)/atmel/studio/7.0/toolchain/avr8/avr8-gnu-toolchain/bin/../lib/gcc/avr/4.9.2/../../../../avr/lib/avrxmega7\libm.a(fp_pscB.o)
                0x000011ac                __fp_pscB
 .text.avr-libc.fplib
                0x000011ba       0x22 c:/program files (x86)/atmel/studio/7.0/toolchain/avr8/avr8-gnu-toolchain/bin/../lib/gcc/avr/4.9.2/../../../../avr/lib/avrxmega7\libm.a(fp_round.o)
                0x000011ba                __fp_round
 .text.avr-libc.fplib
                0x000011dc       0x44 c:/program files (x86)/atmel/studio/7.0/toolchain/avr8/avr8-gnu-toolchain/bin/../lib/gcc/avr/4.9.2/../../../../avr/lib/avrxmega7\libm.a(fp_split3.o)
                0x000011dc                __fp_split3
                0x000011ec                __fp_splitA
 .text.avr-libc.fplib
                0x00001220        0xe c:/program files (x86)/atmel/studio/7.0/toolchain/avr8/avr8-gnu-toolchain/bin/../lib/gcc/avr/4.9.2/../../../../avr/lib/avrxmega7\libm.a(fp_zero.o)
                0x00001220                __fp_zero
                0x00001222                __fp_szero
 .text.avr-libc.fplib
                0x0000122e        0x4 c:/program files (x86)/atmel/studio/7.0/toolchain/avr8/avr8-gnu-toolchain/bin/../lib/gcc/avr/4.9.2/../../../../avr/lib/avrxmega7\libm.a(mulsf3.o)
                0x0000122e                __mulsf3
 .text.avr-libc.fplib
                0x00001232       0xc2 c:/program files (x86)/atmel/studio/7.0/toolchain/avr8/avr8-gnu-toolchain/bin/../lib/gcc/avr/4.9.2/../../../../avr/lib/avrxmega7\libm.a(mulsf3x.o)
                0x00001246                __mulsf3x
                0x0000124a                __mulsf3_pse
 .text.libgcc.div
                0x000012f4       0x28 c:/program files (x86)/atmel/studio/7.0/toolchain/avr8/avr8-gnu-toolchain/bin/../lib/gcc/avr/4.9.2/avrxmega7\libgcc.a(_udivmodhi4.o)
                0x000012f4                __udivmodhi4
 .text.libgcc.div
                0x0000131c       0x44 c:/program files (x86)/atmel/studio/7.0/toolchain/avr8/avr8-gnu-toolchain/bin/../lib/gcc/avr/4.9.2/avrxmega7\libgcc.a(_udivmodsi4.o)
                0x0000131c                __udivmodsi4
 .text.avr-libc
                0x00001360       0x94 c:/program files (x86)/atmel/studio/7.0/toolchain/avr8/avr8-gnu-toolchain/bin/../lib/gcc/avr/4.9.2/../../../../avr/lib/avrxmega7\libc.a(fdevopen.o)
                0x00001360                fdevopen
 .text.avr-libc
                0x000013f4       0x26 c:/program files (x86)/atmel/studio/7.0/toolchain/avr8/avr8-gnu-toolchain/bin/../lib/gcc/avr/4.9.2/../../../../avr/lib/avrxmega7\libc.a(printf.o)
                0x000013f4                printf
 .text.avr-libc
                0x0000141a       0x60 c:/program files (x86)/atmel/studio/7.0/toolchain/avr8/avr8-gnu-toolchain/bin/../lib/gcc/avr/4.9.2/../../../../avr/lib/avrxmega7\libc.a(puts.o)
                0x0000141a                puts
 .text.avr-libc
                0x0000147a       0x52 c:/program files (x86)/atmel/studio/7.0/toolchain/avr8/avr8-gnu-toolchain/bin/../lib/gcc/avr/4.9.2/../../../../avr/lib/avrxmega7\libc.a(sprintf.o)
                0x0000147a                sprintf
 .text.avr-libc
                0x000014cc      0x3d0 c:/program files (x86)/atmel/studio/7.0/toolchain/avr8/avr8-gnu-toolchain/bin/../lib/gcc/avr/4.9.2/../../../../avr/lib/avrxmega7\libc.a(vfprintf_std.o)
                0x000014cc                vfprintf
 .text.avr-libc
                0x0000189c       0x34 c:/program files (x86)/atmel/studio/7.0/toolchain/avr8/avr8-gnu-toolchain/bin/../lib/gcc/avr/4.9.2/../../../../avr/lib/avrxmega7\libc.a(calloc.o)
                0x0000189c                calloc
 .text.avr-libc
                0x000018d0      0x25a c:/program files (x86)/atmel/studio/7.0/toolchain/avr8/avr8-gnu-toolchain/bin/../lib/gcc/avr/4.9.2/../../../../avr/lib/avrxmega7\libc.a(malloc.o)
                0x000018d0                malloc
                0x000019fa                free
 .text.avr-libc
                0x00001b2a       0x16 c:/program files (x86)/atmel/studio/7.0/toolchain/avr8/avr8-gnu-toolchain/bin/../lib/gcc/avr/4.9.2/../../../../avr/lib/avrxmega7\libc.a(strnlen_P.o)
                0x00001b2a                strnlen_P
 .text.avr-libc
                0x00001b40        0xe c:/program files (x86)/atmel/studio/7.0/toolchain/avr8/avr8-gnu-toolchain/bin/../lib/gcc/avr/4.9.2/../../../../avr/lib/avrxmega7\libc.a(memset.o)
                0x00001b40                memset
 .text.avr-libc
                0x00001b4e       0x16 c:/program files (x86)/atmel/studio/7.0/toolchain/avr8/avr8-gnu-toolchain/bin/../lib/gcc/avr/4.9.2/../../../../avr/lib/avrxmega7\libc.a(strnlen.o)
                0x00001b4e                strnlen
 .text.avr-libc
                0x00001b64       0x70 c:/program files (x86)/atmel/studio/7.0/toolchain/avr8/avr8-gnu-toolchain/bin/../lib/gcc/avr/4.9.2/../../../../avr/lib/avrxmega7\libc.a(fputc.o)
                0x00001b64                fputc
 .text.avr-libc
                0x00001bd4       0xbc c:/program files (x86)/atmel/studio/7.0/toolchain/avr8/avr8-gnu-toolchain/bin/../lib/gcc/avr/4.9.2/../../../../avr/lib/avrxmega7\libc.a(ultoa_invert.o)
                0x00001bd4                __ultoa_invert
                0x00001c90                . = ALIGN (0x2)
 *(.fini9)
 .fini9         0x00001c90        0x0 c:/program files (x86)/atmel/studio/7.0/toolchain/avr8/avr8-gnu-toolchain/bin/../lib/gcc/avr/4.9.2/avrxmega7\libgcc.a(_exit.o)
                0x00001c90                _exit
                0x00001c90                exit
 *(.fini9)
 *(.fini8)
 *(.fini8)
 *(.fini7)
 *(.fini7)
 *(.fini6)
 *(.fini6)
 *(.fini5)
 *(.fini5)
 *(.fini4)
 *(.fini4)
 *(.fini3)
 *(.fini3)
 *(.fini2)
 *(.fini2)
 *(.fini1)
 *(.fini1)
 *(.fini0)
 .fini0         0x00001c90        0x4 c:/program files (x86)/atmel/studio/7.0/toolchain/avr8/avr8-gnu-toolchain/bin/../lib/gcc/avr/4.9.2/avrxmega7\libgcc.a(_exit.o)
 *(.fini0)
                0x00001c94                _etext = .

.data           0x00802000       0x4e load address 0x00001c94
                0x00802000                PROVIDE (__data_start, .)
 *(.data)
 .data          0x00802000        0x6 c:/program files (x86)/atmel/studio/7.0/toolchain/avr8/avr8-gnu-toolchain/bin/../lib/gcc/avr/4.9.2/../../../../avr/lib/avrxmega7\libc.a(malloc.o)
                0x00802000                __malloc_heap_end
                0x00802002                __malloc_heap_start
                0x00802004                __malloc_margin
 *(.data*)
 .data.usart_options.4897
                0x00802006        0x7 src/drivers/data/data.o
 .data.usart_options.4766
                0x0080200d        0x7 src/drivers/uart/uart_comms.o
 *(.rodata)
 *(.rodata*)
 .rodata.str1.1
                0x00802014       0x16 src/drivers/data/data.o
 .rodata.str1.1
                0x0080202a       0x23 src/main.o
                                 0x28 (size before relaxing)
 *(.gnu.linkonce.d*)
                0x0080204e                . = ALIGN (0x2)
 *fill*         0x0080204d        0x1 
                0x0080204e                _edata = .
                0x0080204e                PROVIDE (__data_end, .)

.bss            0x0080204e       0x1b
                0x0080204e                PROVIDE (__bss_start, .)
 *(.bss)
 *(.bss*)
 .bss.test      0x0080204e        0x1 src/main.o
                0x0080204e                test
 .bss.gamma_geiger
                0x0080204f        0x2 src/main.o
                0x0080204f                gamma_geiger
 .bss.beta_geiger
                0x00802051        0x2 src/main.o
                0x00802051                beta_geiger
 .bss.alpha_geiger
                0x00802053        0x2 src/main.o
                0x00802053                alpha_geiger
 .bss.time      0x00802055        0x4 src/main.o
                0x00802055                time
 *(COMMON)
 COMMON         0x00802059        0x2 src/ASF/common/utils/stdio/read.o
                0x00802059                ptr_get
 COMMON         0x0080205b        0x4 src/ASF/common/utils/stdio/write.o
                0x0080205b                ptr_put
                0x0080205d                stdio_base
 COMMON         0x0080205f        0x6 c:/program files (x86)/atmel/studio/7.0/toolchain/avr8/avr8-gnu-toolchain/bin/../lib/gcc/avr/4.9.2/../../../../avr/lib/avrxmega7\libc.a(iob.o)
                0x0080205f                __iob
 COMMON         0x00802065        0x4 c:/program files (x86)/atmel/studio/7.0/toolchain/avr8/avr8-gnu-toolchain/bin/../lib/gcc/avr/4.9.2/../../../../avr/lib/avrxmega7\libc.a(malloc.o)
                0x00802065                __brkval
                0x00802067                __flp
                0x00802069                PROVIDE (__bss_end, .)
                0x00001c94                __data_load_start = LOADADDR (.data)
                0x00001ce2                __data_load_end = (__data_load_start + SIZEOF (.data))

.noinit         0x00802069        0x0
                0x00802069                PROVIDE (__noinit_start, .)
 *(.noinit*)
                0x00802069                PROVIDE (__noinit_end, .)
                0x00802069                _end = .
                0x00802069                PROVIDE (__heap_start, .)

.eeprom         0x00810000        0x0
 *(.eeprom*)
                0x00810000                __eeprom_end = .

.fuse
 *(.fuse)
 *(.lfuse)
 *(.hfuse)
 *(.efuse)

.lock
 *(.lock*)

.signature
 *(.signature*)

.user_signatures
 *(.user_signatures*)

.stab
 *(.stab)

.stabstr
 *(.stabstr)

.stab.excl
 *(.stab.excl)

.stab.exclstr
 *(.stab.exclstr)

.stab.index
 *(.stab.index)

.stab.indexstr
 *(.stab.indexstr)

.comment        0x00000000       0x5c
 *(.comment)
 .comment       0x00000000       0x30 src/ASF/common/services/clock/xmega/sysclk.o
                                 0x31 (size before relaxing)
 .comment       0x00000030       0x31 src/ASF/common/services/ioport/xmega/ioport_compat.o
 .comment       0x00000030       0x31 src/ASF/common/utils/stdio/read.o
 .comment       0x00000030       0x31 src/ASF/common/utils/stdio/write.o
 .comment       0x00000030       0x31 src/ASF/xmega/boards/xmega_a1_xplained/init.o
 .comment       0x00000030       0x31 src/ASF/xmega/drivers/usart/usart.o
 .comment       0x00000030       0x31 src/drivers/data/data.o
 .comment       0x00000030       0x31 src/drivers/LED/LED.o
 .comment       0x00000030       0x31 src/drivers/uart/uart_comms.o
 .comment       0x00000030       0x31 src/main.o
 .comment       0x00000030       0x31 c:/program files (x86)/atmel/studio/7.0/toolchain/avr8/avr8-gnu-toolchain/bin/../lib/gcc/avr/4.9.2/../../../../avr/lib/avrxmega7\libc.a(fdevopen.o)
 .comment       0x00000030       0x31 c:/program files (x86)/atmel/studio/7.0/toolchain/avr8/avr8-gnu-toolchain/bin/../lib/gcc/avr/4.9.2/../../../../avr/lib/avrxmega7\libc.a(iob.o)
 .comment       0x00000030       0x31 c:/program files (x86)/atmel/studio/7.0/toolchain/avr8/avr8-gnu-toolchain/bin/../lib/gcc/avr/4.9.2/../../../../avr/lib/avrxmega7\libc.a(printf.o)
 .comment       0x00000030       0x31 c:/program files (x86)/atmel/studio/7.0/toolchain/avr8/avr8-gnu-toolchain/bin/../lib/gcc/avr/4.9.2/../../../../avr/lib/avrxmega7\libc.a(puts.o)
 .comment       0x00000030       0x31 c:/program files (x86)/atmel/studio/7.0/toolchain/avr8/avr8-gnu-toolchain/bin/../lib/gcc/avr/4.9.2/../../../../avr/lib/avrxmega7\libc.a(sprintf.o)
 .comment       0x00000030       0x2c c:/program files (x86)/atmel/studio/7.0/toolchain/avr8/avr8-gnu-toolchain/bin/../lib/gcc/avr/4.9.2/../../../../avr/lib/avrxmega7\libc.a(vfprintf_std.o)
                                 0x2d (size before relaxing)
 .comment       0x0000005c       0x31 c:/program files (x86)/atmel/studio/7.0/toolchain/avr8/avr8-gnu-toolchain/bin/../lib/gcc/avr/4.9.2/../../../../avr/lib/avrxmega7\libc.a(calloc.o)
 .comment       0x0000005c       0x31 c:/program files (x86)/atmel/studio/7.0/toolchain/avr8/avr8-gnu-toolchain/bin/../lib/gcc/avr/4.9.2/../../../../avr/lib/avrxmega7\libc.a(malloc.o)
 .comment       0x0000005c       0x31 c:/program files (x86)/atmel/studio/7.0/toolchain/avr8/avr8-gnu-toolchain/bin/../lib/gcc/avr/4.9.2/../../../../avr/lib/avrxmega7\libc.a(fputc.o)

.note.gnu.avr.deviceinfo
                0x00000000       0x40
 .note.gnu.avr.deviceinfo
                0x00000000       0x40 C:/Program Files (x86)/Atmel/Studio/7.0/Packs/atmel/XMEGAA_DFP/1.0.36/gcc/dev/atxmega128a1/avrxmega7/crtatxmega128a1.o

.note.gnu.build-id
 *(.note.gnu.build-id)

.debug
 *(.debug)

.line
 *(.line)

.debug_srcinfo
 *(.debug_srcinfo)

.debug_sfnames
 *(.debug_sfnames)

.debug_aranges  0x00000000      0x1d0
 *(.debug_aranges)
 .debug_aranges
                0x00000000       0x30 src/ASF/common/services/clock/xmega/sysclk.o
 .debug_aranges
                0x00000030       0x20 src/ASF/common/services/ioport/xmega/ioport_compat.o
 .debug_aranges
                0x00000050       0x20 src/ASF/common/utils/stdio/read.o
 .debug_aranges
                0x00000070       0x20 src/ASF/common/utils/stdio/write.o
 .debug_aranges
                0x00000090       0x20 src/ASF/xmega/boards/xmega_a1_xplained/init.o
 .debug_aranges
                0x000000b0       0x58 src/ASF/xmega/drivers/usart/usart.o
 .debug_aranges
                0x00000108       0x28 src/drivers/data/data.o
 .debug_aranges
                0x00000130       0x28 src/drivers/LED/LED.o
 .debug_aranges
                0x00000158       0x30 src/drivers/uart/uart_comms.o
 .debug_aranges
                0x00000188       0x48 src/main.o

.debug_pubnames
 *(.debug_pubnames)

.debug_info     0x00000000     0x890a
 *(.debug_info .gnu.linkonce.wi.*)
 .debug_info    0x00000000      0x46d src/ASF/common/services/clock/xmega/sysclk.o
 .debug_info    0x0000046d      0x11d src/ASF/common/services/ioport/xmega/ioport_compat.o
 .debug_info    0x0000058a      0x119 src/ASF/common/utils/stdio/read.o
 .debug_info    0x000006a3      0x119 src/ASF/common/utils/stdio/write.o
 .debug_info    0x000007bc      0xc25 src/ASF/xmega/boards/xmega_a1_xplained/init.o
 .debug_info    0x000013e1     0x3287 src/ASF/xmega/drivers/usart/usart.o
 .debug_info    0x00004668      0x6d5 src/drivers/data/data.o
 .debug_info    0x00004d3d      0xab7 src/drivers/LED/LED.o
 .debug_info    0x000057f4      0x822 src/drivers/uart/uart_comms.o
 .debug_info    0x00006016     0x28f4 src/main.o

.debug_abbrev   0x00000000     0x134b
 *(.debug_abbrev)
 .debug_abbrev  0x00000000      0x1dd src/ASF/common/services/clock/xmega/sysclk.o
 .debug_abbrev  0x000001dd       0x93 src/ASF/common/services/ioport/xmega/ioport_compat.o
 .debug_abbrev  0x00000270       0xc5 src/ASF/common/utils/stdio/read.o
 .debug_abbrev  0x00000335       0xa7 src/ASF/common/utils/stdio/write.o
 .debug_abbrev  0x000003dc      0x160 src/ASF/xmega/boards/xmega_a1_xplained/init.o
 .debug_abbrev  0x0000053c      0x3df src/ASF/xmega/drivers/usart/usart.o
 .debug_abbrev  0x0000091b      0x278 src/drivers/data/data.o
 .debug_abbrev  0x00000b93      0x21c src/drivers/LED/LED.o
 .debug_abbrev  0x00000daf      0x2ac src/drivers/uart/uart_comms.o
 .debug_abbrev  0x0000105b      0x2f0 src/main.o

.debug_line     0x00000000     0x49ff
 *(.debug_line .debug_line.* .debug_line_end)
 .debug_line    0x00000000      0x542 src/ASF/common/services/clock/xmega/sysclk.o
 .debug_line    0x00000542      0x4b2 src/ASF/common/services/ioport/xmega/ioport_compat.o
 .debug_line    0x000009f4      0x3d2 src/ASF/common/utils/stdio/read.o
 .debug_line    0x00000dc6      0x3d9 src/ASF/common/utils/stdio/write.o
 .debug_line    0x0000119f      0x4d9 src/ASF/xmega/boards/xmega_a1_xplained/init.o
 .debug_line    0x00001678      0xd6a src/ASF/xmega/drivers/usart/usart.o
 .debug_line    0x000023e2      0x851 src/drivers/data/data.o
 .debug_line    0x00002c33      0x886 src/drivers/LED/LED.o
 .debug_line    0x000034b9      0x866 src/drivers/uart/uart_comms.o
 .debug_line    0x00003d1f      0xce0 src/main.o

.debug_frame    0x00000000      0x580
 *(.debug_frame)
 .debug_frame   0x00000000       0x44 src/ASF/common/services/clock/xmega/sysclk.o
 .debug_frame   0x00000044       0x30 src/ASF/common/services/ioport/xmega/ioport_compat.o
 .debug_frame   0x00000074       0x34 src/ASF/common/utils/stdio/read.o
 .debug_frame   0x000000a8       0x24 src/ASF/common/utils/stdio/write.o
 .debug_frame   0x000000cc       0x24 src/ASF/xmega/boards/xmega_a1_xplained/init.o
 .debug_frame   0x000000f0      0x148 src/ASF/xmega/drivers/usart/usart.o
 .debug_frame   0x00000238       0x9c src/drivers/data/data.o
 .debug_frame   0x000002d4       0x68 src/drivers/LED/LED.o
 .debug_frame   0x0000033c       0x60 src/drivers/uart/uart_comms.o
 .debug_frame   0x0000039c      0x1e4 src/main.o

.debug_str      0x00000000    0x2a002
 *(.debug_str)
 .debug_str     0x00000000    0x273f1 src/ASF/common/services/clock/xmega/sysclk.o
                              0x27bc5 (size before relaxing)
 .debug_str     0x000273f1      0x6c9 src/ASF/common/services/ioport/xmega/ioport_compat.o
                              0x2655b (size before relaxing)
 .debug_str     0x00027aba       0x3e src/ASF/common/utils/stdio/read.o
                              0x25ec2 (size before relaxing)
 .debug_str     0x00027af8       0x35 src/ASF/common/utils/stdio/write.o
                              0x25ec4 (size before relaxing)
 .debug_str     0x00027b2d      0x293 src/ASF/xmega/boards/xmega_a1_xplained/init.o
                              0x2777a (size before relaxing)
 .debug_str     0x00027dc0      0xe41 src/ASF/xmega/drivers/usart/usart.o
                              0x291b8 (size before relaxing)
 .debug_str     0x00028c01      0xe36 src/drivers/data/data.o
                              0x29153 (size before relaxing)
 .debug_str     0x00029a37       0x63 src/drivers/LED/LED.o
                              0x291b4 (size before relaxing)
 .debug_str     0x00029a9a       0x77 src/drivers/uart/uart_comms.o
                              0x290dd (size before relaxing)
 .debug_str     0x00029b11      0x4f1 src/main.o
                              0x29ac6 (size before relaxing)

.debug_loc      0x00000000     0x22d5
 *(.debug_loc)
 .debug_loc     0x00000000      0x17d src/ASF/common/services/clock/xmega/sysclk.o
 .debug_loc     0x0000017d       0x66 src/ASF/common/services/ioport/xmega/ioport_compat.o
 .debug_loc     0x000001e3       0x6e src/ASF/common/utils/stdio/read.o
 .debug_loc     0x00000251       0x52 src/ASF/common/utils/stdio/write.o
 .debug_loc     0x000002a3     0x10ba src/ASF/xmega/drivers/usart/usart.o
 .debug_loc     0x0000135d      0x24b src/drivers/data/data.o
 .debug_loc     0x000015a8      0x223 src/drivers/LED/LED.o
 .debug_loc     0x000017cb      0x119 src/drivers/uart/uart_comms.o
 .debug_loc     0x000018e4      0x9f1 src/main.o

.debug_macinfo
 *(.debug_macinfo)

.debug_weaknames
 *(.debug_weaknames)

.debug_funcnames
 *(.debug_funcnames)

.debug_typenames
 *(.debug_typenames)

.debug_varnames
 *(.debug_varnames)

.debug_pubtypes
 *(.debug_pubtypes)

.debug_ranges   0x00000000      0x1b0
 *(.debug_ranges)
 .debug_ranges  0x00000000       0x20 src/ASF/common/services/clock/xmega/sysclk.o
 .debug_ranges  0x00000020       0x10 src/ASF/common/services/ioport/xmega/ioport_compat.o
 .debug_ranges  0x00000030       0x10 src/ASF/common/utils/stdio/read.o
 .debug_ranges  0x00000040       0x10 src/ASF/common/utils/stdio/write.o
 .debug_ranges  0x00000050       0x10 src/ASF/xmega/boards/xmega_a1_xplained/init.o
 .debug_ranges  0x00000060       0x80 src/ASF/xmega/drivers/usart/usart.o
 .debug_ranges  0x000000e0       0x18 src/drivers/data/data.o
 .debug_ranges  0x000000f8       0x60 src/drivers/LED/LED.o
 .debug_ranges  0x00000158       0x20 src/drivers/uart/uart_comms.o
 .debug_ranges  0x00000178       0x38 src/main.o

.debug_macro    0x00000000     0xa100
 *(.debug_macro)
 .debug_macro   0x00000000      0x1d2 src/ASF/common/services/clock/xmega/sysclk.o
 .debug_macro   0x000001d2      0xa90 src/ASF/common/services/clock/xmega/sysclk.o
 .debug_macro   0x00000c62       0x10 src/ASF/common/services/clock/xmega/sysclk.o
 .debug_macro   0x00000c72      0x1ad src/ASF/common/services/clock/xmega/sysclk.o
 .debug_macro   0x00000e1f      0x293 src/ASF/common/services/clock/xmega/sysclk.o
 .debug_macro   0x000010b2       0x9e src/ASF/common/services/clock/xmega/sysclk.o
 .debug_macro   0x00001150     0x567e src/ASF/common/services/clock/xmega/sysclk.o
 .debug_macro   0x000067ce       0x9a src/ASF/common/services/clock/xmega/sysclk.o
 .debug_macro   0x00006868       0xf1 src/ASF/common/services/clock/xmega/sysclk.o
 .debug_macro   0x00006959       0x34 src/ASF/common/services/clock/xmega/sysclk.o
 .debug_macro   0x0000698d       0x10 src/ASF/common/services/clock/xmega/sysclk.o
 .debug_macro   0x0000699d       0x18 src/ASF/common/services/clock/xmega/sysclk.o
 .debug_macro   0x000069b5       0x5e src/ASF/common/services/clock/xmega/sysclk.o
 .debug_macro   0x00006a13       0x10 src/ASF/common/services/clock/xmega/sysclk.o
 .debug_macro   0x00006a23       0x22 src/ASF/common/services/clock/xmega/sysclk.o
 .debug_macro   0x00006a45      0x166 src/ASF/common/services/clock/xmega/sysclk.o
 .debug_macro   0x00006bab       0x1c src/ASF/common/services/clock/xmega/sysclk.o
 .debug_macro   0x00006bc7       0x35 src/ASF/common/services/clock/xmega/sysclk.o
 .debug_macro   0x00006bfc       0x66 src/ASF/common/services/clock/xmega/sysclk.o
 .debug_macro   0x00006c62      0x621 src/ASF/common/services/clock/xmega/sysclk.o
 .debug_macro   0x00007283       0x97 src/ASF/common/services/clock/xmega/sysclk.o
 .debug_macro   0x0000731a       0x17 src/ASF/common/services/clock/xmega/sysclk.o
 .debug_macro   0x00007331      0x250 src/ASF/common/services/clock/xmega/sysclk.o
 .debug_macro   0x00007581       0x76 src/ASF/common/services/clock/xmega/sysclk.o
 .debug_macro   0x000075f7       0x16 src/ASF/common/services/clock/xmega/sysclk.o
 .debug_macro   0x0000760d      0x6e3 src/ASF/common/services/clock/xmega/sysclk.o
 .debug_macro   0x00007cf0       0x10 src/ASF/common/services/clock/xmega/sysclk.o
 .debug_macro   0x00007d00      0x175 src/ASF/common/services/clock/xmega/sysclk.o
 .debug_macro   0x00007e75       0x40 src/ASF/common/services/clock/xmega/sysclk.o
 .debug_macro   0x00007eb5       0x69 src/ASF/common/services/clock/xmega/sysclk.o
 .debug_macro   0x00007f1e       0x32 src/ASF/common/services/clock/xmega/sysclk.o
 .debug_macro   0x00007f50       0xe4 src/ASF/common/services/clock/xmega/sysclk.o
 .debug_macro   0x00008034       0x1c src/ASF/common/services/clock/xmega/sysclk.o
 .debug_macro   0x00008050      0x279 src/ASF/common/services/clock/xmega/sysclk.o
 .debug_macro   0x000082c9      0x17c src/ASF/common/services/clock/xmega/sysclk.o
 .debug_macro   0x00008445       0x84 src/ASF/common/services/clock/xmega/sysclk.o
 .debug_macro   0x000084c9       0x2f src/ASF/common/services/clock/xmega/sysclk.o
 .debug_macro   0x000084f8      0x13f src/ASF/common/services/clock/xmega/sysclk.o
 .debug_macro   0x00008637      0x193 src/ASF/common/services/ioport/xmega/ioport_compat.o
 .debug_macro   0x000087ca       0x9a src/ASF/common/services/ioport/xmega/ioport_compat.o
 .debug_macro   0x00008864      0x109 src/ASF/common/services/ioport/xmega/ioport_compat.o
 .debug_macro   0x0000896d      0x16d src/ASF/common/utils/stdio/read.o
 .debug_macro   0x00008ada      0x16d src/ASF/common/utils/stdio/write.o
 .debug_macro   0x00008c47      0x1b5 src/ASF/xmega/boards/xmega_a1_xplained/init.o
 .debug_macro   0x00008dfc       0x34 src/ASF/xmega/boards/xmega_a1_xplained/init.o
 .debug_macro   0x00008e30      0x273 src/ASF/xmega/boards/xmega_a1_xplained/init.o
 .debug_macro   0x000090a3      0x21b src/ASF/xmega/drivers/usart/usart.o
 .debug_macro   0x000092be      0x299 src/ASF/xmega/drivers/usart/usart.o
 .debug_macro   0x00009557      0x2db src/drivers/data/data.o
 .debug_macro   0x00009832       0x16 src/drivers/data/data.o
 .debug_macro   0x00009848      0x2c3 src/drivers/LED/LED.o
 .debug_macro   0x00009b0b      0x2b9 src/drivers/uart/uart_comms.o
 .debug_macro   0x00009dc4      0x308 src/main.o
 .debug_macro   0x0000a0cc       0x34 src/main.o
OUTPUT(Physoon2016.elf elf32-avr)
LOAD linker stubs

.BOOT           0x00020000        0x0
